09:28:54 **** Rebuild of configuration Debug for project spaceinvader ****
Info: Internal Builder is used for build
arm-atollic-eabi-gcc -c ../Libraries/STM32F4xx_StdPeriph_Driver/src/stm32f4xx_dma.c -mthumb -mcpu=cortex-m4 -mfloat-abi=hard -mfpu=fpv4-sp-d16 -std=gnu11 -DSTM32F42_43xxx -DUSE_STDPERIPH_DRIVER -I../src -I../Libraries/CMSIS/Include -I../Libraries/Device/ST/STM32F4xx/Include -I../Libraries/STM32F4xx_StdPeriph_Driver/inc -O0 -ffunction-sections -fdata-sections -g -fstack-usage -Wall -specs=nano.specs -o Libraries/STM32F4xx_StdPeriph_Driver/src/stm32f4xx_dma.o 
arm-atollic-eabi-gcc -c ../Libraries/STM32F4xx_StdPeriph_Driver/src/stm32f4xx_tim.c -mthumb -mcpu=cortex-m4 -mfloat-abi=hard -mfpu=fpv4-sp-d16 -std=gnu11 -DSTM32F42_43xxx -DUSE_STDPERIPH_DRIVER -I../src -I../Libraries/CMSIS/Include -I../Libraries/Device/ST/STM32F4xx/Include -I../Libraries/STM32F4xx_StdPeriph_Driver/inc -O0 -ffunction-sections -fdata-sections -g -fstack-usage -Wall -specs=nano.specs -o Libraries/STM32F4xx_StdPeriph_Driver/src/stm32f4xx_tim.o 
arm-atollic-eabi-gcc -c ../Libraries/STM32F4xx_StdPeriph_Driver/src/stm32f4xx_hash_md5.c -mthumb -mcpu=cortex-m4 -mfloat-abi=hard -mfpu=fpv4-sp-d16 -std=gnu11 -DSTM32F42_43xxx -DUSE_STDPERIPH_DRIVER -I../src -I../Libraries/CMSIS/Include -I../Libraries/Device/ST/STM32F4xx/Include -I../Libraries/STM32F4xx_StdPeriph_Driver/inc -O0 -ffunction-sections -fdata-sections -g -fstack-usage -Wall -specs=nano.specs -o Libraries/STM32F4xx_StdPeriph_Driver/src/stm32f4xx_hash_md5.o 
arm-atollic-eabi-gcc -c ../Libraries/STM32F4xx_StdPeriph_Driver/src/stm32f4xx_wwdg.c -mthumb -mcpu=cortex-m4 -mfloat-abi=hard -mfpu=fpv4-sp-d16 -std=gnu11 -DSTM32F42_43xxx -DUSE_STDPERIPH_DRIVER -I../src -I../Libraries/CMSIS/Include -I../Libraries/Device/ST/STM32F4xx/Include -I../Libraries/STM32F4xx_StdPeriph_Driver/inc -O0 -ffunction-sections -fdata-sections -g -fstack-usage -Wall -specs=nano.specs -o Libraries/STM32F4xx_StdPeriph_Driver/src/stm32f4xx_wwdg.o 
arm-atollic-eabi-gcc -c ../Libraries/STM32F4xx_StdPeriph_Driver/src/stm32f4xx_dac.c -mthumb -mcpu=cortex-m4 -mfloat-abi=hard -mfpu=fpv4-sp-d16 -std=gnu11 -DSTM32F42_43xxx -DUSE_STDPERIPH_DRIVER -I../src -I../Libraries/CMSIS/Include -I../Libraries/Device/ST/STM32F4xx/Include -I../Libraries/STM32F4xx_StdPeriph_Driver/inc -O0 -ffunction-sections -fdata-sections -g -fstack-usage -Wall -specs=nano.specs -o Libraries/STM32F4xx_StdPeriph_Driver/src/stm32f4xx_dac.o 
arm-atollic-eabi-gcc -c ../Libraries/STM32F4xx_StdPeriph_Driver/src/stm32f4xx_sai.c -mthumb -mcpu=cortex-m4 -mfloat-abi=hard -mfpu=fpv4-sp-d16 -std=gnu11 -DSTM32F42_43xxx -DUSE_STDPERIPH_DRIVER -I../src -I../Libraries/CMSIS/Include -I../Libraries/Device/ST/STM32F4xx/Include -I../Libraries/STM32F4xx_StdPeriph_Driver/inc -O0 -ffunction-sections -fdata-sections -g -fstack-usage -Wall -specs=nano.specs -o Libraries/STM32F4xx_StdPeriph_Driver/src/stm32f4xx_sai.o 
arm-atollic-eabi-gcc -c ../Libraries/STM32F4xx_StdPeriph_Driver/src/stm32f4xx_cryp_des.c -mthumb -mcpu=cortex-m4 -mfloat-abi=hard -mfpu=fpv4-sp-d16 -std=gnu11 -DSTM32F42_43xxx -DUSE_STDPERIPH_DRIVER -I../src -I../Libraries/CMSIS/Include -I../Libraries/Device/ST/STM32F4xx/Include -I../Libraries/STM32F4xx_StdPeriph_Driver/inc -O0 -ffunction-sections -fdata-sections -g -fstack-usage -Wall -specs=nano.specs -o Libraries/STM32F4xx_StdPeriph_Driver/src/stm32f4xx_cryp_des.o 
arm-atollic-eabi-gcc -c ../Libraries/STM32F4xx_StdPeriph_Driver/src/stm32f4xx_cryp_tdes.c -mthumb -mcpu=cortex-m4 -mfloat-abi=hard -mfpu=fpv4-sp-d16 -std=gnu11 -DSTM32F42_43xxx -DUSE_STDPERIPH_DRIVER -I../src -I../Libraries/CMSIS/Include -I../Libraries/Device/ST/STM32F4xx/Include -I../Libraries/STM32F4xx_StdPeriph_Driver/inc -O0 -ffunction-sections -fdata-sections -g -fstack-usage -Wall -specs=nano.specs -o Libraries/STM32F4xx_StdPeriph_Driver/src/stm32f4xx_cryp_tdes.o 
arm-atollic-eabi-gcc -c ../src/main.c -mthumb -mcpu=cortex-m4 -mfloat-abi=hard -mfpu=fpv4-sp-d16 -std=gnu11 -DSTM32F42_43xxx -DUSE_STDPERIPH_DRIVER -I../src -I../Libraries/CMSIS/Include -I../Libraries/Device/ST/STM32F4xx/Include -I../Libraries/STM32F4xx_StdPeriph_Driver/inc -O0 -ffunction-sections -fdata-sections -g -fstack-usage -Wall -specs=nano.specs -o src/main.o 
arm-atollic-eabi-gcc -c ../Libraries/STM32F4xx_StdPeriph_Driver/src/stm32f4xx_cryp.c -mthumb -mcpu=cortex-m4 -mfloat-abi=hard -mfpu=fpv4-sp-d16 -std=gnu11 -DSTM32F42_43xxx -DUSE_STDPERIPH_DRIVER -I../src -I../Libraries/CMSIS/Include -I../Libraries/Device/ST/STM32F4xx/Include -I../Libraries/STM32F4xx_StdPeriph_Driver/inc -O0 -ffunction-sections -fdata-sections -g -fstack-usage -Wall -specs=nano.specs -o Libraries/STM32F4xx_StdPeriph_Driver/src/stm32f4xx_cryp.o 
arm-atollic-eabi-gcc -c ../Libraries/STM32F4xx_StdPeriph_Driver/src/stm32f4xx_rcc.c -mthumb -mcpu=cortex-m4 -mfloat-abi=hard -mfpu=fpv4-sp-d16 -std=gnu11 -DSTM32F42_43xxx -DUSE_STDPERIPH_DRIVER -I../src -I../Libraries/CMSIS/Include -I../Libraries/Device/ST/STM32F4xx/Include -I../Libraries/STM32F4xx_StdPeriph_Driver/inc -O0 -ffunction-sections -fdata-sections -g -fstack-usage -Wall -specs=nano.specs -o Libraries/STM32F4xx_StdPeriph_Driver/src/stm32f4xx_rcc.o 
arm-atollic-eabi-gcc -c ../Libraries/STM32F4xx_StdPeriph_Driver/src/stm32f4xx_dma2d.c -mthumb -mcpu=cortex-m4 -mfloat-abi=hard -mfpu=fpv4-sp-d16 -std=gnu11 -DSTM32F42_43xxx -DUSE_STDPERIPH_DRIVER -I../src -I../Libraries/CMSIS/Include -I../Libraries/Device/ST/STM32F4xx/Include -I../Libraries/STM32F4xx_StdPeriph_Driver/inc -O0 -ffunction-sections -fdata-sections -g -fstack-usage -Wall -specs=nano.specs -o Libraries/STM32F4xx_StdPeriph_Driver/src/stm32f4xx_dma2d.o 
arm-atollic-eabi-gcc -c ../Libraries/STM32F4xx_StdPeriph_Driver/src/stm32f4xx_rtc.c -mthumb -mcpu=cortex-m4 -mfloat-abi=hard -mfpu=fpv4-sp-d16 -std=gnu11 -DSTM32F42_43xxx -DUSE_STDPERIPH_DRIVER -I../src -I../Libraries/CMSIS/Include -I../Libraries/Device/ST/STM32F4xx/Include -I../Libraries/STM32F4xx_StdPeriph_Driver/inc -O0 -ffunction-sections -fdata-sections -g -fstack-usage -Wall -specs=nano.specs -o Libraries/STM32F4xx_StdPeriph_Driver/src/stm32f4xx_rtc.o 
arm-atollic-eabi-gcc -c ../Libraries/STM32F4xx_StdPeriph_Driver/src/stm32f4xx_iwdg.c -mthumb -mcpu=cortex-m4 -mfloat-abi=hard -mfpu=fpv4-sp-d16 -std=gnu11 -DSTM32F42_43xxx -DUSE_STDPERIPH_DRIVER -I../src -I../Libraries/CMSIS/Include -I../Libraries/Device/ST/STM32F4xx/Include -I../Libraries/STM32F4xx_StdPeriph_Driver/inc -O0 -ffunction-sections -fdata-sections -g -fstack-usage -Wall -specs=nano.specs -o Libraries/STM32F4xx_StdPeriph_Driver/src/stm32f4xx_iwdg.o 
arm-atollic-eabi-gcc -c ../Libraries/STM32F4xx_StdPeriph_Driver/src/stm32f4xx_sdio.c -mthumb -mcpu=cortex-m4 -mfloat-abi=hard -mfpu=fpv4-sp-d16 -std=gnu11 -DSTM32F42_43xxx -DUSE_STDPERIPH_DRIVER -I../src -I../Libraries/CMSIS/Include -I../Libraries/Device/ST/STM32F4xx/Include -I../Libraries/STM32F4xx_StdPeriph_Driver/inc -O0 -ffunction-sections -fdata-sections -g -fstack-usage -Wall -specs=nano.specs -o Libraries/STM32F4xx_StdPeriph_Driver/src/stm32f4xx_sdio.o 
arm-atollic-eabi-gcc -c ../Libraries/STM32F4xx_StdPeriph_Driver/src/stm32f4xx_spi.c -mthumb -mcpu=cortex-m4 -mfloat-abi=hard -mfpu=fpv4-sp-d16 -std=gnu11 -DSTM32F42_43xxx -DUSE_STDPERIPH_DRIVER -I../src -I../Libraries/CMSIS/Include -I../Libraries/Device/ST/STM32F4xx/Include -I../Libraries/STM32F4xx_StdPeriph_Driver/inc -O0 -ffunction-sections -fdata-sections -g -fstack-usage -Wall -specs=nano.specs -o Libraries/STM32F4xx_StdPeriph_Driver/src/stm32f4xx_spi.o 
arm-atollic-eabi-gcc -c ../Libraries/STM32F4xx_StdPeriph_Driver/src/stm32f4xx_hash.c -mthumb -mcpu=cortex-m4 -mfloat-abi=hard -mfpu=fpv4-sp-d16 -std=gnu11 -DSTM32F42_43xxx -DUSE_STDPERIPH_DRIVER -I../src -I../Libraries/CMSIS/Include -I../Libraries/Device/ST/STM32F4xx/Include -I../Libraries/STM32F4xx_StdPeriph_Driver/inc -O0 -ffunction-sections -fdata-sections -g -fstack-usage -Wall -specs=nano.specs -o Libraries/STM32F4xx_StdPeriph_Driver/src/stm32f4xx_hash.o 
arm-atollic-eabi-gcc -c ../src/stm32f4xx_it.c -mthumb -mcpu=cortex-m4 -mfloat-abi=hard -mfpu=fpv4-sp-d16 -std=gnu11 -DSTM32F42_43xxx -DUSE_STDPERIPH_DRIVER -I../src -I../Libraries/CMSIS/Include -I../Libraries/Device/ST/STM32F4xx/Include -I../Libraries/STM32F4xx_StdPeriph_Driver/inc -O0 -ffunction-sections -fdata-sections -g -fstack-usage -Wall -specs=nano.specs -o src/stm32f4xx_it.o 
arm-atollic-eabi-gcc -c ../Libraries/STM32F4xx_StdPeriph_Driver/src/stm32f4xx_dbgmcu.c -mthumb -mcpu=cortex-m4 -mfloat-abi=hard -mfpu=fpv4-sp-d16 -std=gnu11 -DSTM32F42_43xxx -DUSE_STDPERIPH_DRIVER -I../src -I../Libraries/CMSIS/Include -I../Libraries/Device/ST/STM32F4xx/Include -I../Libraries/STM32F4xx_StdPeriph_Driver/inc -O0 -ffunction-sections -fdata-sections -g -fstack-usage -Wall -specs=nano.specs -o Libraries/STM32F4xx_StdPeriph_Driver/src/stm32f4xx_dbgmcu.o 
arm-atollic-eabi-gcc -c ../Libraries/STM32F4xx_StdPeriph_Driver/src/stm32f4xx_i2c.c -mthumb -mcpu=cortex-m4 -mfloat-abi=hard -mfpu=fpv4-sp-d16 -std=gnu11 -DSTM32F42_43xxx -DUSE_STDPERIPH_DRIVER -I../src -I../Libraries/CMSIS/Include -I../Libraries/Device/ST/STM32F4xx/Include -I../Libraries/STM32F4xx_StdPeriph_Driver/inc -O0 -ffunction-sections -fdata-sections -g -fstack-usage -Wall -specs=nano.specs -o Libraries/STM32F4xx_StdPeriph_Driver/src/stm32f4xx_i2c.o 
arm-atollic-eabi-gcc -c ../Libraries/STM32F4xx_StdPeriph_Driver/src/stm32f4xx_usart.c -mthumb -mcpu=cortex-m4 -mfloat-abi=hard -mfpu=fpv4-sp-d16 -std=gnu11 -DSTM32F42_43xxx -DUSE_STDPERIPH_DRIVER -I../src -I../Libraries/CMSIS/Include -I../Libraries/Device/ST/STM32F4xx/Include -I../Libraries/STM32F4xx_StdPeriph_Driver/inc -O0 -ffunction-sections -fdata-sections -g -fstack-usage -Wall -specs=nano.specs -o Libraries/STM32F4xx_StdPeriph_Driver/src/stm32f4xx_usart.o 
arm-atollic-eabi-gcc -c ../Libraries/STM32F4xx_StdPeriph_Driver/src/stm32f4xx_fmc.c -mthumb -mcpu=cortex-m4 -mfloat-abi=hard -mfpu=fpv4-sp-d16 -std=gnu11 -DSTM32F42_43xxx -DUSE_STDPERIPH_DRIVER -I../src -I../Libraries/CMSIS/Include -I../Libraries/Device/ST/STM32F4xx/Include -I../Libraries/STM32F4xx_StdPeriph_Driver/inc -O0 -ffunction-sections -fdata-sections -g -fstack-usage -Wall -specs=nano.specs -o Libraries/STM32F4xx_StdPeriph_Driver/src/stm32f4xx_fmc.o 
arm-atollic-eabi-gcc -c ../Libraries/STM32F4xx_StdPeriph_Driver/src/stm32f4xx_cryp_aes.c -mthumb -mcpu=cortex-m4 -mfloat-abi=hard -mfpu=fpv4-sp-d16 -std=gnu11 -DSTM32F42_43xxx -DUSE_STDPERIPH_DRIVER -I../src -I../Libraries/CMSIS/Include -I../Libraries/Device/ST/STM32F4xx/Include -I../Libraries/STM32F4xx_StdPeriph_Driver/inc -O0 -ffunction-sections -fdata-sections -g -fstack-usage -Wall -specs=nano.specs -o Libraries/STM32F4xx_StdPeriph_Driver/src/stm32f4xx_cryp_aes.o 
arm-atollic-eabi-gcc -c ../src/system_stm32f4xx.c -mthumb -mcpu=cortex-m4 -mfloat-abi=hard -mfpu=fpv4-sp-d16 -std=gnu11 -DSTM32F42_43xxx -DUSE_STDPERIPH_DRIVER -I../src -I../Libraries/CMSIS/Include -I../Libraries/Device/ST/STM32F4xx/Include -I../Libraries/STM32F4xx_StdPeriph_Driver/inc -O0 -ffunction-sections -fdata-sections -g -fstack-usage -Wall -specs=nano.specs -o src/system_stm32f4xx.o 
../src/system_stm32f4xx.c: In function 'SetSysClock':
../src/system_stm32f4xx.c:550:5: warning: this 'while' clause does not guard... [-Wmisleading-indentation]
     while ((RCC->CFGR & (uint32_t)RCC_CFGR_SWS ) != RCC_CFGR_SWS_PLL);
     ^~~~~
../src/system_stm32f4xx.c:551:5: note: ...this statement, but the latter is misleadingly indented as if it is guarded by the 'while'
     {
     ^
arm-atollic-eabi-gcc -c ../Libraries/STM32F4xx_StdPeriph_Driver/src/stm32f4xx_gpio.c -mthumb -mcpu=cortex-m4 -mfloat-abi=hard -mfpu=fpv4-sp-d16 -std=gnu11 -DSTM32F42_43xxx -DUSE_STDPERIPH_DRIVER -I../src -I../Libraries/CMSIS/Include -I../Libraries/Device/ST/STM32F4xx/Include -I../Libraries/STM32F4xx_StdPeriph_Driver/inc -O0 -ffunction-sections -fdata-sections -g -fstack-usage -Wall -specs=nano.specs -o Libraries/STM32F4xx_StdPeriph_Driver/src/stm32f4xx_gpio.o 
arm-atollic-eabi-gcc -c ../Libraries/STM32F4xx_StdPeriph_Driver/src/stm32f4xx_hash_sha1.c -mthumb -mcpu=cortex-m4 -mfloat-abi=hard -mfpu=fpv4-sp-d16 -std=gnu11 -DSTM32F42_43xxx -DUSE_STDPERIPH_DRIVER -I../src -I../Libraries/CMSIS/Include -I../Libraries/Device/ST/STM32F4xx/Include -I../Libraries/STM32F4xx_StdPeriph_Driver/inc -O0 -ffunction-sections -fdata-sections -g -fstack-usage -Wall -specs=nano.specs -o Libraries/STM32F4xx_StdPeriph_Driver/src/stm32f4xx_hash_sha1.o 
arm-atollic-eabi-gcc -c ../Libraries/STM32F4xx_StdPeriph_Driver/src/stm32f4xx_pwr.c -mthumb -mcpu=cortex-m4 -mfloat-abi=hard -mfpu=fpv4-sp-d16 -std=gnu11 -DSTM32F42_43xxx -DUSE_STDPERIPH_DRIVER -I../src -I../Libraries/CMSIS/Include -I../Libraries/Device/ST/STM32F4xx/Include -I../Libraries/STM32F4xx_StdPeriph_Driver/inc -O0 -ffunction-sections -fdata-sections -g -fstack-usage -Wall -specs=nano.specs -o Libraries/STM32F4xx_StdPeriph_Driver/src/stm32f4xx_pwr.o 
arm-atollic-eabi-gcc -c ../Libraries/STM32F4xx_StdPeriph_Driver/src/stm32f4xx_syscfg.c -mthumb -mcpu=cortex-m4 -mfloat-abi=hard -mfpu=fpv4-sp-d16 -std=gnu11 -DSTM32F42_43xxx -DUSE_STDPERIPH_DRIVER -I../src -I../Libraries/CMSIS/Include -I../Libraries/Device/ST/STM32F4xx/Include -I../Libraries/STM32F4xx_StdPeriph_Driver/inc -O0 -ffunction-sections -fdata-sections -g -fstack-usage -Wall -specs=nano.specs -o Libraries/STM32F4xx_StdPeriph_Driver/src/stm32f4xx_syscfg.o 
arm-atollic-eabi-gcc -c ../Libraries/STM32F4xx_StdPeriph_Driver/src/misc.c -mthumb -mcpu=cortex-m4 -mfloat-abi=hard -mfpu=fpv4-sp-d16 -std=gnu11 -DSTM32F42_43xxx -DUSE_STDPERIPH_DRIVER -I../src -I../Libraries/CMSIS/Include -I../Libraries/Device/ST/STM32F4xx/Include -I../Libraries/STM32F4xx_StdPeriph_Driver/inc -O0 -ffunction-sections -fdata-sections -g -fstack-usage -Wall -specs=nano.specs -o Libraries/STM32F4xx_StdPeriph_Driver/src/misc.o 
arm-atollic-eabi-gcc -c ../Libraries/STM32F4xx_StdPeriph_Driver/src/stm32f4xx_dcmi.c -mthumb -mcpu=cortex-m4 -mfloat-abi=hard -mfpu=fpv4-sp-d16 -std=gnu11 -DSTM32F42_43xxx -DUSE_STDPERIPH_DRIVER -I../src -I../Libraries/CMSIS/Include -I../Libraries/Device/ST/STM32F4xx/Include -I../Libraries/STM32F4xx_StdPeriph_Driver/inc -O0 -ffunction-sections -fdata-sections -g -fstack-usage -Wall -specs=nano.specs -o Libraries/STM32F4xx_StdPeriph_Driver/src/stm32f4xx_dcmi.o 
arm-atollic-eabi-gcc -c ../Libraries/STM32F4xx_StdPeriph_Driver/src/stm32f4xx_ltdc.c -mthumb -mcpu=cortex-m4 -mfloat-abi=hard -mfpu=fpv4-sp-d16 -std=gnu11 -DSTM32F42_43xxx -DUSE_STDPERIPH_DRIVER -I../src -I../Libraries/CMSIS/Include -I../Libraries/Device/ST/STM32F4xx/Include -I../Libraries/STM32F4xx_StdPeriph_Driver/inc -O0 -ffunction-sections -fdata-sections -g -fstack-usage -Wall -specs=nano.specs -o Libraries/STM32F4xx_StdPeriph_Driver/src/stm32f4xx_ltdc.o 
arm-atollic-eabi-gcc -c ../Libraries/STM32F4xx_StdPeriph_Driver/src/stm32f4xx_crc.c -mthumb -mcpu=cortex-m4 -mfloat-abi=hard -mfpu=fpv4-sp-d16 -std=gnu11 -DSTM32F42_43xxx -DUSE_STDPERIPH_DRIVER -I../src -I../Libraries/CMSIS/Include -I../Libraries/Device/ST/STM32F4xx/Include -I../Libraries/STM32F4xx_StdPeriph_Driver/inc -O0 -ffunction-sections -fdata-sections -g -fstack-usage -Wall -specs=nano.specs -o Libraries/STM32F4xx_StdPeriph_Driver/src/stm32f4xx_crc.o 
arm-atollic-eabi-gcc -c ../Libraries/STM32F4xx_StdPeriph_Driver/src/stm32f4xx_adc.c -mthumb -mcpu=cortex-m4 -mfloat-abi=hard -mfpu=fpv4-sp-d16 -std=gnu11 -DSTM32F42_43xxx -DUSE_STDPERIPH_DRIVER -I../src -I../Libraries/CMSIS/Include -I../Libraries/Device/ST/STM32F4xx/Include -I../Libraries/STM32F4xx_StdPeriph_Driver/inc -O0 -ffunction-sections -fdata-sections -g -fstack-usage -Wall -specs=nano.specs -o Libraries/STM32F4xx_StdPeriph_Driver/src/stm32f4xx_adc.o 
arm-atollic-eabi-gcc -c -mthumb -mcpu=cortex-m4 -mfloat-abi=hard -mfpu=fpv4-sp-d16 -DSTM32F42_43xxx -DUSE_STDPERIPH_DRIVER -I../src -I../Libraries/CMSIS/Include -I../Libraries/Device/ST/STM32F4xx/Include -I../Libraries/STM32F4xx_StdPeriph_Driver/inc -g -Wa,--warn -x assembler-with-cpp -specs=nano.specs -o src/startup_stm32f429x.o ../src/startup_stm32f429x.s 
arm-atollic-eabi-gcc -c ../Libraries/STM32F4xx_StdPeriph_Driver/src/stm32f4xx_exti.c -mthumb -mcpu=cortex-m4 -mfloat-abi=hard -mfpu=fpv4-sp-d16 -std=gnu11 -DSTM32F42_43xxx -DUSE_STDPERIPH_DRIVER -I../src -I../Libraries/CMSIS/Include -I../Libraries/Device/ST/STM32F4xx/Include -I../Libraries/STM32F4xx_StdPeriph_Driver/inc -O0 -ffunction-sections -fdata-sections -g -fstack-usage -Wall -specs=nano.specs -o Libraries/STM32F4xx_StdPeriph_Driver/src/stm32f4xx_exti.o 
arm-atollic-eabi-gcc -c ../Libraries/STM32F4xx_StdPeriph_Driver/src/stm32f4xx_can.c -mthumb -mcpu=cortex-m4 -mfloat-abi=hard -mfpu=fpv4-sp-d16 -std=gnu11 -DSTM32F42_43xxx -DUSE_STDPERIPH_DRIVER -I../src -I../Libraries/CMSIS/Include -I../Libraries/Device/ST/STM32F4xx/Include -I../Libraries/STM32F4xx_StdPeriph_Driver/inc -O0 -ffunction-sections -fdata-sections -g -fstack-usage -Wall -specs=nano.specs -o Libraries/STM32F4xx_StdPeriph_Driver/src/stm32f4xx_can.o 
arm-atollic-eabi-gcc -c ../Libraries/STM32F4xx_StdPeriph_Driver/src/stm32f4xx_flash.c -mthumb -mcpu=cortex-m4 -mfloat-abi=hard -mfpu=fpv4-sp-d16 -std=gnu11 -DSTM32F42_43xxx -DUSE_STDPERIPH_DRIVER -I../src -I../Libraries/CMSIS/Include -I../Libraries/Device/ST/STM32F4xx/Include -I../Libraries/STM32F4xx_StdPeriph_Driver/inc -O0 -ffunction-sections -fdata-sections -g -fstack-usage -Wall -specs=nano.specs -o Libraries/STM32F4xx_StdPeriph_Driver/src/stm32f4xx_flash.o 
arm-atollic-eabi-gcc -c ../Libraries/STM32F4xx_StdPeriph_Driver/src/stm32f4xx_rng.c -mthumb -mcpu=cortex-m4 -mfloat-abi=hard -mfpu=fpv4-sp-d16 -std=gnu11 -DSTM32F42_43xxx -DUSE_STDPERIPH_DRIVER -I../src -I../Libraries/CMSIS/Include -I../Libraries/Device/ST/STM32F4xx/Include -I../Libraries/STM32F4xx_StdPeriph_Driver/inc -O0 -ffunction-sections -fdata-sections -g -fstack-usage -Wall -specs=nano.specs -o Libraries/STM32F4xx_StdPeriph_Driver/src/stm32f4xx_rng.o 
arm-atollic-eabi-gcc -c ../src/tiny_printf.c -mthumb -mcpu=cortex-m4 -mfloat-abi=hard -mfpu=fpv4-sp-d16 -std=gnu11 -DSTM32F42_43xxx -DUSE_STDPERIPH_DRIVER -I../src -I../Libraries/CMSIS/Include -I../Libraries/Device/ST/STM32F4xx/Include -I../Libraries/STM32F4xx_StdPeriph_Driver/inc -O0 -ffunction-sections -fdata-sections -g -fstack-usage -Wall -specs=nano.specs -o src/tiny_printf.o 
arm-atollic-eabi-gcc -o spaceinvader.elf Libraries/STM32F4xx_StdPeriph_Driver/src/misc.o Libraries/STM32F4xx_StdPeriph_Driver/src/stm32f4xx_adc.o Libraries/STM32F4xx_StdPeriph_Driver/src/stm32f4xx_can.o Libraries/STM32F4xx_StdPeriph_Driver/src/stm32f4xx_crc.o Libraries/STM32F4xx_StdPeriph_Driver/src/stm32f4xx_cryp.o Libraries/STM32F4xx_StdPeriph_Driver/src/stm32f4xx_cryp_aes.o Libraries/STM32F4xx_StdPeriph_Driver/src/stm32f4xx_cryp_des.o Libraries/STM32F4xx_StdPeriph_Driver/src/stm32f4xx_cryp_tdes.o Libraries/STM32F4xx_StdPeriph_Driver/src/stm32f4xx_dac.o Libraries/STM32F4xx_StdPeriph_Driver/src/stm32f4xx_dbgmcu.o Libraries/STM32F4xx_StdPeriph_Driver/src/stm32f4xx_dcmi.o Libraries/STM32F4xx_StdPeriph_Driver/src/stm32f4xx_dma.o Libraries/STM32F4xx_StdPeriph_Driver/src/stm32f4xx_dma2d.o Libraries/STM32F4xx_StdPeriph_Driver/src/stm32f4xx_exti.o Libraries/STM32F4xx_StdPeriph_Driver/src/stm32f4xx_flash.o Libraries/STM32F4xx_StdPeriph_Driver/src/stm32f4xx_fmc.o Libraries/STM32F4xx_StdPeriph_Driver/src/stm32f4xx_gpio.o Libraries/STM32F4xx_StdPeriph_Driver/src/stm32f4xx_hash.o Libraries/STM32F4xx_StdPeriph_Driver/src/stm32f4xx_hash_md5.o Libraries/STM32F4xx_StdPeriph_Driver/src/stm32f4xx_hash_sha1.o Libraries/STM32F4xx_StdPeriph_Driver/src/stm32f4xx_i2c.o Libraries/STM32F4xx_StdPeriph_Driver/src/stm32f4xx_iwdg.o Libraries/STM32F4xx_StdPeriph_Driver/src/stm32f4xx_ltdc.o Libraries/STM32F4xx_StdPeriph_Driver/src/stm32f4xx_pwr.o Libraries/STM32F4xx_StdPeriph_Driver/src/stm32f4xx_rcc.o Libraries/STM32F4xx_StdPeriph_Driver/src/stm32f4xx_rng.o Libraries/STM32F4xx_StdPeriph_Driver/src/stm32f4xx_rtc.o Libraries/STM32F4xx_StdPeriph_Driver/src/stm32f4xx_sai.o Libraries/STM32F4xx_StdPeriph_Driver/src/stm32f4xx_sdio.o Libraries/STM32F4xx_StdPeriph_Driver/src/stm32f4xx_spi.o Libraries/STM32F4xx_StdPeriph_Driver/src/stm32f4xx_syscfg.o Libraries/STM32F4xx_StdPeriph_Driver/src/stm32f4xx_tim.o Libraries/STM32F4xx_StdPeriph_Driver/src/stm32f4xx_usart.o Libraries/STM32F4xx_StdPeriph_Driver/src/stm32f4xx_wwdg.o src/main.o src/startup_stm32f429x.o src/stm32f4xx_it.o src/system_stm32f4xx.o src/tiny_printf.o -mthumb -mcpu=cortex-m4 -mfloat-abi=hard -mfpu=fpv4-sp-d16 -T../stm32f4_flash.ld -specs=nosys.specs -static -Wl,-cref,-u,Reset_Handler -Wl,-Map=spaceinvader.map -Wl,--gc-sections -Wl,--defsym=malloc_getpagesize_P=0x80 -Wl,--start-group -lc -lm -Wl,--end-group -specs=nano.specs 
/opt/Atollic_TrueSTUDIO_for_STM32_x86_64_9.3.0/ide/jre/bin/java -jar /opt/Atollic_TrueSTUDIO_for_STM32_x86_64_9.3.0/Tools/arm-atollic-reports.jar sizeinfo list spaceinvader.elf 
Generate build reports...
Print size information
   text	   data	    bss	    dec	    hex	filename
   1140	      8	   1052	   2200	    898	spaceinvader.elf
Print size information done
Generate listing file
Output sent to: spaceinvader.list
Generate listing file done
Generate build reports done
09:33:23 **** Incremental Build of configuration Debug for project spaceinvader ****
Info: Internal Builder is used for build
arm-atollic-eabi-gcc -c ../src/serial.c -mthumb -mcpu=cortex-m4 -mfloat-abi=hard -mfpu=fpv4-sp-d16 -std=gnu11 -DSTM32F42_43xxx -DUSE_STDPERIPH_DRIVER -I../src -I../Libraries/CMSIS/Include -I../Libraries/Device/ST/STM32F4xx/Include -I../Libraries/STM32F4xx_StdPeriph_Driver/inc -O0 -ffunction-sections -fdata-sections -g -fstack-usage -Wall -specs=nano.specs -o src/serial.o 
arm-atollic-eabi-gcc -c ../src/vt100.c -mthumb -mcpu=cortex-m4 -mfloat-abi=hard -mfpu=fpv4-sp-d16 -std=gnu11 -DSTM32F42_43xxx -DUSE_STDPERIPH_DRIVER -I../src -I../Libraries/CMSIS/Include -I../Libraries/Device/ST/STM32F4xx/Include -I../Libraries/STM32F4xx_StdPeriph_Driver/inc -O0 -ffunction-sections -fdata-sections -g -fstack-usage -Wall -specs=nano.specs -o src/vt100.o 
arm-atollic-eabi-gcc -o spaceinvader.elf Libraries/STM32F4xx_StdPeriph_Driver/src/misc.o Libraries/STM32F4xx_StdPeriph_Driver/src/stm32f4xx_adc.o Libraries/STM32F4xx_StdPeriph_Driver/src/stm32f4xx_can.o Libraries/STM32F4xx_StdPeriph_Driver/src/stm32f4xx_crc.o Libraries/STM32F4xx_StdPeriph_Driver/src/stm32f4xx_cryp.o Libraries/STM32F4xx_StdPeriph_Driver/src/stm32f4xx_cryp_aes.o Libraries/STM32F4xx_StdPeriph_Driver/src/stm32f4xx_cryp_des.o Libraries/STM32F4xx_StdPeriph_Driver/src/stm32f4xx_cryp_tdes.o Libraries/STM32F4xx_StdPeriph_Driver/src/stm32f4xx_dac.o Libraries/STM32F4xx_StdPeriph_Driver/src/stm32f4xx_dbgmcu.o Libraries/STM32F4xx_StdPeriph_Driver/src/stm32f4xx_dcmi.o Libraries/STM32F4xx_StdPeriph_Driver/src/stm32f4xx_dma.o Libraries/STM32F4xx_StdPeriph_Driver/src/stm32f4xx_dma2d.o Libraries/STM32F4xx_StdPeriph_Driver/src/stm32f4xx_exti.o Libraries/STM32F4xx_StdPeriph_Driver/src/stm32f4xx_flash.o Libraries/STM32F4xx_StdPeriph_Driver/src/stm32f4xx_fmc.o Libraries/STM32F4xx_StdPeriph_Driver/src/stm32f4xx_gpio.o Libraries/STM32F4xx_StdPeriph_Driver/src/stm32f4xx_hash.o Libraries/STM32F4xx_StdPeriph_Driver/src/stm32f4xx_hash_md5.o Libraries/STM32F4xx_StdPeriph_Driver/src/stm32f4xx_hash_sha1.o Libraries/STM32F4xx_StdPeriph_Driver/src/stm32f4xx_i2c.o Libraries/STM32F4xx_StdPeriph_Driver/src/stm32f4xx_iwdg.o Libraries/STM32F4xx_StdPeriph_Driver/src/stm32f4xx_ltdc.o Libraries/STM32F4xx_StdPeriph_Driver/src/stm32f4xx_pwr.o Libraries/STM32F4xx_StdPeriph_Driver/src/stm32f4xx_rcc.o Libraries/STM32F4xx_StdPeriph_Driver/src/stm32f4xx_rng.o Libraries/STM32F4xx_StdPeriph_Driver/src/stm32f4xx_rtc.o Libraries/STM32F4xx_StdPeriph_Driver/src/stm32f4xx_sai.o Libraries/STM32F4xx_StdPeriph_Driver/src/stm32f4xx_sdio.o Libraries/STM32F4xx_StdPeriph_Driver/src/stm32f4xx_spi.o Libraries/STM32F4xx_StdPeriph_Driver/src/stm32f4xx_syscfg.o Libraries/STM32F4xx_StdPeriph_Driver/src/stm32f4xx_tim.o Libraries/STM32F4xx_StdPeriph_Driver/src/stm32f4xx_usart.o Libraries/STM32F4xx_StdPeriph_Driver/src/stm32f4xx_wwdg.o src/main.o src/serial.o src/startup_stm32f429x.o src/stm32f4xx_it.o src/system_stm32f4xx.o src/tiny_printf.o src/vt100.o -mthumb -mcpu=cortex-m4 -mfloat-abi=hard -mfpu=fpv4-sp-d16 -T../stm32f4_flash.ld -specs=nosys.specs -static -Wl,-cref,-u,Reset_Handler -Wl,-Map=spaceinvader.map -Wl,--gc-sections -Wl,--defsym=malloc_getpagesize_P=0x80 -Wl,--start-group -lc -lm -Wl,--end-group -specs=nano.specs 
/opt/Atollic_TrueSTUDIO_for_STM32_x86_64_9.3.0/ide/jre/bin/java -jar /opt/Atollic_TrueSTUDIO_for_STM32_x86_64_9.3.0/Tools/arm-atollic-reports.jar sizeinfo list spaceinvader.elf 
Generate build reports...
Print size information
   text	   data	    bss	    dec	    hex	filename
   1416	     12	   1056	   2484	    9b4	spaceinvader.elf
Print size information done
Generate listing file
Output sent to: spaceinvader.list
Generate listing file done
Generate build reports done
14:18:59 **** Rebuild of configuration Debug for project spaceinvader ****
Info: Internal Builder is used for build
arm-atollic-eabi-gcc -c ../Libraries/STM32F4xx_StdPeriph_Driver/src/stm32f4xx_rtc.c -mthumb -mcpu=cortex-m4 -mfloat-abi=hard -mfpu=fpv4-sp-d16 -std=gnu11 -DSTM32F42_43xxx -DUSE_STDPERIPH_DRIVER -I../src -I../Libraries/CMSIS/Include -I../Libraries/Device/ST/STM32F4xx/Include -I../Libraries/STM32F4xx_StdPeriph_Driver/inc -O0 -ffunction-sections -fdata-sections -g -fstack-usage -Wall -specs=nano.specs -o Libraries/STM32F4xx_StdPeriph_Driver/src/stm32f4xx_rtc.o 
arm-atollic-eabi-gcc -c ../Libraries/STM32F4xx_StdPeriph_Driver/src/stm32f4xx_sdio.c -mthumb -mcpu=cortex-m4 -mfloat-abi=hard -mfpu=fpv4-sp-d16 -std=gnu11 -DSTM32F42_43xxx -DUSE_STDPERIPH_DRIVER -I../src -I../Libraries/CMSIS/Include -I../Libraries/Device/ST/STM32F4xx/Include -I../Libraries/STM32F4xx_StdPeriph_Driver/inc -O0 -ffunction-sections -fdata-sections -g -fstack-usage -Wall -specs=nano.specs -o Libraries/STM32F4xx_StdPeriph_Driver/src/stm32f4xx_sdio.o 
arm-atollic-eabi-gcc -c ../Libraries/STM32F4xx_StdPeriph_Driver/src/stm32f4xx_wwdg.c -mthumb -mcpu=cortex-m4 -mfloat-abi=hard -mfpu=fpv4-sp-d16 -std=gnu11 -DSTM32F42_43xxx -DUSE_STDPERIPH_DRIVER -I../src -I../Libraries/CMSIS/Include -I../Libraries/Device/ST/STM32F4xx/Include -I../Libraries/STM32F4xx_StdPeriph_Driver/inc -O0 -ffunction-sections -fdata-sections -g -fstack-usage -Wall -specs=nano.specs -o Libraries/STM32F4xx_StdPeriph_Driver/src/stm32f4xx_wwdg.o 
arm-atollic-eabi-gcc -c ../Libraries/STM32F4xx_StdPeriph_Driver/src/stm32f4xx_crc.c -mthumb -mcpu=cortex-m4 -mfloat-abi=hard -mfpu=fpv4-sp-d16 -std=gnu11 -DSTM32F42_43xxx -DUSE_STDPERIPH_DRIVER -I../src -I../Libraries/CMSIS/Include -I../Libraries/Device/ST/STM32F4xx/Include -I../Libraries/STM32F4xx_StdPeriph_Driver/inc -O0 -ffunction-sections -fdata-sections -g -fstack-usage -Wall -specs=nano.specs -o Libraries/STM32F4xx_StdPeriph_Driver/src/stm32f4xx_crc.o 
arm-atollic-eabi-gcc -c -mthumb -mcpu=cortex-m4 -mfloat-abi=hard -mfpu=fpv4-sp-d16 -DSTM32F42_43xxx -DUSE_STDPERIPH_DRIVER -I../src -I../Libraries/CMSIS/Include -I../Libraries/Device/ST/STM32F4xx/Include -I../Libraries/STM32F4xx_StdPeriph_Driver/inc -g -Wa,--warn -x assembler-with-cpp -specs=nano.specs -o src/startup_stm32f429x.o ../src/startup_stm32f429x.s 
arm-atollic-eabi-gcc -c ../Libraries/STM32F4xx_StdPeriph_Driver/src/stm32f4xx_i2c.c -mthumb -mcpu=cortex-m4 -mfloat-abi=hard -mfpu=fpv4-sp-d16 -std=gnu11 -DSTM32F42_43xxx -DUSE_STDPERIPH_DRIVER -I../src -I../Libraries/CMSIS/Include -I../Libraries/Device/ST/STM32F4xx/Include -I../Libraries/STM32F4xx_StdPeriph_Driver/inc -O0 -ffunction-sections -fdata-sections -g -fstack-usage -Wall -specs=nano.specs -o Libraries/STM32F4xx_StdPeriph_Driver/src/stm32f4xx_i2c.o 
arm-atollic-eabi-gcc -c ../Libraries/STM32F4xx_StdPeriph_Driver/src/stm32f4xx_syscfg.c -mthumb -mcpu=cortex-m4 -mfloat-abi=hard -mfpu=fpv4-sp-d16 -std=gnu11 -DSTM32F42_43xxx -DUSE_STDPERIPH_DRIVER -I../src -I../Libraries/CMSIS/Include -I../Libraries/Device/ST/STM32F4xx/Include -I../Libraries/STM32F4xx_StdPeriph_Driver/inc -O0 -ffunction-sections -fdata-sections -g -fstack-usage -Wall -specs=nano.specs -o Libraries/STM32F4xx_StdPeriph_Driver/src/stm32f4xx_syscfg.o 
arm-atollic-eabi-gcc -c ../src/system_stm32f4xx.c -mthumb -mcpu=cortex-m4 -mfloat-abi=hard -mfpu=fpv4-sp-d16 -std=gnu11 -DSTM32F42_43xxx -DUSE_STDPERIPH_DRIVER -I../src -I../Libraries/CMSIS/Include -I../Libraries/Device/ST/STM32F4xx/Include -I../Libraries/STM32F4xx_StdPeriph_Driver/inc -O0 -ffunction-sections -fdata-sections -g -fstack-usage -Wall -specs=nano.specs -o src/system_stm32f4xx.o 
../src/system_stm32f4xx.c: In function 'SetSysClock':
../src/system_stm32f4xx.c:550:5: warning: this 'while' clause does not guard... [-Wmisleading-indentation]
     while ((RCC->CFGR & (uint32_t)RCC_CFGR_SWS ) != RCC_CFGR_SWS_PLL);
     ^~~~~
../src/system_stm32f4xx.c:551:5: note: ...this statement, but the latter is misleadingly indented as if it is guarded by the 'while'
     {
     ^
arm-atollic-eabi-gcc -c ../Libraries/STM32F4xx_StdPeriph_Driver/src/stm32f4xx_ltdc.c -mthumb -mcpu=cortex-m4 -mfloat-abi=hard -mfpu=fpv4-sp-d16 -std=gnu11 -DSTM32F42_43xxx -DUSE_STDPERIPH_DRIVER -I../src -I../Libraries/CMSIS/Include -I../Libraries/Device/ST/STM32F4xx/Include -I../Libraries/STM32F4xx_StdPeriph_Driver/inc -O0 -ffunction-sections -fdata-sections -g -fstack-usage -Wall -specs=nano.specs -o Libraries/STM32F4xx_StdPeriph_Driver/src/stm32f4xx_ltdc.o 
arm-atollic-eabi-gcc -c ../src/main.c -mthumb -mcpu=cortex-m4 -mfloat-abi=hard -mfpu=fpv4-sp-d16 -std=gnu11 -DSTM32F42_43xxx -DUSE_STDPERIPH_DRIVER -I../src -I../Libraries/CMSIS/Include -I../Libraries/Device/ST/STM32F4xx/Include -I../Libraries/STM32F4xx_StdPeriph_Driver/inc -O0 -ffunction-sections -fdata-sections -g -fstack-usage -Wall -specs=nano.specs -o src/main.o 
In file included from ../src/main.c:32:0:
../src/main.h:21:2: error: expected specifier-qualifier-list before 't_'
  t_
  ^~
../src/main.h:21:2: warning: unnamed struct/union that defines no instances
14:19:42 **** Incremental Build of configuration Debug for project spaceinvader ****
Info: Internal Builder is used for build
arm-atollic-eabi-gcc -c ../src/main.c -mthumb -mcpu=cortex-m4 -mfloat-abi=hard -mfpu=fpv4-sp-d16 -std=gnu11 -DSTM32F42_43xxx -DUSE_STDPERIPH_DRIVER -I../src -I../Libraries/CMSIS/Include -I../Libraries/Device/ST/STM32F4xx/Include -I../Libraries/STM32F4xx_StdPeriph_Driver/inc -O0 -ffunction-sections -fdata-sections -g -fstack-usage -Wall -specs=nano.specs -o src/main.o 
In file included from ../src/main.c:32:0:
../src/main.h:22:1: warning: unnamed struct/union that defines no instances
 };
 ^
arm-atollic-eabi-gcc -o spaceinvader.elf Libraries/STM32F4xx_StdPeriph_Driver/src/misc.o Libraries/STM32F4xx_StdPeriph_Driver/src/stm32f4xx_adc.o Libraries/STM32F4xx_StdPeriph_Driver/src/stm32f4xx_can.o Libraries/STM32F4xx_StdPeriph_Driver/src/stm32f4xx_crc.o Libraries/STM32F4xx_StdPeriph_Driver/src/stm32f4xx_cryp.o Libraries/STM32F4xx_StdPeriph_Driver/src/stm32f4xx_cryp_aes.o Libraries/STM32F4xx_StdPeriph_Driver/src/stm32f4xx_cryp_des.o Libraries/STM32F4xx_StdPeriph_Driver/src/stm32f4xx_cryp_tdes.o Libraries/STM32F4xx_StdPeriph_Driver/src/stm32f4xx_dac.o Libraries/STM32F4xx_StdPeriph_Driver/src/stm32f4xx_dbgmcu.o Libraries/STM32F4xx_StdPeriph_Driver/src/stm32f4xx_dcmi.o Libraries/STM32F4xx_StdPeriph_Driver/src/stm32f4xx_dma.o Libraries/STM32F4xx_StdPeriph_Driver/src/stm32f4xx_dma2d.o Libraries/STM32F4xx_StdPeriph_Driver/src/stm32f4xx_exti.o Libraries/STM32F4xx_StdPeriph_Driver/src/stm32f4xx_flash.o Libraries/STM32F4xx_StdPeriph_Driver/src/stm32f4xx_fmc.o Libraries/STM32F4xx_StdPeriph_Driver/src/stm32f4xx_gpio.o Libraries/STM32F4xx_StdPeriph_Driver/src/stm32f4xx_hash.o Libraries/STM32F4xx_StdPeriph_Driver/src/stm32f4xx_hash_md5.o Libraries/STM32F4xx_StdPeriph_Driver/src/stm32f4xx_hash_sha1.o Libraries/STM32F4xx_StdPeriph_Driver/src/stm32f4xx_i2c.o Libraries/STM32F4xx_StdPeriph_Driver/src/stm32f4xx_iwdg.o Libraries/STM32F4xx_StdPeriph_Driver/src/stm32f4xx_ltdc.o Libraries/STM32F4xx_StdPeriph_Driver/src/stm32f4xx_pwr.o Libraries/STM32F4xx_StdPeriph_Driver/src/stm32f4xx_rcc.o Libraries/STM32F4xx_StdPeriph_Driver/src/stm32f4xx_rng.o Libraries/STM32F4xx_StdPeriph_Driver/src/stm32f4xx_rtc.o Libraries/STM32F4xx_StdPeriph_Driver/src/stm32f4xx_sai.o Libraries/STM32F4xx_StdPeriph_Driver/src/stm32f4xx_sdio.o Libraries/STM32F4xx_StdPeriph_Driver/src/stm32f4xx_spi.o Libraries/STM32F4xx_StdPeriph_Driver/src/stm32f4xx_syscfg.o Libraries/STM32F4xx_StdPeriph_Driver/src/stm32f4xx_tim.o Libraries/STM32F4xx_StdPeriph_Driver/src/stm32f4xx_usart.o Libraries/STM32F4xx_StdPeriph_Driver/src/stm32f4xx_wwdg.o src/main.o src/serial.o src/startup_stm32f429x.o src/stm32f4xx_it.o src/system_stm32f4xx.o src/tiny_printf.o src/vt100.o -mthumb -mcpu=cortex-m4 -mfloat-abi=hard -mfpu=fpv4-sp-d16 -T../stm32f4_flash.ld -specs=nosys.specs -static -Wl,-cref,-u,Reset_Handler -Wl,-Map=spaceinvader.map -Wl,--gc-sections -Wl,--defsym=malloc_getpagesize_P=0x80 -Wl,--start-group -lc -lm -Wl,--end-group -specs=nano.specs 
/opt/Atollic_TrueSTUDIO_for_STM32_x86_64_9.3.0/ide/jre/bin/java -jar /opt/Atollic_TrueSTUDIO_for_STM32_x86_64_9.3.0/Tools/arm-atollic-reports.jar sizeinfo list spaceinvader.elf 
Generate build reports...
Print size information
   text	   data	    bss	    dec	    hex	filename
   3284	     28	   1056	   4368	   1110	spaceinvader.elf
Print size information done
Generate listing file
Output sent to: spaceinvader.list
Generate listing file done
Generate build reports done
14:19:51 **** Incremental Build of configuration Debug for project spaceinvader ****
Info: Internal Builder is used for build
arm-atollic-eabi-gcc -c ../src/main.c -mthumb -mcpu=cortex-m4 -mfloat-abi=hard -mfpu=fpv4-sp-d16 -std=gnu11 -DSTM32F42_43xxx -DUSE_STDPERIPH_DRIVER -I../src -I../Libraries/CMSIS/Include -I../Libraries/Device/ST/STM32F4xx/Include -I../Libraries/STM32F4xx_StdPeriph_Driver/inc -O0 -ffunction-sections -fdata-sections -g -fstack-usage -Wall -specs=nano.specs -o src/main.o 
arm-atollic-eabi-gcc -o spaceinvader.elf Libraries/STM32F4xx_StdPeriph_Driver/src/misc.o Libraries/STM32F4xx_StdPeriph_Driver/src/stm32f4xx_adc.o Libraries/STM32F4xx_StdPeriph_Driver/src/stm32f4xx_can.o Libraries/STM32F4xx_StdPeriph_Driver/src/stm32f4xx_crc.o Libraries/STM32F4xx_StdPeriph_Driver/src/stm32f4xx_cryp.o Libraries/STM32F4xx_StdPeriph_Driver/src/stm32f4xx_cryp_aes.o Libraries/STM32F4xx_StdPeriph_Driver/src/stm32f4xx_cryp_des.o Libraries/STM32F4xx_StdPeriph_Driver/src/stm32f4xx_cryp_tdes.o Libraries/STM32F4xx_StdPeriph_Driver/src/stm32f4xx_dac.o Libraries/STM32F4xx_StdPeriph_Driver/src/stm32f4xx_dbgmcu.o Libraries/STM32F4xx_StdPeriph_Driver/src/stm32f4xx_dcmi.o Libraries/STM32F4xx_StdPeriph_Driver/src/stm32f4xx_dma.o Libraries/STM32F4xx_StdPeriph_Driver/src/stm32f4xx_dma2d.o Libraries/STM32F4xx_StdPeriph_Driver/src/stm32f4xx_exti.o Libraries/STM32F4xx_StdPeriph_Driver/src/stm32f4xx_flash.o Libraries/STM32F4xx_StdPeriph_Driver/src/stm32f4xx_fmc.o Libraries/STM32F4xx_StdPeriph_Driver/src/stm32f4xx_gpio.o Libraries/STM32F4xx_StdPeriph_Driver/src/stm32f4xx_hash.o Libraries/STM32F4xx_StdPeriph_Driver/src/stm32f4xx_hash_md5.o Libraries/STM32F4xx_StdPeriph_Driver/src/stm32f4xx_hash_sha1.o Libraries/STM32F4xx_StdPeriph_Driver/src/stm32f4xx_i2c.o Libraries/STM32F4xx_StdPeriph_Driver/src/stm32f4xx_iwdg.o Libraries/STM32F4xx_StdPeriph_Driver/src/stm32f4xx_ltdc.o Libraries/STM32F4xx_StdPeriph_Driver/src/stm32f4xx_pwr.o Libraries/STM32F4xx_StdPeriph_Driver/src/stm32f4xx_rcc.o Libraries/STM32F4xx_StdPeriph_Driver/src/stm32f4xx_rng.o Libraries/STM32F4xx_StdPeriph_Driver/src/stm32f4xx_rtc.o Libraries/STM32F4xx_StdPeriph_Driver/src/stm32f4xx_sai.o Libraries/STM32F4xx_StdPeriph_Driver/src/stm32f4xx_sdio.o Libraries/STM32F4xx_StdPeriph_Driver/src/stm32f4xx_spi.o Libraries/STM32F4xx_StdPeriph_Driver/src/stm32f4xx_syscfg.o Libraries/STM32F4xx_StdPeriph_Driver/src/stm32f4xx_tim.o Libraries/STM32F4xx_StdPeriph_Driver/src/stm32f4xx_usart.o Libraries/STM32F4xx_StdPeriph_Driver/src/stm32f4xx_wwdg.o src/main.o src/serial.o src/startup_stm32f429x.o src/stm32f4xx_it.o src/system_stm32f4xx.o src/tiny_printf.o src/vt100.o -mthumb -mcpu=cortex-m4 -mfloat-abi=hard -mfpu=fpv4-sp-d16 -T../stm32f4_flash.ld -specs=nosys.specs -static -Wl,-cref,-u,Reset_Handler -Wl,-Map=spaceinvader.map -Wl,--gc-sections -Wl,--defsym=malloc_getpagesize_P=0x80 -Wl,--start-group -lc -lm -Wl,--end-group -specs=nano.specs 
/opt/Atollic_TrueSTUDIO_for_STM32_x86_64_9.3.0/ide/jre/bin/java -jar /opt/Atollic_TrueSTUDIO_for_STM32_x86_64_9.3.0/Tools/arm-atollic-reports.jar sizeinfo list spaceinvader.elf 
Generate build reports...
Print size information
   text	   data	    bss	    dec	    hex	filename
   3284	     28	   1056	   4368	   1110	spaceinvader.elf
Print size information done
Generate listing file
Output sent to: spaceinvader.list
Generate listing file done
Generate build reports done
14:24:18 **** Incremental Build of configuration Debug for project spaceinvader ****
Info: Internal Builder is used for build
arm-atollic-eabi-gcc -c ../src/main.c -mthumb -mcpu=cortex-m4 -mfloat-abi=hard -mfpu=fpv4-sp-d16 -std=gnu11 -DSTM32F42_43xxx -DUSE_STDPERIPH_DRIVER -I../src -I../Libraries/CMSIS/Include -I../Libraries/Device/ST/STM32F4xx/Include -I../Libraries/STM32F4xx_StdPeriph_Driver/inc -O0 -ffunction-sections -fdata-sections -g -fstack-usage -Wall -specs=nano.specs -o src/main.o 
../src/main.c: In function 'main':
../src/main.c:53:15: warning: unused variable 'playground' [-Wunused-variable]
   t_caractere playground[VT100_SCREEN_HEIGHT][VT100_SCREEN_WIDTH] = {0};
               ^~~~~~~~~~
arm-atollic-eabi-gcc -o spaceinvader.elf Libraries/STM32F4xx_StdPeriph_Driver/src/misc.o Libraries/STM32F4xx_StdPeriph_Driver/src/stm32f4xx_adc.o Libraries/STM32F4xx_StdPeriph_Driver/src/stm32f4xx_can.o Libraries/STM32F4xx_StdPeriph_Driver/src/stm32f4xx_crc.o Libraries/STM32F4xx_StdPeriph_Driver/src/stm32f4xx_cryp.o Libraries/STM32F4xx_StdPeriph_Driver/src/stm32f4xx_cryp_aes.o Libraries/STM32F4xx_StdPeriph_Driver/src/stm32f4xx_cryp_des.o Libraries/STM32F4xx_StdPeriph_Driver/src/stm32f4xx_cryp_tdes.o Libraries/STM32F4xx_StdPeriph_Driver/src/stm32f4xx_dac.o Libraries/STM32F4xx_StdPeriph_Driver/src/stm32f4xx_dbgmcu.o Libraries/STM32F4xx_StdPeriph_Driver/src/stm32f4xx_dcmi.o Libraries/STM32F4xx_StdPeriph_Driver/src/stm32f4xx_dma.o Libraries/STM32F4xx_StdPeriph_Driver/src/stm32f4xx_dma2d.o Libraries/STM32F4xx_StdPeriph_Driver/src/stm32f4xx_exti.o Libraries/STM32F4xx_StdPeriph_Driver/src/stm32f4xx_flash.o Libraries/STM32F4xx_StdPeriph_Driver/src/stm32f4xx_fmc.o Libraries/STM32F4xx_StdPeriph_Driver/src/stm32f4xx_gpio.o Libraries/STM32F4xx_StdPeriph_Driver/src/stm32f4xx_hash.o Libraries/STM32F4xx_StdPeriph_Driver/src/stm32f4xx_hash_md5.o Libraries/STM32F4xx_StdPeriph_Driver/src/stm32f4xx_hash_sha1.o Libraries/STM32F4xx_StdPeriph_Driver/src/stm32f4xx_i2c.o Libraries/STM32F4xx_StdPeriph_Driver/src/stm32f4xx_iwdg.o Libraries/STM32F4xx_StdPeriph_Driver/src/stm32f4xx_ltdc.o Libraries/STM32F4xx_StdPeriph_Driver/src/stm32f4xx_pwr.o Libraries/STM32F4xx_StdPeriph_Driver/src/stm32f4xx_rcc.o Libraries/STM32F4xx_StdPeriph_Driver/src/stm32f4xx_rng.o Libraries/STM32F4xx_StdPeriph_Driver/src/stm32f4xx_rtc.o Libraries/STM32F4xx_StdPeriph_Driver/src/stm32f4xx_sai.o Libraries/STM32F4xx_StdPeriph_Driver/src/stm32f4xx_sdio.o Libraries/STM32F4xx_StdPeriph_Driver/src/stm32f4xx_spi.o Libraries/STM32F4xx_StdPeriph_Driver/src/stm32f4xx_syscfg.o Libraries/STM32F4xx_StdPeriph_Driver/src/stm32f4xx_tim.o Libraries/STM32F4xx_StdPeriph_Driver/src/stm32f4xx_usart.o Libraries/STM32F4xx_StdPeriph_Driver/src/stm32f4xx_wwdg.o src/main.o src/serial.o src/startup_stm32f429x.o src/stm32f4xx_it.o src/system_stm32f4xx.o src/tiny_printf.o src/vt100.o -mthumb -mcpu=cortex-m4 -mfloat-abi=hard -mfpu=fpv4-sp-d16 -T../stm32f4_flash.ld -specs=nosys.specs -static -Wl,-cref,-u,Reset_Handler -Wl,-Map=spaceinvader.map -Wl,--gc-sections -Wl,--defsym=malloc_getpagesize_P=0x80 -Wl,--start-group -lc -lm -Wl,--end-group -specs=nano.specs 
/opt/Atollic_TrueSTUDIO_for_STM32_x86_64_9.3.0/ide/jre/bin/java -jar /opt/Atollic_TrueSTUDIO_for_STM32_x86_64_9.3.0/Tools/arm-atollic-reports.jar sizeinfo list spaceinvader.elf 
Generate build reports...
Print size information
   text	   data	    bss	    dec	    hex	filename
   3328	     28	   1056	   4412	   113c	spaceinvader.elf
Print size information done
Generate listing file
Output sent to: spaceinvader.list
Generate listing file done
Generate build reports done
14:26:27 **** Incremental Build of configuration Debug for project spaceinvader ****
Info: Internal Builder is used for build
arm-atollic-eabi-gcc -c ../src/main.c -mthumb -mcpu=cortex-m4 -mfloat-abi=hard -mfpu=fpv4-sp-d16 -std=gnu11 -DSTM32F42_43xxx -DUSE_STDPERIPH_DRIVER -I../src -I../Libraries/CMSIS/Include -I../Libraries/Device/ST/STM32F4xx/Include -I../Libraries/STM32F4xx_StdPeriph_Driver/inc -O0 -ffunction-sections -fdata-sections -g -fstack-usage -Wall -specs=nano.specs -o src/main.o 
../src/main.c: In function 'main':
../src/main.c:54:15: warning: unused variable 'playground' [-Wunused-variable]
   t_caractere playground[VT100_SCREEN_HEIGHT][VT100_SCREEN_WIDTH] = {0};
               ^~~~~~~~~~
../src/main.c:51:14: warning: unused variable 'player' [-Wunused-variable]
   t_vaisseau player = {0, 0} ;
              ^~~~~~
arm-atollic-eabi-gcc -o spaceinvader.elf Libraries/STM32F4xx_StdPeriph_Driver/src/misc.o Libraries/STM32F4xx_StdPeriph_Driver/src/stm32f4xx_adc.o Libraries/STM32F4xx_StdPeriph_Driver/src/stm32f4xx_can.o Libraries/STM32F4xx_StdPeriph_Driver/src/stm32f4xx_crc.o Libraries/STM32F4xx_StdPeriph_Driver/src/stm32f4xx_cryp.o Libraries/STM32F4xx_StdPeriph_Driver/src/stm32f4xx_cryp_aes.o Libraries/STM32F4xx_StdPeriph_Driver/src/stm32f4xx_cryp_des.o Libraries/STM32F4xx_StdPeriph_Driver/src/stm32f4xx_cryp_tdes.o Libraries/STM32F4xx_StdPeriph_Driver/src/stm32f4xx_dac.o Libraries/STM32F4xx_StdPeriph_Driver/src/stm32f4xx_dbgmcu.o Libraries/STM32F4xx_StdPeriph_Driver/src/stm32f4xx_dcmi.o Libraries/STM32F4xx_StdPeriph_Driver/src/stm32f4xx_dma.o Libraries/STM32F4xx_StdPeriph_Driver/src/stm32f4xx_dma2d.o Libraries/STM32F4xx_StdPeriph_Driver/src/stm32f4xx_exti.o Libraries/STM32F4xx_StdPeriph_Driver/src/stm32f4xx_flash.o Libraries/STM32F4xx_StdPeriph_Driver/src/stm32f4xx_fmc.o Libraries/STM32F4xx_StdPeriph_Driver/src/stm32f4xx_gpio.o Libraries/STM32F4xx_StdPeriph_Driver/src/stm32f4xx_hash.o Libraries/STM32F4xx_StdPeriph_Driver/src/stm32f4xx_hash_md5.o Libraries/STM32F4xx_StdPeriph_Driver/src/stm32f4xx_hash_sha1.o Libraries/STM32F4xx_StdPeriph_Driver/src/stm32f4xx_i2c.o Libraries/STM32F4xx_StdPeriph_Driver/src/stm32f4xx_iwdg.o Libraries/STM32F4xx_StdPeriph_Driver/src/stm32f4xx_ltdc.o Libraries/STM32F4xx_StdPeriph_Driver/src/stm32f4xx_pwr.o Libraries/STM32F4xx_StdPeriph_Driver/src/stm32f4xx_rcc.o Libraries/STM32F4xx_StdPeriph_Driver/src/stm32f4xx_rng.o Libraries/STM32F4xx_StdPeriph_Driver/src/stm32f4xx_rtc.o Libraries/STM32F4xx_StdPeriph_Driver/src/stm32f4xx_sai.o Libraries/STM32F4xx_StdPeriph_Driver/src/stm32f4xx_sdio.o Libraries/STM32F4xx_StdPeriph_Driver/src/stm32f4xx_spi.o Libraries/STM32F4xx_StdPeriph_Driver/src/stm32f4xx_syscfg.o Libraries/STM32F4xx_StdPeriph_Driver/src/stm32f4xx_tim.o Libraries/STM32F4xx_StdPeriph_Driver/src/stm32f4xx_usart.o Libraries/STM32F4xx_StdPeriph_Driver/src/stm32f4xx_wwdg.o src/main.o src/serial.o src/startup_stm32f429x.o src/stm32f4xx_it.o src/system_stm32f4xx.o src/tiny_printf.o src/vt100.o -mthumb -mcpu=cortex-m4 -mfloat-abi=hard -mfpu=fpv4-sp-d16 -T../stm32f4_flash.ld -specs=nosys.specs -static -Wl,-cref,-u,Reset_Handler -Wl,-Map=spaceinvader.map -Wl,--gc-sections -Wl,--defsym=malloc_getpagesize_P=0x80 -Wl,--start-group -lc -lm -Wl,--end-group -specs=nano.specs 
/opt/Atollic_TrueSTUDIO_for_STM32_x86_64_9.3.0/ide/jre/bin/java -jar /opt/Atollic_TrueSTUDIO_for_STM32_x86_64_9.3.0/Tools/arm-atollic-reports.jar sizeinfo list spaceinvader.elf 
Generate build reports...
Print size information
   text	   data	    bss	    dec	    hex	filename
   3344	     28	   1056	   4428	   114c	spaceinvader.elf
Print size information done
Generate listing file
Output sent to: spaceinvader.list
Generate listing file done
Generate build reports done
14:28:39 **** Incremental Build of configuration Debug for project spaceinvader ****
Info: Internal Builder is used for build
arm-atollic-eabi-gcc -c ../src/main.c -mthumb -mcpu=cortex-m4 -mfloat-abi=hard -mfpu=fpv4-sp-d16 -std=gnu11 -DSTM32F42_43xxx -DUSE_STDPERIPH_DRIVER -I../src -I../Libraries/CMSIS/Include -I../Libraries/Device/ST/STM32F4xx/Include -I../Libraries/STM32F4xx_StdPeriph_Driver/inc -O0 -ffunction-sections -fdata-sections -g -fstack-usage -Wall -specs=nano.specs -o src/main.o 
../src/main.c: In function 'main':
../src/main.c:54:15: warning: unused variable 'playground' [-Wunused-variable]
   t_caractere playground[VT100_SCREEN_WIDTH][VT100_SCREEN_HEIGHT] = {0};
               ^~~~~~~~~~
../src/main.c:51:14: warning: unused variable 'player' [-Wunused-variable]
   t_vaisseau player = {PLAYER_POSITION_X,PLAYER_POSITION_Y} ;
              ^~~~~~
arm-atollic-eabi-gcc -o spaceinvader.elf Libraries/STM32F4xx_StdPeriph_Driver/src/misc.o Libraries/STM32F4xx_StdPeriph_Driver/src/stm32f4xx_adc.o Libraries/STM32F4xx_StdPeriph_Driver/src/stm32f4xx_can.o Libraries/STM32F4xx_StdPeriph_Driver/src/stm32f4xx_crc.o Libraries/STM32F4xx_StdPeriph_Driver/src/stm32f4xx_cryp.o Libraries/STM32F4xx_StdPeriph_Driver/src/stm32f4xx_cryp_aes.o Libraries/STM32F4xx_StdPeriph_Driver/src/stm32f4xx_cryp_des.o Libraries/STM32F4xx_StdPeriph_Driver/src/stm32f4xx_cryp_tdes.o Libraries/STM32F4xx_StdPeriph_Driver/src/stm32f4xx_dac.o Libraries/STM32F4xx_StdPeriph_Driver/src/stm32f4xx_dbgmcu.o Libraries/STM32F4xx_StdPeriph_Driver/src/stm32f4xx_dcmi.o Libraries/STM32F4xx_StdPeriph_Driver/src/stm32f4xx_dma.o Libraries/STM32F4xx_StdPeriph_Driver/src/stm32f4xx_dma2d.o Libraries/STM32F4xx_StdPeriph_Driver/src/stm32f4xx_exti.o Libraries/STM32F4xx_StdPeriph_Driver/src/stm32f4xx_flash.o Libraries/STM32F4xx_StdPeriph_Driver/src/stm32f4xx_fmc.o Libraries/STM32F4xx_StdPeriph_Driver/src/stm32f4xx_gpio.o Libraries/STM32F4xx_StdPeriph_Driver/src/stm32f4xx_hash.o Libraries/STM32F4xx_StdPeriph_Driver/src/stm32f4xx_hash_md5.o Libraries/STM32F4xx_StdPeriph_Driver/src/stm32f4xx_hash_sha1.o Libraries/STM32F4xx_StdPeriph_Driver/src/stm32f4xx_i2c.o Libraries/STM32F4xx_StdPeriph_Driver/src/stm32f4xx_iwdg.o Libraries/STM32F4xx_StdPeriph_Driver/src/stm32f4xx_ltdc.o Libraries/STM32F4xx_StdPeriph_Driver/src/stm32f4xx_pwr.o Libraries/STM32F4xx_StdPeriph_Driver/src/stm32f4xx_rcc.o Libraries/STM32F4xx_StdPeriph_Driver/src/stm32f4xx_rng.o Libraries/STM32F4xx_StdPeriph_Driver/src/stm32f4xx_rtc.o Libraries/STM32F4xx_StdPeriph_Driver/src/stm32f4xx_sai.o Libraries/STM32F4xx_StdPeriph_Driver/src/stm32f4xx_sdio.o Libraries/STM32F4xx_StdPeriph_Driver/src/stm32f4xx_spi.o Libraries/STM32F4xx_StdPeriph_Driver/src/stm32f4xx_syscfg.o Libraries/STM32F4xx_StdPeriph_Driver/src/stm32f4xx_tim.o Libraries/STM32F4xx_StdPeriph_Driver/src/stm32f4xx_usart.o Libraries/STM32F4xx_StdPeriph_Driver/src/stm32f4xx_wwdg.o src/main.o src/serial.o src/startup_stm32f429x.o src/stm32f4xx_it.o src/system_stm32f4xx.o src/tiny_printf.o src/vt100.o -mthumb -mcpu=cortex-m4 -mfloat-abi=hard -mfpu=fpv4-sp-d16 -T../stm32f4_flash.ld -specs=nosys.specs -static -Wl,-cref,-u,Reset_Handler -Wl,-Map=spaceinvader.map -Wl,--gc-sections -Wl,--defsym=malloc_getpagesize_P=0x80 -Wl,--start-group -lc -lm -Wl,--end-group -specs=nano.specs 
/opt/Atollic_TrueSTUDIO_for_STM32_x86_64_9.3.0/ide/jre/bin/java -jar /opt/Atollic_TrueSTUDIO_for_STM32_x86_64_9.3.0/Tools/arm-atollic-reports.jar sizeinfo list spaceinvader.elf 
Generate build reports...
Print size information
   text	   data	    bss	    dec	    hex	filename
   3356	     28	   1056	   4440	   1158	spaceinvader.elf
Print size information done
Generate listing file
Output sent to: spaceinvader.list
Generate listing file done
Generate build reports done
14:30:03 **** Incremental Build of configuration Debug for project spaceinvader ****
Info: Internal Builder is used for build
arm-atollic-eabi-gcc -c ../src/main.c -mthumb -mcpu=cortex-m4 -mfloat-abi=hard -mfpu=fpv4-sp-d16 -std=gnu11 -DSTM32F42_43xxx -DUSE_STDPERIPH_DRIVER -I../src -I../Libraries/CMSIS/Include -I../Libraries/Device/ST/STM32F4xx/Include -I../Libraries/STM32F4xx_StdPeriph_Driver/inc -O0 -ffunction-sections -fdata-sections -g -fstack-usage -Wall -specs=nano.specs -o src/main.o 
../src/main.c: In function 'main':
../src/main.c:54:15: warning: unused variable 'playground' [-Wunused-variable]
   t_caractere playground[VT100_SCREEN_WIDTH][VT100_SCREEN_HEIGHT] = {0};
               ^~~~~~~~~~
../src/main.c:51:14: warning: unused variable 'player' [-Wunused-variable]
   t_vaisseau player = {PLAYER_POSITION_X,PLAYER_POSITION_Y} ;
              ^~~~~~
arm-atollic-eabi-gcc -o spaceinvader.elf Libraries/STM32F4xx_StdPeriph_Driver/src/misc.o Libraries/STM32F4xx_StdPeriph_Driver/src/stm32f4xx_adc.o Libraries/STM32F4xx_StdPeriph_Driver/src/stm32f4xx_can.o Libraries/STM32F4xx_StdPeriph_Driver/src/stm32f4xx_crc.o Libraries/STM32F4xx_StdPeriph_Driver/src/stm32f4xx_cryp.o Libraries/STM32F4xx_StdPeriph_Driver/src/stm32f4xx_cryp_aes.o Libraries/STM32F4xx_StdPeriph_Driver/src/stm32f4xx_cryp_des.o Libraries/STM32F4xx_StdPeriph_Driver/src/stm32f4xx_cryp_tdes.o Libraries/STM32F4xx_StdPeriph_Driver/src/stm32f4xx_dac.o Libraries/STM32F4xx_StdPeriph_Driver/src/stm32f4xx_dbgmcu.o Libraries/STM32F4xx_StdPeriph_Driver/src/stm32f4xx_dcmi.o Libraries/STM32F4xx_StdPeriph_Driver/src/stm32f4xx_dma.o Libraries/STM32F4xx_StdPeriph_Driver/src/stm32f4xx_dma2d.o Libraries/STM32F4xx_StdPeriph_Driver/src/stm32f4xx_exti.o Libraries/STM32F4xx_StdPeriph_Driver/src/stm32f4xx_flash.o Libraries/STM32F4xx_StdPeriph_Driver/src/stm32f4xx_fmc.o Libraries/STM32F4xx_StdPeriph_Driver/src/stm32f4xx_gpio.o Libraries/STM32F4xx_StdPeriph_Driver/src/stm32f4xx_hash.o Libraries/STM32F4xx_StdPeriph_Driver/src/stm32f4xx_hash_md5.o Libraries/STM32F4xx_StdPeriph_Driver/src/stm32f4xx_hash_sha1.o Libraries/STM32F4xx_StdPeriph_Driver/src/stm32f4xx_i2c.o Libraries/STM32F4xx_StdPeriph_Driver/src/stm32f4xx_iwdg.o Libraries/STM32F4xx_StdPeriph_Driver/src/stm32f4xx_ltdc.o Libraries/STM32F4xx_StdPeriph_Driver/src/stm32f4xx_pwr.o Libraries/STM32F4xx_StdPeriph_Driver/src/stm32f4xx_rcc.o Libraries/STM32F4xx_StdPeriph_Driver/src/stm32f4xx_rng.o Libraries/STM32F4xx_StdPeriph_Driver/src/stm32f4xx_rtc.o Libraries/STM32F4xx_StdPeriph_Driver/src/stm32f4xx_sai.o Libraries/STM32F4xx_StdPeriph_Driver/src/stm32f4xx_sdio.o Libraries/STM32F4xx_StdPeriph_Driver/src/stm32f4xx_spi.o Libraries/STM32F4xx_StdPeriph_Driver/src/stm32f4xx_syscfg.o Libraries/STM32F4xx_StdPeriph_Driver/src/stm32f4xx_tim.o Libraries/STM32F4xx_StdPeriph_Driver/src/stm32f4xx_usart.o Libraries/STM32F4xx_StdPeriph_Driver/src/stm32f4xx_wwdg.o src/main.o src/serial.o src/startup_stm32f429x.o src/stm32f4xx_it.o src/system_stm32f4xx.o src/tiny_printf.o src/vt100.o -mthumb -mcpu=cortex-m4 -mfloat-abi=hard -mfpu=fpv4-sp-d16 -T../stm32f4_flash.ld -specs=nosys.specs -static -Wl,-cref,-u,Reset_Handler -Wl,-Map=spaceinvader.map -Wl,--gc-sections -Wl,--defsym=malloc_getpagesize_P=0x80 -Wl,--start-group -lc -lm -Wl,--end-group -specs=nano.specs 
/opt/Atollic_TrueSTUDIO_for_STM32_x86_64_9.3.0/ide/jre/bin/java -jar /opt/Atollic_TrueSTUDIO_for_STM32_x86_64_9.3.0/Tools/arm-atollic-reports.jar sizeinfo list spaceinvader.elf 
Generate build reports...
Print size information
   text	   data	    bss	    dec	    hex	filename
   3348	     28	   1056	   4432	   1150	spaceinvader.elf
Print size information done
Generate listing file
Output sent to: spaceinvader.list
Generate listing file done
Generate build reports done
14:30:29 **** Incremental Build of configuration Debug for project spaceinvader ****
Info: Internal Builder is used for build
arm-atollic-eabi-gcc -c ../src/main.c -mthumb -mcpu=cortex-m4 -mfloat-abi=hard -mfpu=fpv4-sp-d16 -std=gnu11 -DSTM32F42_43xxx -DUSE_STDPERIPH_DRIVER -I../src -I../Libraries/CMSIS/Include -I../Libraries/Device/ST/STM32F4xx/Include -I../Libraries/STM32F4xx_StdPeriph_Driver/inc -O0 -ffunction-sections -fdata-sections -g -fstack-usage -Wall -specs=nano.specs -o src/main.o 
../src/main.c: In function 'main':
../src/main.c:54:15: warning: unused variable 'playground' [-Wunused-variable]
   t_caractere playground[VT100_SCREEN_WIDTH][VT100_SCREEN_HEIGHT] = {0};
               ^~~~~~~~~~
../src/main.c:51:14: warning: unused variable 'player' [-Wunused-variable]
   t_vaisseau player = {PLAYER_POSITION_X,PLAYER_POSITION_Y,PLAYER_SHIP,PLAYER_SHIP} ;
              ^~~~~~
arm-atollic-eabi-gcc -o spaceinvader.elf Libraries/STM32F4xx_StdPeriph_Driver/src/misc.o Libraries/STM32F4xx_StdPeriph_Driver/src/stm32f4xx_adc.o Libraries/STM32F4xx_StdPeriph_Driver/src/stm32f4xx_can.o Libraries/STM32F4xx_StdPeriph_Driver/src/stm32f4xx_crc.o Libraries/STM32F4xx_StdPeriph_Driver/src/stm32f4xx_cryp.o Libraries/STM32F4xx_StdPeriph_Driver/src/stm32f4xx_cryp_aes.o Libraries/STM32F4xx_StdPeriph_Driver/src/stm32f4xx_cryp_des.o Libraries/STM32F4xx_StdPeriph_Driver/src/stm32f4xx_cryp_tdes.o Libraries/STM32F4xx_StdPeriph_Driver/src/stm32f4xx_dac.o Libraries/STM32F4xx_StdPeriph_Driver/src/stm32f4xx_dbgmcu.o Libraries/STM32F4xx_StdPeriph_Driver/src/stm32f4xx_dcmi.o Libraries/STM32F4xx_StdPeriph_Driver/src/stm32f4xx_dma.o Libraries/STM32F4xx_StdPeriph_Driver/src/stm32f4xx_dma2d.o Libraries/STM32F4xx_StdPeriph_Driver/src/stm32f4xx_exti.o Libraries/STM32F4xx_StdPeriph_Driver/src/stm32f4xx_flash.o Libraries/STM32F4xx_StdPeriph_Driver/src/stm32f4xx_fmc.o Libraries/STM32F4xx_StdPeriph_Driver/src/stm32f4xx_gpio.o Libraries/STM32F4xx_StdPeriph_Driver/src/stm32f4xx_hash.o Libraries/STM32F4xx_StdPeriph_Driver/src/stm32f4xx_hash_md5.o Libraries/STM32F4xx_StdPeriph_Driver/src/stm32f4xx_hash_sha1.o Libraries/STM32F4xx_StdPeriph_Driver/src/stm32f4xx_i2c.o Libraries/STM32F4xx_StdPeriph_Driver/src/stm32f4xx_iwdg.o Libraries/STM32F4xx_StdPeriph_Driver/src/stm32f4xx_ltdc.o Libraries/STM32F4xx_StdPeriph_Driver/src/stm32f4xx_pwr.o Libraries/STM32F4xx_StdPeriph_Driver/src/stm32f4xx_rcc.o Libraries/STM32F4xx_StdPeriph_Driver/src/stm32f4xx_rng.o Libraries/STM32F4xx_StdPeriph_Driver/src/stm32f4xx_rtc.o Libraries/STM32F4xx_StdPeriph_Driver/src/stm32f4xx_sai.o Libraries/STM32F4xx_StdPeriph_Driver/src/stm32f4xx_sdio.o Libraries/STM32F4xx_StdPeriph_Driver/src/stm32f4xx_spi.o Libraries/STM32F4xx_StdPeriph_Driver/src/stm32f4xx_syscfg.o Libraries/STM32F4xx_StdPeriph_Driver/src/stm32f4xx_tim.o Libraries/STM32F4xx_StdPeriph_Driver/src/stm32f4xx_usart.o Libraries/STM32F4xx_StdPeriph_Driver/src/stm32f4xx_wwdg.o src/main.o src/serial.o src/startup_stm32f429x.o src/stm32f4xx_it.o src/system_stm32f4xx.o src/tiny_printf.o src/vt100.o -mthumb -mcpu=cortex-m4 -mfloat-abi=hard -mfpu=fpv4-sp-d16 -T../stm32f4_flash.ld -specs=nosys.specs -static -Wl,-cref,-u,Reset_Handler -Wl,-Map=spaceinvader.map -Wl,--gc-sections -Wl,--defsym=malloc_getpagesize_P=0x80 -Wl,--start-group -lc -lm -Wl,--end-group -specs=nano.specs 
/opt/Atollic_TrueSTUDIO_for_STM32_x86_64_9.3.0/ide/jre/bin/java -jar /opt/Atollic_TrueSTUDIO_for_STM32_x86_64_9.3.0/Tools/arm-atollic-reports.jar sizeinfo list spaceinvader.elf 
Generate build reports...
Print size information
   text	   data	    bss	    dec	    hex	filename
   3348	     28	   1056	   4432	   1150	spaceinvader.elf
Print size information done
Generate listing file
Output sent to: spaceinvader.list
Generate listing file done
Generate build reports done
14:32:02 **** Incremental Build of configuration Debug for project spaceinvader ****
Info: Internal Builder is used for build
arm-atollic-eabi-gcc -c ../src/main.c -mthumb -mcpu=cortex-m4 -mfloat-abi=hard -mfpu=fpv4-sp-d16 -std=gnu11 -DSTM32F42_43xxx -DUSE_STDPERIPH_DRIVER -I../src -I../Libraries/CMSIS/Include -I../Libraries/Device/ST/STM32F4xx/Include -I../Libraries/STM32F4xx_StdPeriph_Driver/inc -O0 -ffunction-sections -fdata-sections -g -fstack-usage -Wall -specs=nano.specs -o src/main.o 
../src/main.c: In function 'main':
../src/main.c:52:3: error: unknown type name 't'
   t
   ^
../src/main.c:55:15: error: expected '=', ',', ';', 'asm' or '__attribute__' before 'playground'
   t_character playground[VT100_SCREEN_WIDTH][VT100_SCREEN_HEIGHT] = {0};
               ^~~~~~~~~~
../src/main.c:51:10: warning: unused variable 'player' [-Wunused-variable]
   t_ship player = {PLAYER_POSITION_X,PLAYER_POSITION_Y,PLAYER_SHIP,PLAYER_SHIP};
          ^~~~~~
14:32:25 **** Incremental Build of configuration Debug for project spaceinvader ****
Info: Internal Builder is used for build
arm-atollic-eabi-gcc -c ../src/main.c -mthumb -mcpu=cortex-m4 -mfloat-abi=hard -mfpu=fpv4-sp-d16 -std=gnu11 -DSTM32F42_43xxx -DUSE_STDPERIPH_DRIVER -I../src -I../Libraries/CMSIS/Include -I../Libraries/Device/ST/STM32F4xx/Include -I../Libraries/STM32F4xx_StdPeriph_Driver/inc -O0 -ffunction-sections -fdata-sections -g -fstack-usage -Wall -specs=nano.specs -o src/main.o 
../src/main.c: In function 'main':
../src/main.c:52:3: error: unknown type name 't'
   t
   ^
../src/main.c:55:15: error: expected '=', ',', ';', 'asm' or '__attribute__' before 'playground'
   t_character playground[VT100_SCREEN_WIDTH][VT100_SCREEN_HEIGHT] = {0};
               ^~~~~~~~~~
../src/main.c:51:10: warning: unused variable 'player' [-Wunused-variable]
   t_ship player = {PLAYER_POSITION_X,PLAYER_POSITION_Y,PLAYER_SHIP,PLAYER_SHIP};
          ^~~~~~
14:32:37 **** Incremental Build of configuration Debug for project spaceinvader ****
Info: Internal Builder is used for build
arm-atollic-eabi-gcc -c ../src/main.c -mthumb -mcpu=cortex-m4 -mfloat-abi=hard -mfpu=fpv4-sp-d16 -std=gnu11 -DSTM32F42_43xxx -DUSE_STDPERIPH_DRIVER -I../src -I../Libraries/CMSIS/Include -I../Libraries/Device/ST/STM32F4xx/Include -I../Libraries/STM32F4xx_StdPeriph_Driver/inc -O0 -ffunction-sections -fdata-sections -g -fstack-usage -Wall -specs=nano.specs -o src/main.o 
../src/main.c: In function 'main':
../src/main.c:55:15: warning: unused variable 'playground' [-Wunused-variable]
   t_character playground[VT100_SCREEN_WIDTH][VT100_SCREEN_HEIGHT] = {0};
               ^~~~~~~~~~
../src/main.c:51:10: warning: unused variable 'player' [-Wunused-variable]
   t_ship player = {PLAYER_POSITION_X,PLAYER_POSITION_Y,PLAYER_SHIP,PLAYER_SHIP};
          ^~~~~~
arm-atollic-eabi-gcc -o spaceinvader.elf Libraries/STM32F4xx_StdPeriph_Driver/src/misc.o Libraries/STM32F4xx_StdPeriph_Driver/src/stm32f4xx_adc.o Libraries/STM32F4xx_StdPeriph_Driver/src/stm32f4xx_can.o Libraries/STM32F4xx_StdPeriph_Driver/src/stm32f4xx_crc.o Libraries/STM32F4xx_StdPeriph_Driver/src/stm32f4xx_cryp.o Libraries/STM32F4xx_StdPeriph_Driver/src/stm32f4xx_cryp_aes.o Libraries/STM32F4xx_StdPeriph_Driver/src/stm32f4xx_cryp_des.o Libraries/STM32F4xx_StdPeriph_Driver/src/stm32f4xx_cryp_tdes.o Libraries/STM32F4xx_StdPeriph_Driver/src/stm32f4xx_dac.o Libraries/STM32F4xx_StdPeriph_Driver/src/stm32f4xx_dbgmcu.o Libraries/STM32F4xx_StdPeriph_Driver/src/stm32f4xx_dcmi.o Libraries/STM32F4xx_StdPeriph_Driver/src/stm32f4xx_dma.o Libraries/STM32F4xx_StdPeriph_Driver/src/stm32f4xx_dma2d.o Libraries/STM32F4xx_StdPeriph_Driver/src/stm32f4xx_exti.o Libraries/STM32F4xx_StdPeriph_Driver/src/stm32f4xx_flash.o Libraries/STM32F4xx_StdPeriph_Driver/src/stm32f4xx_fmc.o Libraries/STM32F4xx_StdPeriph_Driver/src/stm32f4xx_gpio.o Libraries/STM32F4xx_StdPeriph_Driver/src/stm32f4xx_hash.o Libraries/STM32F4xx_StdPeriph_Driver/src/stm32f4xx_hash_md5.o Libraries/STM32F4xx_StdPeriph_Driver/src/stm32f4xx_hash_sha1.o Libraries/STM32F4xx_StdPeriph_Driver/src/stm32f4xx_i2c.o Libraries/STM32F4xx_StdPeriph_Driver/src/stm32f4xx_iwdg.o Libraries/STM32F4xx_StdPeriph_Driver/src/stm32f4xx_ltdc.o Libraries/STM32F4xx_StdPeriph_Driver/src/stm32f4xx_pwr.o Libraries/STM32F4xx_StdPeriph_Driver/src/stm32f4xx_rcc.o Libraries/STM32F4xx_StdPeriph_Driver/src/stm32f4xx_rng.o Libraries/STM32F4xx_StdPeriph_Driver/src/stm32f4xx_rtc.o Libraries/STM32F4xx_StdPeriph_Driver/src/stm32f4xx_sai.o Libraries/STM32F4xx_StdPeriph_Driver/src/stm32f4xx_sdio.o Libraries/STM32F4xx_StdPeriph_Driver/src/stm32f4xx_spi.o Libraries/STM32F4xx_StdPeriph_Driver/src/stm32f4xx_syscfg.o Libraries/STM32F4xx_StdPeriph_Driver/src/stm32f4xx_tim.o Libraries/STM32F4xx_StdPeriph_Driver/src/stm32f4xx_usart.o Libraries/STM32F4xx_StdPeriph_Driver/src/stm32f4xx_wwdg.o src/main.o src/serial.o src/startup_stm32f429x.o src/stm32f4xx_it.o src/system_stm32f4xx.o src/tiny_printf.o src/vt100.o -mthumb -mcpu=cortex-m4 -mfloat-abi=hard -mfpu=fpv4-sp-d16 -T../stm32f4_flash.ld -specs=nosys.specs -static -Wl,-cref,-u,Reset_Handler -Wl,-Map=spaceinvader.map -Wl,--gc-sections -Wl,--defsym=malloc_getpagesize_P=0x80 -Wl,--start-group -lc -lm -Wl,--end-group -specs=nano.specs 
/opt/Atollic_TrueSTUDIO_for_STM32_x86_64_9.3.0/ide/jre/bin/java -jar /opt/Atollic_TrueSTUDIO_for_STM32_x86_64_9.3.0/Tools/arm-atollic-reports.jar sizeinfo list spaceinvader.elf 
Generate build reports...
Print size information
   text	   data	    bss	    dec	    hex	filename
   3348	     28	   1056	   4432	   1150	spaceinvader.elf
Print size information done
Generate listing file
Output sent to: spaceinvader.list
Generate listing file done
Generate build reports done
14:34:20 **** Incremental Build of configuration Debug for project spaceinvader ****
Info: Internal Builder is used for build
arm-atollic-eabi-gcc -c ../src/main.c -mthumb -mcpu=cortex-m4 -mfloat-abi=hard -mfpu=fpv4-sp-d16 -std=gnu11 -DSTM32F42_43xxx -DUSE_STDPERIPH_DRIVER -I../src -I../Libraries/CMSIS/Include -I../Libraries/Device/ST/STM32F4xx/Include -I../Libraries/STM32F4xx_StdPeriph_Driver/inc -O0 -ffunction-sections -fdata-sections -g -fstack-usage -Wall -specs=nano.specs -o src/main.o 
../src/main.c: In function 'main':
../src/main.c:55:3: error: expected ',' or ';' before 't_character'
   t_character playground[VT100_SCREEN_WIDTH][VT100_SCREEN_HEIGHT] = {0};
   ^~~~~~~~~~~
../src/main.c:52:10: warning: unused variable 'enemy' [-Wunused-variable]
   t_ship enemy = {PLAYER_POSITION_X,PLAYER_POSITION_Y,PLAYER_SHIP,PLAYER_SHIP}
          ^~~~~
../src/main.c:51:10: warning: unused variable 'player' [-Wunused-variable]
   t_ship player = {PLAYER_POSITION_X,PLAYER_POSITION_Y,PLAYER_SHIP,PLAYER_SHIP};
          ^~~~~~
14:36:15 **** Incremental Build of configuration Debug for project spaceinvader ****
Info: Internal Builder is used for build
arm-atollic-eabi-gcc -c ../src/main.c -mthumb -mcpu=cortex-m4 -mfloat-abi=hard -mfpu=fpv4-sp-d16 -std=gnu11 -DSTM32F42_43xxx -DUSE_STDPERIPH_DRIVER -I../src -I../Libraries/CMSIS/Include -I../Libraries/Device/ST/STM32F4xx/Include -I../Libraries/STM32F4xx_StdPeriph_Driver/inc -O0 -ffunction-sections -fdata-sections -g -fstack-usage -Wall -specs=nano.specs -o src/main.o 
../src/main.c: In function 'main':
../src/main.c:55:3: error: expected ',' or ';' before 't_character'
   t_character playground[VT100_SCREEN_WIDTH][VT100_SCREEN_HEIGHT] = {0};
   ^~~~~~~~~~~
../src/main.c:52:10: warning: unused variable 'enemy' [-Wunused-variable]
   t_ship enemy = {ENEMY_POSITION_X,ENEMY_POSITION_Y,ENEMY_SHIP,ENEMY_LIFE}
          ^~~~~
../src/main.c:51:10: warning: unused variable 'player' [-Wunused-variable]
   t_ship player = {PLAYER_POSITION_X,PLAYER_POSITION_Y,PLAYER_SHIP,PLAYER_LIFE};
          ^~~~~~
14:36:28 **** Incremental Build of configuration Debug for project spaceinvader ****
Info: Internal Builder is used for build
arm-atollic-eabi-gcc -c ../src/main.c -mthumb -mcpu=cortex-m4 -mfloat-abi=hard -mfpu=fpv4-sp-d16 -std=gnu11 -DSTM32F42_43xxx -DUSE_STDPERIPH_DRIVER -I../src -I../Libraries/CMSIS/Include -I../Libraries/Device/ST/STM32F4xx/Include -I../Libraries/STM32F4xx_StdPeriph_Driver/inc -O0 -ffunction-sections -fdata-sections -g -fstack-usage -Wall -specs=nano.specs -o src/main.o 
../src/main.c: In function 'main':
../src/main.c:55:15: warning: unused variable 'playground' [-Wunused-variable]
   t_character playground[VT100_SCREEN_WIDTH][VT100_SCREEN_HEIGHT] = {0};
               ^~~~~~~~~~
../src/main.c:52:10: warning: unused variable 'enemy' [-Wunused-variable]
   t_ship enemy = {ENEMY_POSITION_X,ENEMY_POSITION_Y,ENEMY_SHIP,ENEMY_LIFE};
          ^~~~~
../src/main.c:51:10: warning: unused variable 'player' [-Wunused-variable]
   t_ship player = {PLAYER_POSITION_X,PLAYER_POSITION_Y,PLAYER_SHIP,PLAYER_LIFE};
          ^~~~~~
arm-atollic-eabi-gcc -o spaceinvader.elf Libraries/STM32F4xx_StdPeriph_Driver/src/misc.o Libraries/STM32F4xx_StdPeriph_Driver/src/stm32f4xx_adc.o Libraries/STM32F4xx_StdPeriph_Driver/src/stm32f4xx_can.o Libraries/STM32F4xx_StdPeriph_Driver/src/stm32f4xx_crc.o Libraries/STM32F4xx_StdPeriph_Driver/src/stm32f4xx_cryp.o Libraries/STM32F4xx_StdPeriph_Driver/src/stm32f4xx_cryp_aes.o Libraries/STM32F4xx_StdPeriph_Driver/src/stm32f4xx_cryp_des.o Libraries/STM32F4xx_StdPeriph_Driver/src/stm32f4xx_cryp_tdes.o Libraries/STM32F4xx_StdPeriph_Driver/src/stm32f4xx_dac.o Libraries/STM32F4xx_StdPeriph_Driver/src/stm32f4xx_dbgmcu.o Libraries/STM32F4xx_StdPeriph_Driver/src/stm32f4xx_dcmi.o Libraries/STM32F4xx_StdPeriph_Driver/src/stm32f4xx_dma.o Libraries/STM32F4xx_StdPeriph_Driver/src/stm32f4xx_dma2d.o Libraries/STM32F4xx_StdPeriph_Driver/src/stm32f4xx_exti.o Libraries/STM32F4xx_StdPeriph_Driver/src/stm32f4xx_flash.o Libraries/STM32F4xx_StdPeriph_Driver/src/stm32f4xx_fmc.o Libraries/STM32F4xx_StdPeriph_Driver/src/stm32f4xx_gpio.o Libraries/STM32F4xx_StdPeriph_Driver/src/stm32f4xx_hash.o Libraries/STM32F4xx_StdPeriph_Driver/src/stm32f4xx_hash_md5.o Libraries/STM32F4xx_StdPeriph_Driver/src/stm32f4xx_hash_sha1.o Libraries/STM32F4xx_StdPeriph_Driver/src/stm32f4xx_i2c.o Libraries/STM32F4xx_StdPeriph_Driver/src/stm32f4xx_iwdg.o Libraries/STM32F4xx_StdPeriph_Driver/src/stm32f4xx_ltdc.o Libraries/STM32F4xx_StdPeriph_Driver/src/stm32f4xx_pwr.o Libraries/STM32F4xx_StdPeriph_Driver/src/stm32f4xx_rcc.o Libraries/STM32F4xx_StdPeriph_Driver/src/stm32f4xx_rng.o Libraries/STM32F4xx_StdPeriph_Driver/src/stm32f4xx_rtc.o Libraries/STM32F4xx_StdPeriph_Driver/src/stm32f4xx_sai.o Libraries/STM32F4xx_StdPeriph_Driver/src/stm32f4xx_sdio.o Libraries/STM32F4xx_StdPeriph_Driver/src/stm32f4xx_spi.o Libraries/STM32F4xx_StdPeriph_Driver/src/stm32f4xx_syscfg.o Libraries/STM32F4xx_StdPeriph_Driver/src/stm32f4xx_tim.o Libraries/STM32F4xx_StdPeriph_Driver/src/stm32f4xx_usart.o Libraries/STM32F4xx_StdPeriph_Driver/src/stm32f4xx_wwdg.o src/main.o src/serial.o src/startup_stm32f429x.o src/stm32f4xx_it.o src/system_stm32f4xx.o src/tiny_printf.o src/vt100.o -mthumb -mcpu=cortex-m4 -mfloat-abi=hard -mfpu=fpv4-sp-d16 -T../stm32f4_flash.ld -specs=nosys.specs -static -Wl,-cref,-u,Reset_Handler -Wl,-Map=spaceinvader.map -Wl,--gc-sections -Wl,--defsym=malloc_getpagesize_P=0x80 -Wl,--start-group -lc -lm -Wl,--end-group -specs=nano.specs 
/opt/Atollic_TrueSTUDIO_for_STM32_x86_64_9.3.0/ide/jre/bin/java -jar /opt/Atollic_TrueSTUDIO_for_STM32_x86_64_9.3.0/Tools/arm-atollic-reports.jar sizeinfo list spaceinvader.elf 
Generate build reports...
Print size information
   text	   data	    bss	    dec	    hex	filename
   3364	     28	   1056	   4448	   1160	spaceinvader.elf
Print size information done
Generate listing file
Output sent to: spaceinvader.list
Generate listing file done
Generate build reports done
14:54:14 **** Incremental Build of configuration Debug for project spaceinvader ****
Info: Internal Builder is used for build
arm-atollic-eabi-gcc -c ../src/main.c -mthumb -mcpu=cortex-m4 -mfloat-abi=hard -mfpu=fpv4-sp-d16 -std=gnu11 -DSTM32F42_43xxx -DUSE_STDPERIPH_DRIVER -I../src -I../Libraries/CMSIS/Include -I../Libraries/Device/ST/STM32F4xx/Include -I../Libraries/STM32F4xx_StdPeriph_Driver/inc -O0 -ffunction-sections -fdata-sections -g -fstack-usage -Wall -specs=nano.specs -o src/main.o 
../src/main.c: In function 'main':
../src/main.c:58:15: warning: unused variable 'playground' [-Wunused-variable]
   t_character playground[VT100_SCREEN_WIDTH][VT100_SCREEN_HEIGHT] = {0};
               ^~~~~~~~~~
../src/main.c:53:10: warning: unused variable 'enemy' [-Wunused-variable]
   t_ship enemy = {ENEMY_POSITION_X,ENEMY_POSITION_Y,ENEMY_SHIP,ENEMY_LIFE};
          ^~~~~
../src/main.c:52:10: warning: unused variable 'player' [-Wunused-variable]
   t_ship player = {PLAYER_POSITION_X,PLAYER_POSITION_Y,PLAYER_SHIP,PLAYER_LIFE};
          ^~~~~~
../src/main.c: In function 'init_enenmy':
../src/main.c:86:1: error: expected identifier before '}' token
 }
 ^
14:56:20 **** Incremental Build of configuration Debug for project spaceinvader ****
Info: Internal Builder is used for build
arm-atollic-eabi-gcc -c ../src/main.c -mthumb -mcpu=cortex-m4 -mfloat-abi=hard -mfpu=fpv4-sp-d16 -std=gnu11 -DSTM32F42_43xxx -DUSE_STDPERIPH_DRIVER -I../src -I../Libraries/CMSIS/Include -I../Libraries/Device/ST/STM32F4xx/Include -I../Libraries/STM32F4xx_StdPeriph_Driver/inc -O0 -ffunction-sections -fdata-sections -g -fstack-usage -Wall -specs=nano.specs -o src/main.o 
../src/main.c: In function 'main':
../src/main.c:58:15: warning: unused variable 'playground' [-Wunused-variable]
   t_character playground[VT100_SCREEN_WIDTH][VT100_SCREEN_HEIGHT] = {0};
               ^~~~~~~~~~
../src/main.c:53:10: warning: unused variable 'enemy' [-Wunused-variable]
   t_ship enemy = {ENEMY_POSITION_X,ENEMY_POSITION_Y,ENEMY_SHIP,ENEMY_LIFE};
          ^~~~~
../src/main.c:52:10: warning: unused variable 'player' [-Wunused-variable]
   t_ship player = {PLAYER_POSITION_X,PLAYER_POSITION_Y,PLAYER_SHIP,PLAYER_LIFE};
          ^~~~~~
../src/main.c: At top level:
../src/main.c:84:58: error: expected ';', ',' or ')' before '=' token
 void init_enenmy(t_ship enemy, const uint8_t nbr_enemies =15){
                                                          ^
14:56:46 **** Incremental Build of configuration Debug for project spaceinvader ****
Info: Internal Builder is used for build
arm-atollic-eabi-gcc -c ../src/main.c -mthumb -mcpu=cortex-m4 -mfloat-abi=hard -mfpu=fpv4-sp-d16 -std=gnu11 -DSTM32F42_43xxx -DUSE_STDPERIPH_DRIVER -I../src -I../Libraries/CMSIS/Include -I../Libraries/Device/ST/STM32F4xx/Include -I../Libraries/STM32F4xx_StdPeriph_Driver/inc -O0 -ffunction-sections -fdata-sections -g -fstack-usage -Wall -specs=nano.specs -o src/main.o 
../src/main.c: In function 'main':
../src/main.c:58:15: warning: unused variable 'playground' [-Wunused-variable]
   t_character playground[VT100_SCREEN_WIDTH][VT100_SCREEN_HEIGHT] = {0};
               ^~~~~~~~~~
../src/main.c:53:10: warning: unused variable 'enemy' [-Wunused-variable]
   t_ship enemy = {ENEMY_POSITION_X,ENEMY_POSITION_Y,ENEMY_SHIP,ENEMY_LIFE};
          ^~~~~
../src/main.c:52:10: warning: unused variable 'player' [-Wunused-variable]
   t_ship player = {PLAYER_POSITION_X,PLAYER_POSITION_Y,PLAYER_SHIP,PLAYER_LIFE};
          ^~~~~~
../src/main.c: At top level:
../src/main.c:84:58: error: expected ';', ',' or ')' before '=' token
 void init_enenmy(t_ship enemy, const uint8_t nbr_enemies =15){
                                                          ^
14:56:57 **** Incremental Build of configuration Debug for project spaceinvader ****
Info: Internal Builder is used for build
arm-atollic-eabi-gcc -c ../src/main.c -mthumb -mcpu=cortex-m4 -mfloat-abi=hard -mfpu=fpv4-sp-d16 -std=gnu11 -DSTM32F42_43xxx -DUSE_STDPERIPH_DRIVER -I../src -I../Libraries/CMSIS/Include -I../Libraries/Device/ST/STM32F4xx/Include -I../Libraries/STM32F4xx_StdPeriph_Driver/inc -O0 -ffunction-sections -fdata-sections -g -fstack-usage -Wall -specs=nano.specs -o src/main.o 
In file included from ../src/main.c:32:0:
../src/main.h:35:59: error: expected ';', ',' or ')' before '=' token
 void init_enemies(t_ship enemy, const uint8_t nbr_enemies =15);
                                                           ^
../src/main.c: In function 'main':
../src/main.c:58:15: warning: unused variable 'playground' [-Wunused-variable]
   t_character playground[VT100_SCREEN_WIDTH][VT100_SCREEN_HEIGHT] = {0};
               ^~~~~~~~~~
../src/main.c:53:10: warning: unused variable 'enemy' [-Wunused-variable]
   t_ship enemy = {ENEMY_POSITION_X,ENEMY_POSITION_Y,ENEMY_SHIP,ENEMY_LIFE};
          ^~~~~
../src/main.c:52:10: warning: unused variable 'player' [-Wunused-variable]
   t_ship player = {PLAYER_POSITION_X,PLAYER_POSITION_Y,PLAYER_SHIP,PLAYER_LIFE};
          ^~~~~~
../src/main.c: At top level:
../src/main.c:84:58: error: expected ';', ',' or ')' before '=' token
 void init_enenmy(t_ship enemy, const uint8_t nbr_enemies =15){
                                                          ^
14:57:15 **** Incremental Build of configuration Debug for project spaceinvader ****
Info: Internal Builder is used for build
arm-atollic-eabi-gcc -c ../src/main.c -mthumb -mcpu=cortex-m4 -mfloat-abi=hard -mfpu=fpv4-sp-d16 -std=gnu11 -DSTM32F42_43xxx -DUSE_STDPERIPH_DRIVER -I../src -I../Libraries/CMSIS/Include -I../Libraries/Device/ST/STM32F4xx/Include -I../Libraries/STM32F4xx_StdPeriph_Driver/inc -O0 -ffunction-sections -fdata-sections -g -fstack-usage -Wall -specs=nano.specs -o src/main.o 
In file included from ../src/main.c:32:0:
../src/main.h:35:59: error: expected ';', ',' or ')' before '=' token
 void init_enemies(t_ship enemy, const uint8_t nbr_enemies =15);
                                                           ^
../src/main.c: In function 'main':
../src/main.c:58:15: warning: unused variable 'playground' [-Wunused-variable]
   t_character playground[VT100_SCREEN_WIDTH][VT100_SCREEN_HEIGHT] = {0};
               ^~~~~~~~~~
../src/main.c:53:10: warning: unused variable 'enemy' [-Wunused-variable]
   t_ship enemy = {ENEMY_POSITION_X,ENEMY_POSITION_Y,ENEMY_SHIP,ENEMY_LIFE};
          ^~~~~
../src/main.c:52:10: warning: unused variable 'player' [-Wunused-variable]
   t_ship player = {PLAYER_POSITION_X,PLAYER_POSITION_Y,PLAYER_SHIP,PLAYER_LIFE};
          ^~~~~~
14:57:26 **** Incremental Build of configuration Debug for project spaceinvader ****
Info: Internal Builder is used for build
arm-atollic-eabi-gcc -c ../src/main.c -mthumb -mcpu=cortex-m4 -mfloat-abi=hard -mfpu=fpv4-sp-d16 -std=gnu11 -DSTM32F42_43xxx -DUSE_STDPERIPH_DRIVER -I../src -I../Libraries/CMSIS/Include -I../Libraries/Device/ST/STM32F4xx/Include -I../Libraries/STM32F4xx_StdPeriph_Driver/inc -O0 -ffunction-sections -fdata-sections -g -fstack-usage -Wall -specs=nano.specs -o src/main.o 
../src/main.c: In function 'main':
../src/main.c:58:15: warning: unused variable 'playground' [-Wunused-variable]
   t_character playground[VT100_SCREEN_WIDTH][VT100_SCREEN_HEIGHT] = {0};
               ^~~~~~~~~~
../src/main.c:53:10: warning: unused variable 'enemy' [-Wunused-variable]
   t_ship enemy = {ENEMY_POSITION_X,ENEMY_POSITION_Y,ENEMY_SHIP,ENEMY_LIFE};
          ^~~~~
../src/main.c:52:10: warning: unused variable 'player' [-Wunused-variable]
   t_ship player = {PLAYER_POSITION_X,PLAYER_POSITION_Y,PLAYER_SHIP,PLAYER_LIFE};
          ^~~~~~
arm-atollic-eabi-gcc -o spaceinvader.elf Libraries/STM32F4xx_StdPeriph_Driver/src/misc.o Libraries/STM32F4xx_StdPeriph_Driver/src/stm32f4xx_adc.o Libraries/STM32F4xx_StdPeriph_Driver/src/stm32f4xx_can.o Libraries/STM32F4xx_StdPeriph_Driver/src/stm32f4xx_crc.o Libraries/STM32F4xx_StdPeriph_Driver/src/stm32f4xx_cryp.o Libraries/STM32F4xx_StdPeriph_Driver/src/stm32f4xx_cryp_aes.o Libraries/STM32F4xx_StdPeriph_Driver/src/stm32f4xx_cryp_des.o Libraries/STM32F4xx_StdPeriph_Driver/src/stm32f4xx_cryp_tdes.o Libraries/STM32F4xx_StdPeriph_Driver/src/stm32f4xx_dac.o Libraries/STM32F4xx_StdPeriph_Driver/src/stm32f4xx_dbgmcu.o Libraries/STM32F4xx_StdPeriph_Driver/src/stm32f4xx_dcmi.o Libraries/STM32F4xx_StdPeriph_Driver/src/stm32f4xx_dma.o Libraries/STM32F4xx_StdPeriph_Driver/src/stm32f4xx_dma2d.o Libraries/STM32F4xx_StdPeriph_Driver/src/stm32f4xx_exti.o Libraries/STM32F4xx_StdPeriph_Driver/src/stm32f4xx_flash.o Libraries/STM32F4xx_StdPeriph_Driver/src/stm32f4xx_fmc.o Libraries/STM32F4xx_StdPeriph_Driver/src/stm32f4xx_gpio.o Libraries/STM32F4xx_StdPeriph_Driver/src/stm32f4xx_hash.o Libraries/STM32F4xx_StdPeriph_Driver/src/stm32f4xx_hash_md5.o Libraries/STM32F4xx_StdPeriph_Driver/src/stm32f4xx_hash_sha1.o Libraries/STM32F4xx_StdPeriph_Driver/src/stm32f4xx_i2c.o Libraries/STM32F4xx_StdPeriph_Driver/src/stm32f4xx_iwdg.o Libraries/STM32F4xx_StdPeriph_Driver/src/stm32f4xx_ltdc.o Libraries/STM32F4xx_StdPeriph_Driver/src/stm32f4xx_pwr.o Libraries/STM32F4xx_StdPeriph_Driver/src/stm32f4xx_rcc.o Libraries/STM32F4xx_StdPeriph_Driver/src/stm32f4xx_rng.o Libraries/STM32F4xx_StdPeriph_Driver/src/stm32f4xx_rtc.o Libraries/STM32F4xx_StdPeriph_Driver/src/stm32f4xx_sai.o Libraries/STM32F4xx_StdPeriph_Driver/src/stm32f4xx_sdio.o Libraries/STM32F4xx_StdPeriph_Driver/src/stm32f4xx_spi.o Libraries/STM32F4xx_StdPeriph_Driver/src/stm32f4xx_syscfg.o Libraries/STM32F4xx_StdPeriph_Driver/src/stm32f4xx_tim.o Libraries/STM32F4xx_StdPeriph_Driver/src/stm32f4xx_usart.o Libraries/STM32F4xx_StdPeriph_Driver/src/stm32f4xx_wwdg.o src/main.o src/serial.o src/startup_stm32f429x.o src/stm32f4xx_it.o src/system_stm32f4xx.o src/tiny_printf.o src/vt100.o -mthumb -mcpu=cortex-m4 -mfloat-abi=hard -mfpu=fpv4-sp-d16 -T../stm32f4_flash.ld -specs=nosys.specs -static -Wl,-cref,-u,Reset_Handler -Wl,-Map=spaceinvader.map -Wl,--gc-sections -Wl,--defsym=malloc_getpagesize_P=0x80 -Wl,--start-group -lc -lm -Wl,--end-group -specs=nano.specs 
/opt/Atollic_TrueSTUDIO_for_STM32_x86_64_9.3.0/ide/jre/bin/java -jar /opt/Atollic_TrueSTUDIO_for_STM32_x86_64_9.3.0/Tools/arm-atollic-reports.jar sizeinfo list spaceinvader.elf 
Generate build reports...
Print size information
   text	   data	    bss	    dec	    hex	filename
   3364	     28	   1056	   4448	   1160	spaceinvader.elf
Print size information done
Generate listing file
Output sent to: spaceinvader.list
Generate listing file done
Generate build reports done
14:59:04 **** Incremental Build of configuration Debug for project spaceinvader ****
Info: Internal Builder is used for build
arm-atollic-eabi-gcc -c ../src/main.c -mthumb -mcpu=cortex-m4 -mfloat-abi=hard -mfpu=fpv4-sp-d16 -std=gnu11 -DSTM32F42_43xxx -DUSE_STDPERIPH_DRIVER -I../src -I../Libraries/CMSIS/Include -I../Libraries/Device/ST/STM32F4xx/Include -I../Libraries/STM32F4xx_StdPeriph_Driver/inc -O0 -ffunction-sections -fdata-sections -g -fstack-usage -Wall -specs=nano.specs -o src/main.o 
../src/main.c: In function 'main':
../src/main.c:58:15: warning: unused variable 'playground' [-Wunused-variable]
   t_character playground[VT100_SCREEN_WIDTH][VT100_SCREEN_HEIGHT] = {0};
               ^~~~~~~~~~
../src/main.c:53:10: warning: unused variable 'enemy' [-Wunused-variable]
   t_ship enemy = {ENEMY_POSITION_X,ENEMY_POSITION_Y,ENEMY_SHIP,ENEMY_LIFE};
          ^~~~~
../src/main.c:52:10: warning: unused variable 'player' [-Wunused-variable]
   t_ship player = {PLAYER_POSITION_X,PLAYER_POSITION_Y,PLAYER_SHIP,PLAYER_LIFE};
          ^~~~~~
../src/main.c: At top level:
../src/main.c:84:17: error: expected '=', ',', ';', 'asm' or '__attribute__' before 'init_enenmy'
 t_ship *enemies init_enenmy(t_ship enemy, uint8_t nbr_enemies){
                 ^~~~~~~~~~~
15:00:36 **** Incremental Build of configuration Debug for project spaceinvader ****
Info: Internal Builder is used for build
arm-atollic-eabi-gcc -c ../src/main.c -mthumb -mcpu=cortex-m4 -mfloat-abi=hard -mfpu=fpv4-sp-d16 -std=gnu11 -DSTM32F42_43xxx -DUSE_STDPERIPH_DRIVER -I../src -I../Libraries/CMSIS/Include -I../Libraries/Device/ST/STM32F4xx/Include -I../Libraries/STM32F4xx_StdPeriph_Driver/inc -O0 -ffunction-sections -fdata-sections -g -fstack-usage -Wall -specs=nano.specs -o src/main.o 
../src/main.c: In function 'main':
../src/main.c:58:15: warning: unused variable 'playground' [-Wunused-variable]
   t_character playground[VT100_SCREEN_WIDTH][VT100_SCREEN_HEIGHT] = {0};
               ^~~~~~~~~~
../src/main.c:53:10: warning: unused variable 'enemy' [-Wunused-variable]
   t_ship enemy = {ENEMY_POSITION_X,ENEMY_POSITION_Y,ENEMY_SHIP,ENEMY_LIFE};
          ^~~~~
../src/main.c:52:10: warning: unused variable 'player' [-Wunused-variable]
   t_ship player = {PLAYER_POSITION_X,PLAYER_POSITION_Y,PLAYER_SHIP,PLAYER_LIFE};
          ^~~~~~
../src/main.c: At top level:
[...]
/opt/Atollic_TrueSTUDIO_for_STM32_x86_64_9.3.0/ide/jre/bin/java -jar /opt/Atollic_TrueSTUDIO_for_STM32_x86_64_9.3.0/Tools/arm-atollic-reports.jar sizeinfo list spaceinvader.elf 
Generate build reports...
Print size information
   text	   data	    bss	    dec	    hex	filename
   5612	     28	   1056	   6696	   1a28	spaceinvader.elf
Print size information done
Generate listing file
Output sent to: spaceinvader.list
Generate listing file done
Generate build reports done
15:40:59 **** Incremental Build of configuration Debug for project spaceinvader ****
Info: Internal Builder is used for build
arm-atollic-eabi-gcc -c ../src/main.c -mthumb -mcpu=cortex-m4 -mfloat-abi=hard -mfpu=fpv4-sp-d16 -std=gnu11 -DSTM32F42_43xxx -DUSE_STDPERIPH_DRIVER -I../src -I../Libraries/CMSIS/Include -I../Libraries/Device/ST/STM32F4xx/Include -I../Libraries/STM32F4xx_StdPeriph_Driver/inc -O0 -ffunction-sections -fdata-sections -g -fstack-usage -Wall -specs=nano.specs -o src/main.o 
../src/main.c: In function 'main':
../src/main.c:53:10: warning: unused variable 'move_enemies' [-Wunused-variable]
  uint8_t move_enemies = FALSE;
          ^~~~~~~~~~~~
arm-atollic-eabi-gcc -o spaceinvader.elf Libraries/STM32F4xx_StdPeriph_Driver/src/misc.o Libraries/STM32F4xx_StdPeriph_Driver/src/stm32f4xx_adc.o Libraries/STM32F4xx_StdPeriph_Driver/src/stm32f4xx_can.o Libraries/STM32F4xx_StdPeriph_Driver/src/stm32f4xx_crc.o Libraries/STM32F4xx_StdPeriph_Driver/src/stm32f4xx_cryp.o Libraries/STM32F4xx_StdPeriph_Driver/src/stm32f4xx_cryp_aes.o Libraries/STM32F4xx_StdPeriph_Driver/src/stm32f4xx_cryp_des.o Libraries/STM32F4xx_StdPeriph_Driver/src/stm32f4xx_cryp_tdes.o Libraries/STM32F4xx_StdPeriph_Driver/src/stm32f4xx_dac.o Libraries/STM32F4xx_StdPeriph_Driver/src/stm32f4xx_dbgmcu.o Libraries/STM32F4xx_StdPeriph_Driver/src/stm32f4xx_dcmi.o Libraries/STM32F4xx_StdPeriph_Driver/src/stm32f4xx_dma.o Libraries/STM32F4xx_StdPeriph_Driver/src/stm32f4xx_dma2d.o Libraries/STM32F4xx_StdPeriph_Driver/src/stm32f4xx_exti.o Libraries/STM32F4xx_StdPeriph_Driver/src/stm32f4xx_flash.o Libraries/STM32F4xx_StdPeriph_Driver/src/stm32f4xx_fmc.o Libraries/STM32F4xx_StdPeriph_Driver/src/stm32f4xx_gpio.o Libraries/STM32F4xx_StdPeriph_Driver/src/stm32f4xx_hash.o Libraries/STM32F4xx_StdPeriph_Driver/src/stm32f4xx_hash_md5.o Libraries/STM32F4xx_StdPeriph_Driver/src/stm32f4xx_hash_sha1.o Libraries/STM32F4xx_StdPeriph_Driver/src/stm32f4xx_i2c.o Libraries/STM32F4xx_StdPeriph_Driver/src/stm32f4xx_iwdg.o Libraries/STM32F4xx_StdPeriph_Driver/src/stm32f4xx_ltdc.o Libraries/STM32F4xx_StdPeriph_Driver/src/stm32f4xx_pwr.o Libraries/STM32F4xx_StdPeriph_Driver/src/stm32f4xx_rcc.o Libraries/STM32F4xx_StdPeriph_Driver/src/stm32f4xx_rng.o Libraries/STM32F4xx_StdPeriph_Driver/src/stm32f4xx_rtc.o Libraries/STM32F4xx_StdPeriph_Driver/src/stm32f4xx_sai.o Libraries/STM32F4xx_StdPeriph_Driver/src/stm32f4xx_sdio.o Libraries/STM32F4xx_StdPeriph_Driver/src/stm32f4xx_spi.o Libraries/STM32F4xx_StdPeriph_Driver/src/stm32f4xx_syscfg.o Libraries/STM32F4xx_StdPeriph_Driver/src/stm32f4xx_tim.o Libraries/STM32F4xx_StdPeriph_Driver/src/stm32f4xx_usart.o Libraries/STM32F4xx_StdPeriph_Driver/src/stm32f4xx_wwdg.o src/main.o src/serial.o src/startup_stm32f429x.o src/stm32f4xx_it.o src/system_stm32f4xx.o src/tiny_printf.o src/vt100.o -mthumb -mcpu=cortex-m4 -mfloat-abi=hard -mfpu=fpv4-sp-d16 -T../stm32f4_flash.ld -specs=nosys.specs -static -Wl,-cref,-u,Reset_Handler -Wl,-Map=spaceinvader.map -Wl,--gc-sections -Wl,--defsym=malloc_getpagesize_P=0x80 -Wl,--start-group -lc -lm -Wl,--end-group -specs=nano.specs 
/opt/Atollic_TrueSTUDIO_for_STM32_x86_64_9.3.0/ide/jre/bin/java -jar /opt/Atollic_TrueSTUDIO_for_STM32_x86_64_9.3.0/Tools/arm-atollic-reports.jar sizeinfo list spaceinvader.elf 
Generate build reports...
Print size information
   text	   data	    bss	    dec	    hex	filename
   5612	     28	   1056	   6696	   1a28	spaceinvader.elf
Print size information done
Generate listing file
Output sent to: spaceinvader.list
Generate listing file done
Generate build reports done
Info: Nothing to build for spaceinvader
15:44:18 **** Incremental Build of configuration Debug for project spaceinvader ****
Info: Internal Builder is used for build
arm-atollic-eabi-gcc -c ../src/main.c -mthumb -mcpu=cortex-m4 -mfloat-abi=hard -mfpu=fpv4-sp-d16 -std=gnu11 -DSTM32F42_43xxx -DUSE_STDPERIPH_DRIVER -I../src -I../Libraries/CMSIS/Include -I../Libraries/Device/ST/STM32F4xx/Include -I../Libraries/STM32F4xx_StdPeriph_Driver/inc -O0 -ffunction-sections -fdata-sections -g -fstack-usage -Wall -specs=nano.specs -o src/main.o 
../src/main.c: In function 'main':
../src/main.c:53:10: warning: unused variable 'move_enemies' [-Wunused-variable]
  uint8_t move_enemies = FALSE;
          ^~~~~~~~~~~~
arm-atollic-eabi-gcc -o spaceinvader.elf Libraries/STM32F4xx_StdPeriph_Driver/src/misc.o Libraries/STM32F4xx_StdPeriph_Driver/src/stm32f4xx_adc.o Libraries/STM32F4xx_StdPeriph_Driver/src/stm32f4xx_can.o Libraries/STM32F4xx_StdPeriph_Driver/src/stm32f4xx_crc.o Libraries/STM32F4xx_StdPeriph_Driver/src/stm32f4xx_cryp.o Libraries/STM32F4xx_StdPeriph_Driver/src/stm32f4xx_cryp_aes.o Libraries/STM32F4xx_StdPeriph_Driver/src/stm32f4xx_cryp_des.o Libraries/STM32F4xx_StdPeriph_Driver/src/stm32f4xx_cryp_tdes.o Libraries/STM32F4xx_StdPeriph_Driver/src/stm32f4xx_dac.o Libraries/STM32F4xx_StdPeriph_Driver/src/stm32f4xx_dbgmcu.o Libraries/STM32F4xx_StdPeriph_Driver/src/stm32f4xx_dcmi.o Libraries/STM32F4xx_StdPeriph_Driver/src/stm32f4xx_dma.o Libraries/STM32F4xx_StdPeriph_Driver/src/stm32f4xx_dma2d.o Libraries/STM32F4xx_StdPeriph_Driver/src/stm32f4xx_exti.o Libraries/STM32F4xx_StdPeriph_Driver/src/stm32f4xx_flash.o Libraries/STM32F4xx_StdPeriph_Driver/src/stm32f4xx_fmc.o Libraries/STM32F4xx_StdPeriph_Driver/src/stm32f4xx_gpio.o Libraries/STM32F4xx_StdPeriph_Driver/src/stm32f4xx_hash.o Libraries/STM32F4xx_StdPeriph_Driver/src/stm32f4xx_hash_md5.o Libraries/STM32F4xx_StdPeriph_Driver/src/stm32f4xx_hash_sha1.o Libraries/STM32F4xx_StdPeriph_Driver/src/stm32f4xx_i2c.o Libraries/STM32F4xx_StdPeriph_Driver/src/stm32f4xx_iwdg.o Libraries/STM32F4xx_StdPeriph_Driver/src/stm32f4xx_ltdc.o Libraries/STM32F4xx_StdPeriph_Driver/src/stm32f4xx_pwr.o Libraries/STM32F4xx_StdPeriph_Driver/src/stm32f4xx_rcc.o Libraries/STM32F4xx_StdPeriph_Driver/src/stm32f4xx_rng.o Libraries/STM32F4xx_StdPeriph_Driver/src/stm32f4xx_rtc.o Libraries/STM32F4xx_StdPeriph_Driver/src/stm32f4xx_sai.o Libraries/STM32F4xx_StdPeriph_Driver/src/stm32f4xx_sdio.o Libraries/STM32F4xx_StdPeriph_Driver/src/stm32f4xx_spi.o Libraries/STM32F4xx_StdPeriph_Driver/src/stm32f4xx_syscfg.o Libraries/STM32F4xx_StdPeriph_Driver/src/stm32f4xx_tim.o Libraries/STM32F4xx_StdPeriph_Driver/src/stm32f4xx_usart.o Libraries/STM32F4xx_StdPeriph_Driver/src/stm32f4xx_wwdg.o src/main.o src/serial.o src/startup_stm32f429x.o src/stm32f4xx_it.o src/system_stm32f4xx.o src/tiny_printf.o src/vt100.o -mthumb -mcpu=cortex-m4 -mfloat-abi=hard -mfpu=fpv4-sp-d16 -T../stm32f4_flash.ld -specs=nosys.specs -static -Wl,-cref,-u,Reset_Handler -Wl,-Map=spaceinvader.map -Wl,--gc-sections -Wl,--defsym=malloc_getpagesize_P=0x80 -Wl,--start-group -lc -lm -Wl,--end-group -specs=nano.specs 
/opt/Atollic_TrueSTUDIO_for_STM32_x86_64_9.3.0/ide/jre/bin/java -jar /opt/Atollic_TrueSTUDIO_for_STM32_x86_64_9.3.0/Tools/arm-atollic-reports.jar sizeinfo list spaceinvader.elf 
Generate build reports...
Print size information
   text	   data	    bss	    dec	    hex	filename
   5612	     28	   1056	   6696	   1a28	spaceinvader.elf
Print size information done
Generate listing file
Output sent to: spaceinvader.list
Generate listing file done
Generate build reports done
15:47:11 **** Incremental Build of configuration Debug for project spaceinvader ****
Info: Internal Builder is used for build
arm-atollic-eabi-gcc -c ../src/main.c -mthumb -mcpu=cortex-m4 -mfloat-abi=hard -mfpu=fpv4-sp-d16 -std=gnu11 -DSTM32F42_43xxx -DUSE_STDPERIPH_DRIVER -I../src -I../Libraries/CMSIS/Include -I../Libraries/Device/ST/STM32F4xx/Include -I../Libraries/STM32F4xx_StdPeriph_Driver/inc -O0 -ffunction-sections -fdata-sections -g -fstack-usage -Wall -specs=nano.specs -o src/main.o 
../src/main.c: In function 'main':
../src/main.c:53:10: warning: unused variable 'move_enemies' [-Wunused-variable]
  uint8_t move_enemies = FALSE;
          ^~~~~~~~~~~~
arm-atollic-eabi-gcc -o spaceinvader.elf Libraries/STM32F4xx_StdPeriph_Driver/src/misc.o Libraries/STM32F4xx_StdPeriph_Driver/src/stm32f4xx_adc.o Libraries/STM32F4xx_StdPeriph_Driver/src/stm32f4xx_can.o Libraries/STM32F4xx_StdPeriph_Driver/src/stm32f4xx_crc.o Libraries/STM32F4xx_StdPeriph_Driver/src/stm32f4xx_cryp.o Libraries/STM32F4xx_StdPeriph_Driver/src/stm32f4xx_cryp_aes.o Libraries/STM32F4xx_StdPeriph_Driver/src/stm32f4xx_cryp_des.o Libraries/STM32F4xx_StdPeriph_Driver/src/stm32f4xx_cryp_tdes.o Libraries/STM32F4xx_StdPeriph_Driver/src/stm32f4xx_dac.o Libraries/STM32F4xx_StdPeriph_Driver/src/stm32f4xx_dbgmcu.o Libraries/STM32F4xx_StdPeriph_Driver/src/stm32f4xx_dcmi.o Libraries/STM32F4xx_StdPeriph_Driver/src/stm32f4xx_dma.o Libraries/STM32F4xx_StdPeriph_Driver/src/stm32f4xx_dma2d.o Libraries/STM32F4xx_StdPeriph_Driver/src/stm32f4xx_exti.o Libraries/STM32F4xx_StdPeriph_Driver/src/stm32f4xx_flash.o Libraries/STM32F4xx_StdPeriph_Driver/src/stm32f4xx_fmc.o Libraries/STM32F4xx_StdPeriph_Driver/src/stm32f4xx_gpio.o Libraries/STM32F4xx_StdPeriph_Driver/src/stm32f4xx_hash.o Libraries/STM32F4xx_StdPeriph_Driver/src/stm32f4xx_hash_md5.o Libraries/STM32F4xx_StdPeriph_Driver/src/stm32f4xx_hash_sha1.o Libraries/STM32F4xx_StdPeriph_Driver/src/stm32f4xx_i2c.o Libraries/STM32F4xx_StdPeriph_Driver/src/stm32f4xx_iwdg.o Libraries/STM32F4xx_StdPeriph_Driver/src/stm32f4xx_ltdc.o Libraries/STM32F4xx_StdPeriph_Driver/src/stm32f4xx_pwr.o Libraries/STM32F4xx_StdPeriph_Driver/src/stm32f4xx_rcc.o Libraries/STM32F4xx_StdPeriph_Driver/src/stm32f4xx_rng.o Libraries/STM32F4xx_StdPeriph_Driver/src/stm32f4xx_rtc.o Libraries/STM32F4xx_StdPeriph_Driver/src/stm32f4xx_sai.o Libraries/STM32F4xx_StdPeriph_Driver/src/stm32f4xx_sdio.o Libraries/STM32F4xx_StdPeriph_Driver/src/stm32f4xx_spi.o Libraries/STM32F4xx_StdPeriph_Driver/src/stm32f4xx_syscfg.o Libraries/STM32F4xx_StdPeriph_Driver/src/stm32f4xx_tim.o Libraries/STM32F4xx_StdPeriph_Driver/src/stm32f4xx_usart.o Libraries/STM32F4xx_StdPeriph_Driver/src/stm32f4xx_wwdg.o src/main.o src/serial.o src/startup_stm32f429x.o src/stm32f4xx_it.o src/system_stm32f4xx.o src/tiny_printf.o src/vt100.o -mthumb -mcpu=cortex-m4 -mfloat-abi=hard -mfpu=fpv4-sp-d16 -T../stm32f4_flash.ld -specs=nosys.specs -static -Wl,-cref,-u,Reset_Handler -Wl,-Map=spaceinvader.map -Wl,--gc-sections -Wl,--defsym=malloc_getpagesize_P=0x80 -Wl,--start-group -lc -lm -Wl,--end-group -specs=nano.specs 
/opt/Atollic_TrueSTUDIO_for_STM32_x86_64_9.3.0/ide/jre/bin/java -jar /opt/Atollic_TrueSTUDIO_for_STM32_x86_64_9.3.0/Tools/arm-atollic-reports.jar sizeinfo list spaceinvader.elf 
Generate build reports...
Print size information
   text	   data	    bss	    dec	    hex	filename
   5644	     28	   1056	   6728	   1a48	spaceinvader.elf
Print size information done
Generate listing file
Output sent to: spaceinvader.list
Generate listing file done
Generate build reports done
15:52:14 **** Incremental Build of configuration Debug for project spaceinvader ****
Info: Internal Builder is used for build
arm-atollic-eabi-gcc -c ../src/main.c -mthumb -mcpu=cortex-m4 -mfloat-abi=hard -mfpu=fpv4-sp-d16 -std=gnu11 -DSTM32F42_43xxx -DUSE_STDPERIPH_DRIVER -I../src -I../Libraries/CMSIS/Include -I../Libraries/Device/ST/STM32F4xx/Include -I../Libraries/STM32F4xx_StdPeriph_Driver/inc -O0 -ffunction-sections -fdata-sections -g -fstack-usage -Wall -specs=nano.specs -o src/main.o 
../src/main.c: In function 'main':
../src/main.c:53:10: warning: unused variable 'move_enemies' [-Wunused-variable]
  uint8_t move_enemies = FALSE;
          ^~~~~~~~~~~~
arm-atollic-eabi-gcc -o spaceinvader.elf Libraries/STM32F4xx_StdPeriph_Driver/src/misc.o Libraries/STM32F4xx_StdPeriph_Driver/src/stm32f4xx_adc.o Libraries/STM32F4xx_StdPeriph_Driver/src/stm32f4xx_can.o Libraries/STM32F4xx_StdPeriph_Driver/src/stm32f4xx_crc.o Libraries/STM32F4xx_StdPeriph_Driver/src/stm32f4xx_cryp.o Libraries/STM32F4xx_StdPeriph_Driver/src/stm32f4xx_cryp_aes.o Libraries/STM32F4xx_StdPeriph_Driver/src/stm32f4xx_cryp_des.o Libraries/STM32F4xx_StdPeriph_Driver/src/stm32f4xx_cryp_tdes.o Libraries/STM32F4xx_StdPeriph_Driver/src/stm32f4xx_dac.o Libraries/STM32F4xx_StdPeriph_Driver/src/stm32f4xx_dbgmcu.o Libraries/STM32F4xx_StdPeriph_Driver/src/stm32f4xx_dcmi.o Libraries/STM32F4xx_StdPeriph_Driver/src/stm32f4xx_dma.o Libraries/STM32F4xx_StdPeriph_Driver/src/stm32f4xx_dma2d.o Libraries/STM32F4xx_StdPeriph_Driver/src/stm32f4xx_exti.o Libraries/STM32F4xx_StdPeriph_Driver/src/stm32f4xx_flash.o Libraries/STM32F4xx_StdPeriph_Driver/src/stm32f4xx_fmc.o Libraries/STM32F4xx_StdPeriph_Driver/src/stm32f4xx_gpio.o Libraries/STM32F4xx_StdPeriph_Driver/src/stm32f4xx_hash.o Libraries/STM32F4xx_StdPeriph_Driver/src/stm32f4xx_hash_md5.o Libraries/STM32F4xx_StdPeriph_Driver/src/stm32f4xx_hash_sha1.o Libraries/STM32F4xx_StdPeriph_Driver/src/stm32f4xx_i2c.o Libraries/STM32F4xx_StdPeriph_Driver/src/stm32f4xx_iwdg.o Libraries/STM32F4xx_StdPeriph_Driver/src/stm32f4xx_ltdc.o Libraries/STM32F4xx_StdPeriph_Driver/src/stm32f4xx_pwr.o Libraries/STM32F4xx_StdPeriph_Driver/src/stm32f4xx_rcc.o Libraries/STM32F4xx_StdPeriph_Driver/src/stm32f4xx_rng.o Libraries/STM32F4xx_StdPeriph_Driver/src/stm32f4xx_rtc.o Libraries/STM32F4xx_StdPeriph_Driver/src/stm32f4xx_sai.o Libraries/STM32F4xx_StdPeriph_Driver/src/stm32f4xx_sdio.o Libraries/STM32F4xx_StdPeriph_Driver/src/stm32f4xx_spi.o Libraries/STM32F4xx_StdPeriph_Driver/src/stm32f4xx_syscfg.o Libraries/STM32F4xx_StdPeriph_Driver/src/stm32f4xx_tim.o Libraries/STM32F4xx_StdPeriph_Driver/src/stm32f4xx_usart.o Libraries/STM32F4xx_StdPeriph_Driver/src/stm32f4xx_wwdg.o src/main.o src/serial.o src/startup_stm32f429x.o src/stm32f4xx_it.o src/system_stm32f4xx.o src/tiny_printf.o src/vt100.o -mthumb -mcpu=cortex-m4 -mfloat-abi=hard -mfpu=fpv4-sp-d16 -T../stm32f4_flash.ld -specs=nosys.specs -static -Wl,-cref,-u,Reset_Handler -Wl,-Map=spaceinvader.map -Wl,--gc-sections -Wl,--defsym=malloc_getpagesize_P=0x80 -Wl,--start-group -lc -lm -Wl,--end-group -specs=nano.specs 
/opt/Atollic_TrueSTUDIO_for_STM32_x86_64_9.3.0/ide/jre/bin/java -jar /opt/Atollic_TrueSTUDIO_for_STM32_x86_64_9.3.0/Tools/arm-atollic-reports.jar sizeinfo list spaceinvader.elf 
Generate build reports...
Print size information
   text	   data	    bss	    dec	    hex	filename
   5644	     28	   1056	   6728	   1a48	spaceinvader.elf
Print size information done
Generate listing file
Output sent to: spaceinvader.list
Generate listing file done
Generate build reports done
Info: Nothing to build for spaceinvader
15:54:21 **** Incremental Build of configuration Debug for project spaceinvader ****
Info: Internal Builder is used for build
arm-atollic-eabi-gcc -c ../src/main.c -mthumb -mcpu=cortex-m4 -mfloat-abi=hard -mfpu=fpv4-sp-d16 -std=gnu11 -DSTM32F42_43xxx -DUSE_STDPERIPH_DRIVER -I../src -I../Libraries/CMSIS/Include -I../Libraries/Device/ST/STM32F4xx/Include -I../Libraries/STM32F4xx_StdPeriph_Driver/inc -O0 -ffunction-sections -fdata-sections -g -fstack-usage -Wall -specs=nano.specs -o src/main.o 
../src/main.c: In function 'main':
../src/main.c:53:10: warning: unused variable 'move_enemies' [-Wunused-variable]
  uint8_t move_enemies = FALSE;
          ^~~~~~~~~~~~
arm-atollic-eabi-gcc -o spaceinvader.elf Libraries/STM32F4xx_StdPeriph_Driver/src/misc.o Libraries/STM32F4xx_StdPeriph_Driver/src/stm32f4xx_adc.o Libraries/STM32F4xx_StdPeriph_Driver/src/stm32f4xx_can.o Libraries/STM32F4xx_StdPeriph_Driver/src/stm32f4xx_crc.o Libraries/STM32F4xx_StdPeriph_Driver/src/stm32f4xx_cryp.o Libraries/STM32F4xx_StdPeriph_Driver/src/stm32f4xx_cryp_aes.o Libraries/STM32F4xx_StdPeriph_Driver/src/stm32f4xx_cryp_des.o Libraries/STM32F4xx_StdPeriph_Driver/src/stm32f4xx_cryp_tdes.o Libraries/STM32F4xx_StdPeriph_Driver/src/stm32f4xx_dac.o Libraries/STM32F4xx_StdPeriph_Driver/src/stm32f4xx_dbgmcu.o Libraries/STM32F4xx_StdPeriph_Driver/src/stm32f4xx_dcmi.o Libraries/STM32F4xx_StdPeriph_Driver/src/stm32f4xx_dma.o Libraries/STM32F4xx_StdPeriph_Driver/src/stm32f4xx_dma2d.o Libraries/STM32F4xx_StdPeriph_Driver/src/stm32f4xx_exti.o Libraries/STM32F4xx_StdPeriph_Driver/src/stm32f4xx_flash.o Libraries/STM32F4xx_StdPeriph_Driver/src/stm32f4xx_fmc.o Libraries/STM32F4xx_StdPeriph_Driver/src/stm32f4xx_gpio.o Libraries/STM32F4xx_StdPeriph_Driver/src/stm32f4xx_hash.o Libraries/STM32F4xx_StdPeriph_Driver/src/stm32f4xx_hash_md5.o Libraries/STM32F4xx_StdPeriph_Driver/src/stm32f4xx_hash_sha1.o Libraries/STM32F4xx_StdPeriph_Driver/src/stm32f4xx_i2c.o Libraries/STM32F4xx_StdPeriph_Driver/src/stm32f4xx_iwdg.o Libraries/STM32F4xx_StdPeriph_Driver/src/stm32f4xx_ltdc.o Libraries/STM32F4xx_StdPeriph_Driver/src/stm32f4xx_pwr.o Libraries/STM32F4xx_StdPeriph_Driver/src/stm32f4xx_rcc.o Libraries/STM32F4xx_StdPeriph_Driver/src/stm32f4xx_rng.o Libraries/STM32F4xx_StdPeriph_Driver/src/stm32f4xx_rtc.o Libraries/STM32F4xx_StdPeriph_Driver/src/stm32f4xx_sai.o Libraries/STM32F4xx_StdPeriph_Driver/src/stm32f4xx_sdio.o Libraries/STM32F4xx_StdPeriph_Driver/src/stm32f4xx_spi.o Libraries/STM32F4xx_StdPeriph_Driver/src/stm32f4xx_syscfg.o Libraries/STM32F4xx_StdPeriph_Driver/src/stm32f4xx_tim.o Libraries/STM32F4xx_StdPeriph_Driver/src/stm32f4xx_usart.o Libraries/STM32F4xx_StdPeriph_Driver/src/stm32f4xx_wwdg.o src/main.o src/serial.o src/startup_stm32f429x.o src/stm32f4xx_it.o src/system_stm32f4xx.o src/tiny_printf.o src/vt100.o -mthumb -mcpu=cortex-m4 -mfloat-abi=hard -mfpu=fpv4-sp-d16 -T../stm32f4_flash.ld -specs=nosys.specs -static -Wl,-cref,-u,Reset_Handler -Wl,-Map=spaceinvader.map -Wl,--gc-sections -Wl,--defsym=malloc_getpagesize_P=0x80 -Wl,--start-group -lc -lm -Wl,--end-group -specs=nano.specs 
/opt/Atollic_TrueSTUDIO_for_STM32_x86_64_9.3.0/ide/jre/bin/java -jar /opt/Atollic_TrueSTUDIO_for_STM32_x86_64_9.3.0/Tools/arm-atollic-reports.jar sizeinfo list spaceinvader.elf 
Generate build reports...
Print size information
   text	   data	    bss	    dec	    hex	filename
   5636	     28	   1056	   6720	   1a40	spaceinvader.elf
Print size information done
Generate listing file
Output sent to: spaceinvader.list
Generate listing file done
Generate build reports done
