16:17:49 **** Rebuild of configuration Debug for project spaceinvader ****
Info: Internal Builder is used for build
arm-atollic-eabi-gcc -c ../Libraries/STM32F4xx_StdPeriph_Driver/src/stm32f4xx_cryp_tdes.c -mthumb -mcpu=cortex-m4 -mfloat-abi=hard -mfpu=fpv4-sp-d16 -std=gnu11 -DSTM32F42_43xxx -DUSE_STDPERIPH_DRIVER -I../src -I../Libraries/CMSIS/Include -I../Libraries/Device/ST/STM32F4xx/Include -I../Libraries/STM32F4xx_StdPeriph_Driver/inc -O0 -ffunction-sections -fdata-sections -g -fstack-usage -Wall -specs=nano.specs -o Libraries/STM32F4xx_StdPeriph_Driver/src/stm32f4xx_cryp_tdes.o 
In file included from ../Libraries/STM32F4xx_StdPeriph_Driver/inc/stm32f4xx_cryp.h:38:0,
                 from ../Libraries/STM32F4xx_StdPeriph_Driver/src/stm32f4xx_cryp_tdes.c:48:
../Libraries/Device/ST/STM32F4xx/Include/stm32f4xx.h:8958:30: fatal error: stm32f4xx_conf.h: No such file or directory
   #include "stm32f4xx_conf.h"
                              ^
compilation terminated.
16:18:15 **** Incremental Build of configuration Debug for project spaceinvader ****
Info: Internal Builder is used for build
arm-atollic-eabi-gcc -c ../Libraries/STM32F4xx_StdPeriph_Driver/src/stm32f4xx_sdio.c -mthumb -mcpu=cortex-m4 -mfloat-abi=hard -mfpu=fpv4-sp-d16 -std=gnu11 -DSTM32F42_43xxx -DUSE_STDPERIPH_DRIVER -I../src -I../Libraries/CMSIS/Include -I../Libraries/Device/ST/STM32F4xx/Include -I../Libraries/STM32F4xx_StdPeriph_Driver/inc -O0 -ffunction-sections -fdata-sections -g -fstack-usage -Wall -specs=nano.specs -o Libraries/STM32F4xx_StdPeriph_Driver/src/stm32f4xx_sdio.o 
arm-atollic-eabi-gcc -c ../Libraries/STM32F4xx_StdPeriph_Driver/src/stm32f4xx_usart.c -mthumb -mcpu=cortex-m4 -mfloat-abi=hard -mfpu=fpv4-sp-d16 -std=gnu11 -DSTM32F42_43xxx -DUSE_STDPERIPH_DRIVER -I../src -I../Libraries/CMSIS/Include -I../Libraries/Device/ST/STM32F4xx/Include -I../Libraries/STM32F4xx_StdPeriph_Driver/inc -O0 -ffunction-sections -fdata-sections -g -fstack-usage -Wall -specs=nano.specs -o Libraries/STM32F4xx_StdPeriph_Driver/src/stm32f4xx_usart.o 
arm-atollic-eabi-gcc -c ../Libraries/STM32F4xx_StdPeriph_Driver/src/stm32f4xx_fmc.c -mthumb -mcpu=cortex-m4 -mfloat-abi=hard -mfpu=fpv4-sp-d16 -std=gnu11 -DSTM32F42_43xxx -DUSE_STDPERIPH_DRIVER -I../src -I../Libraries/CMSIS/Include -I../Libraries/Device/ST/STM32F4xx/Include -I../Libraries/STM32F4xx_StdPeriph_Driver/inc -O0 -ffunction-sections -fdata-sections -g -fstack-usage -Wall -specs=nano.specs -o Libraries/STM32F4xx_StdPeriph_Driver/src/stm32f4xx_fmc.o 
arm-atollic-eabi-gcc -c ../Libraries/STM32F4xx_StdPeriph_Driver/src/stm32f4xx_gpio.c -mthumb -mcpu=cortex-m4 -mfloat-abi=hard -mfpu=fpv4-sp-d16 -std=gnu11 -DSTM32F42_43xxx -DUSE_STDPERIPH_DRIVER -I../src -I../Libraries/CMSIS/Include -I../Libraries/Device/ST/STM32F4xx/Include -I../Libraries/STM32F4xx_StdPeriph_Driver/inc -O0 -ffunction-sections -fdata-sections -g -fstack-usage -Wall -specs=nano.specs -o Libraries/STM32F4xx_StdPeriph_Driver/src/stm32f4xx_gpio.o 
arm-atollic-eabi-gcc -c ../Libraries/STM32F4xx_StdPeriph_Driver/src/stm32f4xx_can.c -mthumb -mcpu=cortex-m4 -mfloat-abi=hard -mfpu=fpv4-sp-d16 -std=gnu11 -DSTM32F42_43xxx -DUSE_STDPERIPH_DRIVER -I../src -I../Libraries/CMSIS/Include -I../Libraries/Device/ST/STM32F4xx/Include -I../Libraries/STM32F4xx_StdPeriph_Driver/inc -O0 -ffunction-sections -fdata-sections -g -fstack-usage -Wall -specs=nano.specs -o Libraries/STM32F4xx_StdPeriph_Driver/src/stm32f4xx_can.o 
arm-atollic-eabi-gcc -c ../src/serial.c -mthumb -mcpu=cortex-m4 -mfloat-abi=hard -mfpu=fpv4-sp-d16 -std=gnu11 -DSTM32F42_43xxx -DUSE_STDPERIPH_DRIVER -I../src -I../Libraries/CMSIS/Include -I../Libraries/Device/ST/STM32F4xx/Include -I../Libraries/STM32F4xx_StdPeriph_Driver/inc -O0 -ffunction-sections -fdata-sections -g -fstack-usage -Wall -specs=nano.specs -o src/serial.o 
../src/serial.c:3:20: fatal error: serial.h: No such file or directory
 #include "serial.h"
                    ^
compilation terminated.
16:19:12 **** Incremental Build of configuration Debug for project spaceinvader ****
Info: Internal Builder is used for build
arm-atollic-eabi-gcc -c ../Libraries/STM32F4xx_StdPeriph_Driver/src/stm32f4xx_cryp_tdes.c -mthumb -mcpu=cortex-m4 -mfloat-abi=hard -mfpu=fpv4-sp-d16 -std=gnu11 -DSTM32F42_43xxx -DUSE_STDPERIPH_DRIVER -I../src -I../Libraries/CMSIS/Include -I../Libraries/Device/ST/STM32F4xx/Include -I../Libraries/STM32F4xx_StdPeriph_Driver/inc -O0 -ffunction-sections -fdata-sections -g -fstack-usage -Wall -specs=nano.specs -o Libraries/STM32F4xx_StdPeriph_Driver/src/stm32f4xx_cryp_tdes.o 
arm-atollic-eabi-gcc -c ../Libraries/STM32F4xx_StdPeriph_Driver/src/misc.c -mthumb -mcpu=cortex-m4 -mfloat-abi=hard -mfpu=fpv4-sp-d16 -std=gnu11 -DSTM32F42_43xxx -DUSE_STDPERIPH_DRIVER -I../src -I../Libraries/CMSIS/Include -I../Libraries/Device/ST/STM32F4xx/Include -I../Libraries/STM32F4xx_StdPeriph_Driver/inc -O0 -ffunction-sections -fdata-sections -g -fstack-usage -Wall -specs=nano.specs -o Libraries/STM32F4xx_StdPeriph_Driver/src/misc.o 
arm-atollic-eabi-gcc -c ../Libraries/STM32F4xx_StdPeriph_Driver/src/stm32f4xx_hash_md5.c -mthumb -mcpu=cortex-m4 -mfloat-abi=hard -mfpu=fpv4-sp-d16 -std=gnu11 -DSTM32F42_43xxx -DUSE_STDPERIPH_DRIVER -I../src -I../Libraries/CMSIS/Include -I../Libraries/Device/ST/STM32F4xx/Include -I../Libraries/STM32F4xx_StdPeriph_Driver/inc -O0 -ffunction-sections -fdata-sections -g -fstack-usage -Wall -specs=nano.specs -o Libraries/STM32F4xx_StdPeriph_Driver/src/stm32f4xx_hash_md5.o 
arm-atollic-eabi-gcc -c ../Libraries/STM32F4xx_StdPeriph_Driver/src/stm32f4xx_rng.c -mthumb -mcpu=cortex-m4 -mfloat-abi=hard -mfpu=fpv4-sp-d16 -std=gnu11 -DSTM32F42_43xxx -DUSE_STDPERIPH_DRIVER -I../src -I../Libraries/CMSIS/Include -I../Libraries/Device/ST/STM32F4xx/Include -I../Libraries/STM32F4xx_StdPeriph_Driver/inc -O0 -ffunction-sections -fdata-sections -g -fstack-usage -Wall -specs=nano.specs -o Libraries/STM32F4xx_StdPeriph_Driver/src/stm32f4xx_rng.o 
arm-atollic-eabi-gcc -c ../Libraries/STM32F4xx_StdPeriph_Driver/src/stm32f4xx_hash.c -mthumb -mcpu=cortex-m4 -mfloat-abi=hard -mfpu=fpv4-sp-d16 -std=gnu11 -DSTM32F42_43xxx -DUSE_STDPERIPH_DRIVER -I../src -I../Libraries/CMSIS/Include -I../Libraries/Device/ST/STM32F4xx/Include -I../Libraries/STM32F4xx_StdPeriph_Driver/inc -O0 -ffunction-sections -fdata-sections -g -fstack-usage -Wall -specs=nano.specs -o Libraries/STM32F4xx_StdPeriph_Driver/src/stm32f4xx_hash.o 
arm-atollic-eabi-gcc -c ../src/stm32f4xx_it.c -mthumb -mcpu=cortex-m4 -mfloat-abi=hard -mfpu=fpv4-sp-d16 -std=gnu11 -DSTM32F42_43xxx -DUSE_STDPERIPH_DRIVER -I../src -I../Libraries/CMSIS/Include -I../Libraries/Device/ST/STM32F4xx/Include -I../Libraries/STM32F4xx_StdPeriph_Driver/inc -O0 -ffunction-sections -fdata-sections -g -fstack-usage -Wall -specs=nano.specs -o src/stm32f4xx_it.o 
arm-atollic-eabi-gcc -c ../Libraries/STM32F4xx_StdPeriph_Driver/src/stm32f4xx_exti.c -mthumb -mcpu=cortex-m4 -mfloat-abi=hard -mfpu=fpv4-sp-d16 -std=gnu11 -DSTM32F42_43xxx -DUSE_STDPERIPH_DRIVER -I../src -I../Libraries/CMSIS/Include -I../Libraries/Device/ST/STM32F4xx/Include -I../Libraries/STM32F4xx_StdPeriph_Driver/inc -O0 -ffunction-sections -fdata-sections -g -fstack-usage -Wall -specs=nano.specs -o Libraries/STM32F4xx_StdPeriph_Driver/src/stm32f4xx_exti.o 
arm-atollic-eabi-gcc -c ../src/main.c -mthumb -mcpu=cortex-m4 -mfloat-abi=hard -mfpu=fpv4-sp-d16 -std=gnu11 -DSTM32F42_43xxx -DUSE_STDPERIPH_DRIVER -I../src -I../Libraries/CMSIS/Include -I../Libraries/Device/ST/STM32F4xx/Include -I../Libraries/STM32F4xx_StdPeriph_Driver/inc -O0 -ffunction-sections -fdata-sections -g -fstack-usage -Wall -specs=nano.specs -o src/main.o 
../src/main.c: In function 'main':
../src/main.c:120:16: warning: pointer targets in passing argument 1 of 'serial_puts' differ in signedness [-Wpointer-sign]
    serial_puts(txt_score);
                ^~~~~~~~~
In file included from ../src/main.h:29:0,
                 from ../src/main.c:36:
../src/serial.h:8:6: note: expected 'const volatile char *' but argument is of type 't_character * {aka unsigned char *}'
 void serial_puts(const volatile char *s);
      ^~~~~~~~~~~
../src/main.c:123:16: warning: pointer targets in passing argument 1 of 'serial_puts' differ in signedness [-Wpointer-sign]
    serial_puts(txt_life);
                ^~~~~~~~
In file included from ../src/main.h:29:0,
                 from ../src/main.c:36:
../src/serial.h:8:6: note: expected 'const volatile char *' but argument is of type 't_character * {aka unsigned char *}'
 void serial_puts(const volatile char *s);
      ^~~~~~~~~~~
arm-atollic-eabi-gcc -c ../Libraries/STM32F4xx_StdPeriph_Driver/src/stm32f4xx_dcmi.c -mthumb -mcpu=cortex-m4 -mfloat-abi=hard -mfpu=fpv4-sp-d16 -std=gnu11 -DSTM32F42_43xxx -DUSE_STDPERIPH_DRIVER -I../src -I../Libraries/CMSIS/Include -I../Libraries/Device/ST/STM32F4xx/Include -I../Libraries/STM32F4xx_StdPeriph_Driver/inc -O0 -ffunction-sections -fdata-sections -g -fstack-usage -Wall -specs=nano.specs -o Libraries/STM32F4xx_StdPeriph_Driver/src/stm32f4xx_dcmi.o 
arm-atollic-eabi-gcc -c ../Libraries/STM32F4xx_StdPeriph_Driver/src/stm32f4xx_dbgmcu.c -mthumb -mcpu=cortex-m4 -mfloat-abi=hard -mfpu=fpv4-sp-d16 -std=gnu11 -DSTM32F42_43xxx -DUSE_STDPERIPH_DRIVER -I../src -I../Libraries/CMSIS/Include -I../Libraries/Device/ST/STM32F4xx/Include -I../Libraries/STM32F4xx_StdPeriph_Driver/inc -O0 -ffunction-sections -fdata-sections -g -fstack-usage -Wall -specs=nano.specs -o Libraries/STM32F4xx_StdPeriph_Driver/src/stm32f4xx_dbgmcu.o 
arm-atollic-eabi-gcc -c ../Libraries/STM32F4xx_StdPeriph_Driver/src/stm32f4xx_flash.c -mthumb -mcpu=cortex-m4 -mfloat-abi=hard -mfpu=fpv4-sp-d16 -std=gnu11 -DSTM32F42_43xxx -DUSE_STDPERIPH_DRIVER -I../src -I../Libraries/CMSIS/Include -I../Libraries/Device/ST/STM32F4xx/Include -I../Libraries/STM32F4xx_StdPeriph_Driver/inc -O0 -ffunction-sections -fdata-sections -g -fstack-usage -Wall -specs=nano.specs -o Libraries/STM32F4xx_StdPeriph_Driver/src/stm32f4xx_flash.o 
arm-atollic-eabi-gcc -c ../src/serial.c -mthumb -mcpu=cortex-m4 -mfloat-abi=hard -mfpu=fpv4-sp-d16 -std=gnu11 -DSTM32F42_43xxx -DUSE_STDPERIPH_DRIVER -I../src -I../Libraries/CMSIS/Include -I../Libraries/Device/ST/STM32F4xx/Include -I../Libraries/STM32F4xx_StdPeriph_Driver/inc -O0 -ffunction-sections -fdata-sections -g -fstack-usage -Wall -specs=nano.specs -o src/serial.o 
arm-atollic-eabi-gcc -c -mthumb -mcpu=cortex-m4 -mfloat-abi=hard -mfpu=fpv4-sp-d16 -DSTM32F42_43xxx -DUSE_STDPERIPH_DRIVER -I../src -I../Libraries/CMSIS/Include -I../Libraries/Device/ST/STM32F4xx/Include -I../Libraries/STM32F4xx_StdPeriph_Driver/inc -g -Wa,--warn -x assembler-with-cpp -specs=nano.specs -o src/startup_stm32f429x.o ../src/startup_stm32f429x.s 
arm-atollic-eabi-gcc -c ../Libraries/STM32F4xx_StdPeriph_Driver/src/stm32f4xx_cryp_aes.c -mthumb -mcpu=cortex-m4 -mfloat-abi=hard -mfpu=fpv4-sp-d16 -std=gnu11 -DSTM32F42_43xxx -DUSE_STDPERIPH_DRIVER -I../src -I../Libraries/CMSIS/Include -I../Libraries/Device/ST/STM32F4xx/Include -I../Libraries/STM32F4xx_StdPeriph_Driver/inc -O0 -ffunction-sections -fdata-sections -g -fstack-usage -Wall -specs=nano.specs -o Libraries/STM32F4xx_StdPeriph_Driver/src/stm32f4xx_cryp_aes.o 
arm-atollic-eabi-gcc -c ../Libraries/STM32F4xx_StdPeriph_Driver/src/stm32f4xx_dma.c -mthumb -mcpu=cortex-m4 -mfloat-abi=hard -mfpu=fpv4-sp-d16 -std=gnu11 -DSTM32F42_43xxx -DUSE_STDPERIPH_DRIVER -I../src -I../Libraries/CMSIS/Include -I../Libraries/Device/ST/STM32F4xx/Include -I../Libraries/STM32F4xx_StdPeriph_Driver/inc -O0 -ffunction-sections -fdata-sections -g -fstack-usage -Wall -specs=nano.specs -o Libraries/STM32F4xx_StdPeriph_Driver/src/stm32f4xx_dma.o 
arm-atollic-eabi-gcc -c ../Libraries/STM32F4xx_StdPeriph_Driver/src/stm32f4xx_i2c.c -mthumb -mcpu=cortex-m4 -mfloat-abi=hard -mfpu=fpv4-sp-d16 -std=gnu11 -DSTM32F42_43xxx -DUSE_STDPERIPH_DRIVER -I../src -I../Libraries/CMSIS/Include -I../Libraries/Device/ST/STM32F4xx/Include -I../Libraries/STM32F4xx_StdPeriph_Driver/inc -O0 -ffunction-sections -fdata-sections -g -fstack-usage -Wall -specs=nano.specs -o Libraries/STM32F4xx_StdPeriph_Driver/src/stm32f4xx_i2c.o 
arm-atollic-eabi-gcc -c ../Libraries/STM32F4xx_StdPeriph_Driver/src/stm32f4xx_iwdg.c -mthumb -mcpu=cortex-m4 -mfloat-abi=hard -mfpu=fpv4-sp-d16 -std=gnu11 -DSTM32F42_43xxx -DUSE_STDPERIPH_DRIVER -I../src -I../Libraries/CMSIS/Include -I../Libraries/Device/ST/STM32F4xx/Include -I../Libraries/STM32F4xx_StdPeriph_Driver/inc -O0 -ffunction-sections -fdata-sections -g -fstack-usage -Wall -specs=nano.specs -o Libraries/STM32F4xx_StdPeriph_Driver/src/stm32f4xx_iwdg.o 
arm-atollic-eabi-gcc -c ../Libraries/STM32F4xx_StdPeriph_Driver/src/stm32f4xx_cryp_des.c -mthumb -mcpu=cortex-m4 -mfloat-abi=hard -mfpu=fpv4-sp-d16 -std=gnu11 -DSTM32F42_43xxx -DUSE_STDPERIPH_DRIVER -I../src -I../Libraries/CMSIS/Include -I../Libraries/Device/ST/STM32F4xx/Include -I../Libraries/STM32F4xx_StdPeriph_Driver/inc -O0 -ffunction-sections -fdata-sections -g -fstack-usage -Wall -specs=nano.specs -o Libraries/STM32F4xx_StdPeriph_Driver/src/stm32f4xx_cryp_des.o 
arm-atollic-eabi-gcc -c ../src/system_stm32f4xx.c -mthumb -mcpu=cortex-m4 -mfloat-abi=hard -mfpu=fpv4-sp-d16 -std=gnu11 -DSTM32F42_43xxx -DUSE_STDPERIPH_DRIVER -I../src -I../Libraries/CMSIS/Include -I../Libraries/Device/ST/STM32F4xx/Include -I../Libraries/STM32F4xx_StdPeriph_Driver/inc -O0 -ffunction-sections -fdata-sections -g -fstack-usage -Wall -specs=nano.specs -o src/system_stm32f4xx.o 
../src/system_stm32f4xx.c: In function 'SetSysClock':
../src/system_stm32f4xx.c:550:5: warning: this 'while' clause does not guard... [-Wmisleading-indentation]
     while ((RCC->CFGR & (uint32_t)RCC_CFGR_SWS ) != RCC_CFGR_SWS_PLL);
     ^~~~~
../src/system_stm32f4xx.c:551:5: note: ...this statement, but the latter is misleadingly indented as if it is guarded by the 'while'
     {
     ^
arm-atollic-eabi-gcc -c ../Libraries/STM32F4xx_StdPeriph_Driver/src/stm32f4xx_hash_sha1.c -mthumb -mcpu=cortex-m4 -mfloat-abi=hard -mfpu=fpv4-sp-d16 -std=gnu11 -DSTM32F42_43xxx -DUSE_STDPERIPH_DRIVER -I../src -I../Libraries/CMSIS/Include -I../Libraries/Device/ST/STM32F4xx/Include -I../Libraries/STM32F4xx_StdPeriph_Driver/inc -O0 -ffunction-sections -fdata-sections -g -fstack-usage -Wall -specs=nano.specs -o Libraries/STM32F4xx_StdPeriph_Driver/src/stm32f4xx_hash_sha1.o 
arm-atollic-eabi-gcc -c ../Libraries/STM32F4xx_StdPeriph_Driver/src/stm32f4xx_rcc.c -mthumb -mcpu=cortex-m4 -mfloat-abi=hard -mfpu=fpv4-sp-d16 -std=gnu11 -DSTM32F42_43xxx -DUSE_STDPERIPH_DRIVER -I../src -I../Libraries/CMSIS/Include -I../Libraries/Device/ST/STM32F4xx/Include -I../Libraries/STM32F4xx_StdPeriph_Driver/inc -O0 -ffunction-sections -fdata-sections -g -fstack-usage -Wall -specs=nano.specs -o Libraries/STM32F4xx_StdPeriph_Driver/src/stm32f4xx_rcc.o 
arm-atollic-eabi-gcc -c ../Libraries/STM32F4xx_StdPeriph_Driver/src/stm32f4xx_sai.c -mthumb -mcpu=cortex-m4 -mfloat-abi=hard -mfpu=fpv4-sp-d16 -std=gnu11 -DSTM32F42_43xxx -DUSE_STDPERIPH_DRIVER -I../src -I../Libraries/CMSIS/Include -I../Libraries/Device/ST/STM32F4xx/Include -I../Libraries/STM32F4xx_StdPeriph_Driver/inc -O0 -ffunction-sections -fdata-sections -g -fstack-usage -Wall -specs=nano.specs -o Libraries/STM32F4xx_StdPeriph_Driver/src/stm32f4xx_sai.o 
arm-atollic-eabi-gcc -c ../Libraries/STM32F4xx_StdPeriph_Driver/src/stm32f4xx_spi.c -mthumb -mcpu=cortex-m4 -mfloat-abi=hard -mfpu=fpv4-sp-d16 -std=gnu11 -DSTM32F42_43xxx -DUSE_STDPERIPH_DRIVER -I../src -I../Libraries/CMSIS/Include -I../Libraries/Device/ST/STM32F4xx/Include -I../Libraries/STM32F4xx_StdPeriph_Driver/inc -O0 -ffunction-sections -fdata-sections -g -fstack-usage -Wall -specs=nano.specs -o Libraries/STM32F4xx_StdPeriph_Driver/src/stm32f4xx_spi.o 
arm-atollic-eabi-gcc -c ../Libraries/STM32F4xx_StdPeriph_Driver/src/stm32f4xx_dac.c -mthumb -mcpu=cortex-m4 -mfloat-abi=hard -mfpu=fpv4-sp-d16 -std=gnu11 -DSTM32F42_43xxx -DUSE_STDPERIPH_DRIVER -I../src -I../Libraries/CMSIS/Include -I../Libraries/Device/ST/STM32F4xx/Include -I../Libraries/STM32F4xx_StdPeriph_Driver/inc -O0 -ffunction-sections -fdata-sections -g -fstack-usage -Wall -specs=nano.specs -o Libraries/STM32F4xx_StdPeriph_Driver/src/stm32f4xx_dac.o 
arm-atollic-eabi-gcc -c ../Libraries/STM32F4xx_StdPeriph_Driver/src/stm32f4xx_rtc.c -mthumb -mcpu=cortex-m4 -mfloat-abi=hard -mfpu=fpv4-sp-d16 -std=gnu11 -DSTM32F42_43xxx -DUSE_STDPERIPH_DRIVER -I../src -I../Libraries/CMSIS/Include -I../Libraries/Device/ST/STM32F4xx/Include -I../Libraries/STM32F4xx_StdPeriph_Driver/inc -O0 -ffunction-sections -fdata-sections -g -fstack-usage -Wall -specs=nano.specs -o Libraries/STM32F4xx_StdPeriph_Driver/src/stm32f4xx_rtc.o 
arm-atollic-eabi-gcc -c ../Libraries/STM32F4xx_StdPeriph_Driver/src/stm32f4xx_syscfg.c -mthumb -mcpu=cortex-m4 -mfloat-abi=hard -mfpu=fpv4-sp-d16 -std=gnu11 -DSTM32F42_43xxx -DUSE_STDPERIPH_DRIVER -I../src -I../Libraries/CMSIS/Include -I../Libraries/Device/ST/STM32F4xx/Include -I../Libraries/STM32F4xx_StdPeriph_Driver/inc -O0 -ffunction-sections -fdata-sections -g -fstack-usage -Wall -specs=nano.specs -o Libraries/STM32F4xx_StdPeriph_Driver/src/stm32f4xx_syscfg.o 
arm-atollic-eabi-gcc -c ../src/tiny_printf.c -mthumb -mcpu=cortex-m4 -mfloat-abi=hard -mfpu=fpv4-sp-d16 -std=gnu11 -DSTM32F42_43xxx -DUSE_STDPERIPH_DRIVER -I../src -I../Libraries/CMSIS/Include -I../Libraries/Device/ST/STM32F4xx/Include -I../Libraries/STM32F4xx_StdPeriph_Driver/inc -O0 -ffunction-sections -fdata-sections -g -fstack-usage -Wall -specs=nano.specs -o src/tiny_printf.o 
arm-atollic-eabi-gcc -c ../Libraries/STM32F4xx_StdPeriph_Driver/src/stm32f4xx_adc.c -mthumb -mcpu=cortex-m4 -mfloat-abi=hard -mfpu=fpv4-sp-d16 -std=gnu11 -DSTM32F42_43xxx -DUSE_STDPERIPH_DRIVER -I../src -I../Libraries/CMSIS/Include -I../Libraries/Device/ST/STM32F4xx/Include -I../Libraries/STM32F4xx_StdPeriph_Driver/inc -O0 -ffunction-sections -fdata-sections -g -fstack-usage -Wall -specs=nano.specs -o Libraries/STM32F4xx_StdPeriph_Driver/src/stm32f4xx_adc.o 
arm-atollic-eabi-gcc -c ../Libraries/STM32F4xx_StdPeriph_Driver/src/stm32f4xx_cryp.c -mthumb -mcpu=cortex-m4 -mfloat-abi=hard -mfpu=fpv4-sp-d16 -std=gnu11 -DSTM32F42_43xxx -DUSE_STDPERIPH_DRIVER -I../src -I../Libraries/CMSIS/Include -I../Libraries/Device/ST/STM32F4xx/Include -I../Libraries/STM32F4xx_StdPeriph_Driver/inc -O0 -ffunction-sections -fdata-sections -g -fstack-usage -Wall -specs=nano.specs -o Libraries/STM32F4xx_StdPeriph_Driver/src/stm32f4xx_cryp.o 
arm-atollic-eabi-gcc -c ../Libraries/STM32F4xx_StdPeriph_Driver/src/stm32f4xx_crc.c -mthumb -mcpu=cortex-m4 -mfloat-abi=hard -mfpu=fpv4-sp-d16 -std=gnu11 -DSTM32F42_43xxx -DUSE_STDPERIPH_DRIVER -I../src -I../Libraries/CMSIS/Include -I../Libraries/Device/ST/STM32F4xx/Include -I../Libraries/STM32F4xx_StdPeriph_Driver/inc -O0 -ffunction-sections -fdata-sections -g -fstack-usage -Wall -specs=nano.specs -o Libraries/STM32F4xx_StdPeriph_Driver/src/stm32f4xx_crc.o 
arm-atollic-eabi-gcc -c ../Libraries/STM32F4xx_StdPeriph_Driver/src/stm32f4xx_tim.c -mthumb -mcpu=cortex-m4 -mfloat-abi=hard -mfpu=fpv4-sp-d16 -std=gnu11 -DSTM32F42_43xxx -DUSE_STDPERIPH_DRIVER -I../src -I../Libraries/CMSIS/Include -I../Libraries/Device/ST/STM32F4xx/Include -I../Libraries/STM32F4xx_StdPeriph_Driver/inc -O0 -ffunction-sections -fdata-sections -g -fstack-usage -Wall -specs=nano.specs -o Libraries/STM32F4xx_StdPeriph_Driver/src/stm32f4xx_tim.o 
arm-atollic-eabi-gcc -c ../src/enemy.c -mthumb -mcpu=cortex-m4 -mfloat-abi=hard -mfpu=fpv4-sp-d16 -std=gnu11 -DSTM32F42_43xxx -DUSE_STDPERIPH_DRIVER -I../src -I../Libraries/CMSIS/Include -I../Libraries/Device/ST/STM32F4xx/Include -I../Libraries/STM32F4xx_StdPeriph_Driver/inc -O0 -ffunction-sections -fdata-sections -g -fstack-usage -Wall -specs=nano.specs -o src/enemy.o 
arm-atollic-eabi-gcc -c ../Libraries/STM32F4xx_StdPeriph_Driver/src/stm32f4xx_dma2d.c -mthumb -mcpu=cortex-m4 -mfloat-abi=hard -mfpu=fpv4-sp-d16 -std=gnu11 -DSTM32F42_43xxx -DUSE_STDPERIPH_DRIVER -I../src -I../Libraries/CMSIS/Include -I../Libraries/Device/ST/STM32F4xx/Include -I../Libraries/STM32F4xx_StdPeriph_Driver/inc -O0 -ffunction-sections -fdata-sections -g -fstack-usage -Wall -specs=nano.specs -o Libraries/STM32F4xx_StdPeriph_Driver/src/stm32f4xx_dma2d.o 
arm-atollic-eabi-gcc -c ../Libraries/STM32F4xx_StdPeriph_Driver/src/stm32f4xx_wwdg.c -mthumb -mcpu=cortex-m4 -mfloat-abi=hard -mfpu=fpv4-sp-d16 -std=gnu11 -DSTM32F42_43xxx -DUSE_STDPERIPH_DRIVER -I../src -I../Libraries/CMSIS/Include -I../Libraries/Device/ST/STM32F4xx/Include -I../Libraries/STM32F4xx_StdPeriph_Driver/inc -O0 -ffunction-sections -fdata-sections -g -fstack-usage -Wall -specs=nano.specs -o Libraries/STM32F4xx_StdPeriph_Driver/src/stm32f4xx_wwdg.o 
arm-atollic-eabi-gcc -c ../Libraries/STM32F4xx_StdPeriph_Driver/src/stm32f4xx_ltdc.c -mthumb -mcpu=cortex-m4 -mfloat-abi=hard -mfpu=fpv4-sp-d16 -std=gnu11 -DSTM32F42_43xxx -DUSE_STDPERIPH_DRIVER -I../src -I../Libraries/CMSIS/Include -I../Libraries/Device/ST/STM32F4xx/Include -I../Libraries/STM32F4xx_StdPeriph_Driver/inc -O0 -ffunction-sections -fdata-sections -g -fstack-usage -Wall -specs=nano.specs -o Libraries/STM32F4xx_StdPeriph_Driver/src/stm32f4xx_ltdc.o 
arm-atollic-eabi-gcc -c ../src/vt100.c -mthumb -mcpu=cortex-m4 -mfloat-abi=hard -mfpu=fpv4-sp-d16 -std=gnu11 -DSTM32F42_43xxx -DUSE_STDPERIPH_DRIVER -I../src -I../Libraries/CMSIS/Include -I../Libraries/Device/ST/STM32F4xx/Include -I../Libraries/STM32F4xx_StdPeriph_Driver/inc -O0 -ffunction-sections -fdata-sections -g -fstack-usage -Wall -specs=nano.specs -o src/vt100.o 
arm-atollic-eabi-gcc -c ../Libraries/STM32F4xx_StdPeriph_Driver/src/stm32f4xx_pwr.c -mthumb -mcpu=cortex-m4 -mfloat-abi=hard -mfpu=fpv4-sp-d16 -std=gnu11 -DSTM32F42_43xxx -DUSE_STDPERIPH_DRIVER -I../src -I../Libraries/CMSIS/Include -I../Libraries/Device/ST/STM32F4xx/Include -I../Libraries/STM32F4xx_StdPeriph_Driver/inc -O0 -ffunction-sections -fdata-sections -g -fstack-usage -Wall -specs=nano.specs -o Libraries/STM32F4xx_StdPeriph_Driver/src/stm32f4xx_pwr.o 
arm-atollic-eabi-gcc -o spaceinvader.elf Libraries/STM32F4xx_StdPeriph_Driver/src/misc.o Libraries/STM32F4xx_StdPeriph_Driver/src/stm32f4xx_adc.o Libraries/STM32F4xx_StdPeriph_Driver/src/stm32f4xx_can.o Libraries/STM32F4xx_StdPeriph_Driver/src/stm32f4xx_crc.o Libraries/STM32F4xx_StdPeriph_Driver/src/stm32f4xx_cryp.o Libraries/STM32F4xx_StdPeriph_Driver/src/stm32f4xx_cryp_aes.o Libraries/STM32F4xx_StdPeriph_Driver/src/stm32f4xx_cryp_des.o Libraries/STM32F4xx_StdPeriph_Driver/src/stm32f4xx_cryp_tdes.o Libraries/STM32F4xx_StdPeriph_Driver/src/stm32f4xx_dac.o Libraries/STM32F4xx_StdPeriph_Driver/src/stm32f4xx_dbgmcu.o Libraries/STM32F4xx_StdPeriph_Driver/src/stm32f4xx_dcmi.o Libraries/STM32F4xx_StdPeriph_Driver/src/stm32f4xx_dma.o Libraries/STM32F4xx_StdPeriph_Driver/src/stm32f4xx_dma2d.o Libraries/STM32F4xx_StdPeriph_Driver/src/stm32f4xx_exti.o Libraries/STM32F4xx_StdPeriph_Driver/src/stm32f4xx_flash.o Libraries/STM32F4xx_StdPeriph_Driver/src/stm32f4xx_fmc.o Libraries/STM32F4xx_StdPeriph_Driver/src/stm32f4xx_gpio.o Libraries/STM32F4xx_StdPeriph_Driver/src/stm32f4xx_hash.o Libraries/STM32F4xx_StdPeriph_Driver/src/stm32f4xx_hash_md5.o Libraries/STM32F4xx_StdPeriph_Driver/src/stm32f4xx_hash_sha1.o Libraries/STM32F4xx_StdPeriph_Driver/src/stm32f4xx_i2c.o Libraries/STM32F4xx_StdPeriph_Driver/src/stm32f4xx_iwdg.o Libraries/STM32F4xx_StdPeriph_Driver/src/stm32f4xx_ltdc.o Libraries/STM32F4xx_StdPeriph_Driver/src/stm32f4xx_pwr.o Libraries/STM32F4xx_StdPeriph_Driver/src/stm32f4xx_rcc.o Libraries/STM32F4xx_StdPeriph_Driver/src/stm32f4xx_rng.o Libraries/STM32F4xx_StdPeriph_Driver/src/stm32f4xx_rtc.o Libraries/STM32F4xx_StdPeriph_Driver/src/stm32f4xx_sai.o Libraries/STM32F4xx_StdPeriph_Driver/src/stm32f4xx_sdio.o Libraries/STM32F4xx_StdPeriph_Driver/src/stm32f4xx_spi.o Libraries/STM32F4xx_StdPeriph_Driver/src/stm32f4xx_syscfg.o Libraries/STM32F4xx_StdPeriph_Driver/src/stm32f4xx_tim.o Libraries/STM32F4xx_StdPeriph_Driver/src/stm32f4xx_usart.o Libraries/STM32F4xx_StdPeriph_Driver/src/stm32f4xx_wwdg.o src/enemy.o src/main.o src/serial.o src/startup_stm32f429x.o src/stm32f4xx_it.o src/system_stm32f4xx.o src/tiny_printf.o src/vt100.o -mthumb -mcpu=cortex-m4 -mfloat-abi=hard -mfpu=fpv4-sp-d16 -T../stm32f4_flash.ld -specs=nosys.specs -static -Wl,-cref,-u,Reset_Handler -Wl,-Map=spaceinvader.map -Wl,--gc-sections -Wl,--defsym=malloc_getpagesize_P=0x80 -Wl,--start-group -lc -lm -Wl,--end-group -specs=nano.specs 
/opt/Atollic_TrueSTUDIO_for_STM32_x86_64_9.3.0/ide/jre/bin/java -jar /opt/Atollic_TrueSTUDIO_for_STM32_x86_64_9.3.0/Tools/arm-atollic-reports.jar sizeinfo list spaceinvader.elf 
Generate build reports...
Print size information
   text	   data	    bss	    dec	    hex	filename
   6180	     28	   1056	   7264	   1c60	spaceinvader.elf
Print size information done
Generate listing file
Output sent to: spaceinvader.list
Generate listing file done
Generate build reports done
16:23:32 **** Incremental Build of configuration Debug for project spaceinvader ****
Info: Internal Builder is used for build
arm-atollic-eabi-gcc -c ../src/enemy.c -mthumb -mcpu=cortex-m4 -mfloat-abi=hard -mfpu=fpv4-sp-d16 -std=gnu11 -DSTM32F42_43xxx -DUSE_STDPERIPH_DRIVER -I../src -I../Libraries/CMSIS/Include -I../Libraries/Device/ST/STM32F4xx/Include -I../Libraries/STM32F4xx_StdPeriph_Driver/inc -O0 -ffunction-sections -fdata-sections -g -fstack-usage -Wall -specs=nano.specs -o src/enemy.o 
arm-atollic-eabi-gcc -c ../src/main.c -mthumb -mcpu=cortex-m4 -mfloat-abi=hard -mfpu=fpv4-sp-d16 -std=gnu11 -DSTM32F42_43xxx -DUSE_STDPERIPH_DRIVER -I../src -I../Libraries/CMSIS/Include -I../Libraries/Device/ST/STM32F4xx/Include -I../Libraries/STM32F4xx_StdPeriph_Driver/inc -O0 -ffunction-sections -fdata-sections -g -fstack-usage -Wall -specs=nano.specs -o src/main.o 
../src/main.c: In function 'main':
../src/main.c:120:16: warning: pointer targets in passing argument 1 of 'serial_puts' differ in signedness [-Wpointer-sign]
    serial_puts(txt_score);
                ^~~~~~~~~
In file included from ../src/main.h:29:0,
                 from ../src/main.c:36:
../src/serial.h:8:6: note: expected 'const volatile char *' but argument is of type 't_character * {aka unsigned char *}'
 void serial_puts(const volatile char *s);
      ^~~~~~~~~~~
../src/main.c:123:16: warning: pointer targets in passing argument 1 of 'serial_puts' differ in signedness [-Wpointer-sign]
    serial_puts(txt_life);
                ^~~~~~~~
In file included from ../src/main.h:29:0,
                 from ../src/main.c:36:
../src/serial.h:8:6: note: expected 'const volatile char *' but argument is of type 't_character * {aka unsigned char *}'
 void serial_puts(const volatile char *s);
      ^~~~~~~~~~~
arm-atollic-eabi-gcc -o spaceinvader.elf Libraries/STM32F4xx_StdPeriph_Driver/src/misc.o Libraries/STM32F4xx_StdPeriph_Driver/src/stm32f4xx_adc.o Libraries/STM32F4xx_StdPeriph_Driver/src/stm32f4xx_can.o Libraries/STM32F4xx_StdPeriph_Driver/src/stm32f4xx_crc.o Libraries/STM32F4xx_StdPeriph_Driver/src/stm32f4xx_cryp.o Libraries/STM32F4xx_StdPeriph_Driver/src/stm32f4xx_cryp_aes.o Libraries/STM32F4xx_StdPeriph_Driver/src/stm32f4xx_cryp_des.o Libraries/STM32F4xx_StdPeriph_Driver/src/stm32f4xx_cryp_tdes.o Libraries/STM32F4xx_StdPeriph_Driver/src/stm32f4xx_dac.o Libraries/STM32F4xx_StdPeriph_Driver/src/stm32f4xx_dbgmcu.o Libraries/STM32F4xx_StdPeriph_Driver/src/stm32f4xx_dcmi.o Libraries/STM32F4xx_StdPeriph_Driver/src/stm32f4xx_dma.o Libraries/STM32F4xx_StdPeriph_Driver/src/stm32f4xx_dma2d.o Libraries/STM32F4xx_StdPeriph_Driver/src/stm32f4xx_exti.o Libraries/STM32F4xx_StdPeriph_Driver/src/stm32f4xx_flash.o Libraries/STM32F4xx_StdPeriph_Driver/src/stm32f4xx_fmc.o Libraries/STM32F4xx_StdPeriph_Driver/src/stm32f4xx_gpio.o Libraries/STM32F4xx_StdPeriph_Driver/src/stm32f4xx_hash.o Libraries/STM32F4xx_StdPeriph_Driver/src/stm32f4xx_hash_md5.o Libraries/STM32F4xx_StdPeriph_Driver/src/stm32f4xx_hash_sha1.o Libraries/STM32F4xx_StdPeriph_Driver/src/stm32f4xx_i2c.o Libraries/STM32F4xx_StdPeriph_Driver/src/stm32f4xx_iwdg.o Libraries/STM32F4xx_StdPeriph_Driver/src/stm32f4xx_ltdc.o Libraries/STM32F4xx_StdPeriph_Driver/src/stm32f4xx_pwr.o Libraries/STM32F4xx_StdPeriph_Driver/src/stm32f4xx_rcc.o Libraries/STM32F4xx_StdPeriph_Driver/src/stm32f4xx_rng.o Libraries/STM32F4xx_StdPeriph_Driver/src/stm32f4xx_rtc.o Libraries/STM32F4xx_StdPeriph_Driver/src/stm32f4xx_sai.o Libraries/STM32F4xx_StdPeriph_Driver/src/stm32f4xx_sdio.o Libraries/STM32F4xx_StdPeriph_Driver/src/stm32f4xx_spi.o Libraries/STM32F4xx_StdPeriph_Driver/src/stm32f4xx_syscfg.o Libraries/STM32F4xx_StdPeriph_Driver/src/stm32f4xx_tim.o Libraries/STM32F4xx_StdPeriph_Driver/src/stm32f4xx_usart.o Libraries/STM32F4xx_StdPeriph_Driver/src/stm32f4xx_wwdg.o src/enemy.o src/main.o src/serial.o src/startup_stm32f429x.o src/stm32f4xx_it.o src/system_stm32f4xx.o src/tiny_printf.o src/vt100.o -mthumb -mcpu=cortex-m4 -mfloat-abi=hard -mfpu=fpv4-sp-d16 -T../stm32f4_flash.ld -specs=nosys.specs -static -Wl,-cref,-u,Reset_Handler -Wl,-Map=spaceinvader.map -Wl,--gc-sections -Wl,--defsym=malloc_getpagesize_P=0x80 -Wl,--start-group -lc -lm -Wl,--end-group -specs=nano.specs 
/opt/Atollic_TrueSTUDIO_for_STM32_x86_64_9.3.0/ide/jre/bin/java -jar /opt/Atollic_TrueSTUDIO_for_STM32_x86_64_9.3.0/Tools/arm-atollic-reports.jar sizeinfo list spaceinvader.elf 
Generate build reports...
Print size information
   text	   data	    bss	    dec	    hex	filename
   6180	     28	   1056	   7264	   1c60	spaceinvader.elf
Print size information done
Generate listing file
Output sent to: spaceinvader.list
Generate listing file done
Generate build reports done
Info: Nothing to build for spaceinvader
16:27:13 **** Incremental Build of configuration Debug for project spaceinvader ****
Info: Internal Builder is used for build
arm-atollic-eabi-gcc -c ../src/main.c -mthumb -mcpu=cortex-m4 -mfloat-abi=hard -mfpu=fpv4-sp-d16 -std=gnu11 -DSTM32F42_43xxx -DUSE_STDPERIPH_DRIVER -I../src -I../Libraries/CMSIS/Include -I../Libraries/Device/ST/STM32F4xx/Include -I../Libraries/STM32F4xx_StdPeriph_Driver/inc -O0 -ffunction-sections -fdata-sections -g -fstack-usage -Wall -specs=nano.specs -o src/main.o 
../src/main.c: In function 'main':
../src/main.c:123:16: warning: pointer targets in passing argument 1 of 'serial_puts' differ in signedness [-Wpointer-sign]
    serial_puts(txt_score);
                ^~~~~~~~~
In file included from ../src/main.h:29:0,
                 from ../src/main.c:36:
../src/serial.h:8:6: note: expected 'const volatile char *' but argument is of type 't_character * {aka unsigned char *}'
 void serial_puts(const volatile char *s);
      ^~~~~~~~~~~
../src/main.c:126:16: warning: pointer targets in passing argument 1 of 'serial_puts' differ in signedness [-Wpointer-sign]
    serial_puts(txt_life);
                ^~~~~~~~
In file included from ../src/main.h:29:0,
                 from ../src/main.c:36:
../src/serial.h:8:6: note: expected 'const volatile char *' but argument is of type 't_character * {aka unsigned char *}'
 void serial_puts(const volatile char *s);
      ^~~~~~~~~~~
arm-atollic-eabi-gcc -o spaceinvader.elf Libraries/STM32F4xx_StdPeriph_Driver/src/misc.o Libraries/STM32F4xx_StdPeriph_Driver/src/stm32f4xx_adc.o Libraries/STM32F4xx_StdPeriph_Driver/src/stm32f4xx_can.o Libraries/STM32F4xx_StdPeriph_Driver/src/stm32f4xx_crc.o Libraries/STM32F4xx_StdPeriph_Driver/src/stm32f4xx_cryp.o Libraries/STM32F4xx_StdPeriph_Driver/src/stm32f4xx_cryp_aes.o Libraries/STM32F4xx_StdPeriph_Driver/src/stm32f4xx_cryp_des.o Libraries/STM32F4xx_StdPeriph_Driver/src/stm32f4xx_cryp_tdes.o Libraries/STM32F4xx_StdPeriph_Driver/src/stm32f4xx_dac.o Libraries/STM32F4xx_StdPeriph_Driver/src/stm32f4xx_dbgmcu.o Libraries/STM32F4xx_StdPeriph_Driver/src/stm32f4xx_dcmi.o Libraries/STM32F4xx_StdPeriph_Driver/src/stm32f4xx_dma.o Libraries/STM32F4xx_StdPeriph_Driver/src/stm32f4xx_dma2d.o Libraries/STM32F4xx_StdPeriph_Driver/src/stm32f4xx_exti.o Libraries/STM32F4xx_StdPeriph_Driver/src/stm32f4xx_flash.o Libraries/STM32F4xx_StdPeriph_Driver/src/stm32f4xx_fmc.o Libraries/STM32F4xx_StdPeriph_Driver/src/stm32f4xx_gpio.o Libraries/STM32F4xx_StdPeriph_Driver/src/stm32f4xx_hash.o Libraries/STM32F4xx_StdPeriph_Driver/src/stm32f4xx_hash_md5.o Libraries/STM32F4xx_StdPeriph_Driver/src/stm32f4xx_hash_sha1.o Libraries/STM32F4xx_StdPeriph_Driver/src/stm32f4xx_i2c.o Libraries/STM32F4xx_StdPeriph_Driver/src/stm32f4xx_iwdg.o Libraries/STM32F4xx_StdPeriph_Driver/src/stm32f4xx_ltdc.o Libraries/STM32F4xx_StdPeriph_Driver/src/stm32f4xx_pwr.o Libraries/STM32F4xx_StdPeriph_Driver/src/stm32f4xx_rcc.o Libraries/STM32F4xx_StdPeriph_Driver/src/stm32f4xx_rng.o Libraries/STM32F4xx_StdPeriph_Driver/src/stm32f4xx_rtc.o Libraries/STM32F4xx_StdPeriph_Driver/src/stm32f4xx_sai.o Libraries/STM32F4xx_StdPeriph_Driver/src/stm32f4xx_sdio.o Libraries/STM32F4xx_StdPeriph_Driver/src/stm32f4xx_spi.o Libraries/STM32F4xx_StdPeriph_Driver/src/stm32f4xx_syscfg.o Libraries/STM32F4xx_StdPeriph_Driver/src/stm32f4xx_tim.o Libraries/STM32F4xx_StdPeriph_Driver/src/stm32f4xx_usart.o Libraries/STM32F4xx_StdPeriph_Driver/src/stm32f4xx_wwdg.o src/enemy.o src/main.o src/serial.o src/startup_stm32f429x.o src/stm32f4xx_it.o src/system_stm32f4xx.o src/tiny_printf.o src/vt100.o -mthumb -mcpu=cortex-m4 -mfloat-abi=hard -mfpu=fpv4-sp-d16 -T../stm32f4_flash.ld -specs=nosys.specs -static -Wl,-cref,-u,Reset_Handler -Wl,-Map=spaceinvader.map -Wl,--gc-sections -Wl,--defsym=malloc_getpagesize_P=0x80 -Wl,--start-group -lc -lm -Wl,--end-group -specs=nano.specs 
/opt/Atollic_TrueSTUDIO_for_STM32_x86_64_9.3.0/ide/jre/bin/java -jar /opt/Atollic_TrueSTUDIO_for_STM32_x86_64_9.3.0/Tools/arm-atollic-reports.jar sizeinfo list spaceinvader.elf 
Generate build reports...
Print size information
   text	   data	    bss	    dec	    hex	filename
   6208	     28	   1056	   7292	   1c7c	spaceinvader.elf
Print size information done
Generate listing file
Output sent to: spaceinvader.list
Generate listing file done
Generate build reports done
Info: Nothing to build for spaceinvader
16:28:17 **** Incremental Build of configuration Debug for project spaceinvader ****
Info: Internal Builder is used for build
arm-atollic-eabi-gcc -c ../src/main.c -mthumb -mcpu=cortex-m4 -mfloat-abi=hard -mfpu=fpv4-sp-d16 -std=gnu11 -DSTM32F42_43xxx -DUSE_STDPERIPH_DRIVER -I../src -I../Libraries/CMSIS/Include -I../Libraries/Device/ST/STM32F4xx/Include -I../Libraries/STM32F4xx_StdPeriph_Driver/inc -O0 -ffunction-sections -fdata-sections -g -fstack-usage -Wall -specs=nano.specs -o src/main.o 
../src/main.c: In function 'main':
../src/main.c:123:16: warning: pointer targets in passing argument 1 of 'serial_puts' differ in signedness [-Wpointer-sign]
    serial_puts(txt_score);
                ^~~~~~~~~
In file included from ../src/main.h:29:0,
                 from ../src/main.c:36:
../src/serial.h:8:6: note: expected 'const volatile char *' but argument is of type 't_character * {aka unsigned char *}'
 void serial_puts(const volatile char *s);
      ^~~~~~~~~~~
../src/main.c:126:16: warning: pointer targets in passing argument 1 of 'serial_puts' differ in signedness [-Wpointer-sign]
    serial_puts(txt_life);
                ^~~~~~~~
In file included from ../src/main.h:29:0,
                 from ../src/main.c:36:
../src/serial.h:8:6: note: expected 'const volatile char *' but argument is of type 't_character * {aka unsigned char *}'
 void serial_puts(const volatile char *s);
      ^~~~~~~~~~~
arm-atollic-eabi-gcc -o spaceinvader.elf Libraries/STM32F4xx_StdPeriph_Driver/src/misc.o Libraries/STM32F4xx_StdPeriph_Driver/src/stm32f4xx_adc.o Libraries/STM32F4xx_StdPeriph_Driver/src/stm32f4xx_can.o Libraries/STM32F4xx_StdPeriph_Driver/src/stm32f4xx_crc.o Libraries/STM32F4xx_StdPeriph_Driver/src/stm32f4xx_cryp.o Libraries/STM32F4xx_StdPeriph_Driver/src/stm32f4xx_cryp_aes.o Libraries/STM32F4xx_StdPeriph_Driver/src/stm32f4xx_cryp_des.o Libraries/STM32F4xx_StdPeriph_Driver/src/stm32f4xx_cryp_tdes.o Libraries/STM32F4xx_StdPeriph_Driver/src/stm32f4xx_dac.o Libraries/STM32F4xx_StdPeriph_Driver/src/stm32f4xx_dbgmcu.o Libraries/STM32F4xx_StdPeriph_Driver/src/stm32f4xx_dcmi.o Libraries/STM32F4xx_StdPeriph_Driver/src/stm32f4xx_dma.o Libraries/STM32F4xx_StdPeriph_Driver/src/stm32f4xx_dma2d.o Libraries/STM32F4xx_StdPeriph_Driver/src/stm32f4xx_exti.o Libraries/STM32F4xx_StdPeriph_Driver/src/stm32f4xx_flash.o Libraries/STM32F4xx_StdPeriph_Driver/src/stm32f4xx_fmc.o Libraries/STM32F4xx_StdPeriph_Driver/src/stm32f4xx_gpio.o Libraries/STM32F4xx_StdPeriph_Driver/src/stm32f4xx_hash.o Libraries/STM32F4xx_StdPeriph_Driver/src/stm32f4xx_hash_md5.o Libraries/STM32F4xx_StdPeriph_Driver/src/stm32f4xx_hash_sha1.o Libraries/STM32F4xx_StdPeriph_Driver/src/stm32f4xx_i2c.o Libraries/STM32F4xx_StdPeriph_Driver/src/stm32f4xx_iwdg.o Libraries/STM32F4xx_StdPeriph_Driver/src/stm32f4xx_ltdc.o Libraries/STM32F4xx_StdPeriph_Driver/src/stm32f4xx_pwr.o Libraries/STM32F4xx_StdPeriph_Driver/src/stm32f4xx_rcc.o Libraries/STM32F4xx_StdPeriph_Driver/src/stm32f4xx_rng.o Libraries/STM32F4xx_StdPeriph_Driver/src/stm32f4xx_rtc.o Libraries/STM32F4xx_StdPeriph_Driver/src/stm32f4xx_sai.o Libraries/STM32F4xx_StdPeriph_Driver/src/stm32f4xx_sdio.o Libraries/STM32F4xx_StdPeriph_Driver/src/stm32f4xx_spi.o Libraries/STM32F4xx_StdPeriph_Driver/src/stm32f4xx_syscfg.o Libraries/STM32F4xx_StdPeriph_Driver/src/stm32f4xx_tim.o Libraries/STM32F4xx_StdPeriph_Driver/src/stm32f4xx_usart.o Libraries/STM32F4xx_StdPeriph_Driver/src/stm32f4xx_wwdg.o src/enemy.o src/main.o src/serial.o src/startup_stm32f429x.o src/stm32f4xx_it.o src/system_stm32f4xx.o src/tiny_printf.o src/vt100.o -mthumb -mcpu=cortex-m4 -mfloat-abi=hard -mfpu=fpv4-sp-d16 -T../stm32f4_flash.ld -specs=nosys.specs -static -Wl,-cref,-u,Reset_Handler -Wl,-Map=spaceinvader.map -Wl,--gc-sections -Wl,--defsym=malloc_getpagesize_P=0x80 -Wl,--start-group -lc -lm -Wl,--end-group -specs=nano.specs 
/opt/Atollic_TrueSTUDIO_for_STM32_x86_64_9.3.0/ide/jre/bin/java -jar /opt/Atollic_TrueSTUDIO_for_STM32_x86_64_9.3.0/Tools/arm-atollic-reports.jar sizeinfo list spaceinvader.elf 
Generate build reports...
Print size information
   text	   data	    bss	    dec	    hex	filename
   6208	     28	   1056	   7292	   1c7c	spaceinvader.elf
Print size information done
Generate listing file
Output sent to: spaceinvader.list
Generate listing file done
Generate build reports done
16:29:56 **** Incremental Build of configuration Debug for project spaceinvader ****
Info: Internal Builder is used for build
arm-atollic-eabi-gcc -c ../src/main.c -mthumb -mcpu=cortex-m4 -mfloat-abi=hard -mfpu=fpv4-sp-d16 -std=gnu11 -DSTM32F42_43xxx -DUSE_STDPERIPH_DRIVER -I../src -I../Libraries/CMSIS/Include -I../Libraries/Device/ST/STM32F4xx/Include -I../Libraries/STM32F4xx_StdPeriph_Driver/inc -O0 -ffunction-sections -fdata-sections -g -fstack-usage -Wall -specs=nano.specs -o src/main.o 
../src/main.c: In function 'main':
../src/main.c:123:16: warning: pointer targets in passing argument 1 of 'serial_puts' differ in signedness [-Wpointer-sign]
    serial_puts(txt_score);
                ^~~~~~~~~
In file included from ../src/main.h:29:0,
                 from ../src/main.c:36:
../src/serial.h:8:6: note: expected 'const volatile char *' but argument is of type 't_character * {aka unsigned char *}'
 void serial_puts(const volatile char *s);
      ^~~~~~~~~~~
../src/main.c:126:16: warning: pointer targets in passing argument 1 of 'serial_puts' differ in signedness [-Wpointer-sign]
    serial_puts(txt_life);
                ^~~~~~~~
In file included from ../src/main.h:29:0,
                 from ../src/main.c:36:
../src/serial.h:8:6: note: expected 'const volatile char *' but argument is of type 't_character * {aka unsigned char *}'
 void serial_puts(const volatile char *s);
      ^~~~~~~~~~~
arm-atollic-eabi-gcc -o spaceinvader.elf Libraries/STM32F4xx_StdPeriph_Driver/src/misc.o Libraries/STM32F4xx_StdPeriph_Driver/src/stm32f4xx_adc.o Libraries/STM32F4xx_StdPeriph_Driver/src/stm32f4xx_can.o Libraries/STM32F4xx_StdPeriph_Driver/src/stm32f4xx_crc.o Libraries/STM32F4xx_StdPeriph_Driver/src/stm32f4xx_cryp.o Libraries/STM32F4xx_StdPeriph_Driver/src/stm32f4xx_cryp_aes.o Libraries/STM32F4xx_StdPeriph_Driver/src/stm32f4xx_cryp_des.o Libraries/STM32F4xx_StdPeriph_Driver/src/stm32f4xx_cryp_tdes.o Libraries/STM32F4xx_StdPeriph_Driver/src/stm32f4xx_dac.o Libraries/STM32F4xx_StdPeriph_Driver/src/stm32f4xx_dbgmcu.o Libraries/STM32F4xx_StdPeriph_Driver/src/stm32f4xx_dcmi.o Libraries/STM32F4xx_StdPeriph_Driver/src/stm32f4xx_dma.o Libraries/STM32F4xx_StdPeriph_Driver/src/stm32f4xx_dma2d.o Libraries/STM32F4xx_StdPeriph_Driver/src/stm32f4xx_exti.o Libraries/STM32F4xx_StdPeriph_Driver/src/stm32f4xx_flash.o Libraries/STM32F4xx_StdPeriph_Driver/src/stm32f4xx_fmc.o Libraries/STM32F4xx_StdPeriph_Driver/src/stm32f4xx_gpio.o Libraries/STM32F4xx_StdPeriph_Driver/src/stm32f4xx_hash.o Libraries/STM32F4xx_StdPeriph_Driver/src/stm32f4xx_hash_md5.o Libraries/STM32F4xx_StdPeriph_Driver/src/stm32f4xx_hash_sha1.o Libraries/STM32F4xx_StdPeriph_Driver/src/stm32f4xx_i2c.o Libraries/STM32F4xx_StdPeriph_Driver/src/stm32f4xx_iwdg.o Libraries/STM32F4xx_StdPeriph_Driver/src/stm32f4xx_ltdc.o Libraries/STM32F4xx_StdPeriph_Driver/src/stm32f4xx_pwr.o Libraries/STM32F4xx_StdPeriph_Driver/src/stm32f4xx_rcc.o Libraries/STM32F4xx_StdPeriph_Driver/src/stm32f4xx_rng.o Libraries/STM32F4xx_StdPeriph_Driver/src/stm32f4xx_rtc.o Libraries/STM32F4xx_StdPeriph_Driver/src/stm32f4xx_sai.o Libraries/STM32F4xx_StdPeriph_Driver/src/stm32f4xx_sdio.o Libraries/STM32F4xx_StdPeriph_Driver/src/stm32f4xx_spi.o Libraries/STM32F4xx_StdPeriph_Driver/src/stm32f4xx_syscfg.o Libraries/STM32F4xx_StdPeriph_Driver/src/stm32f4xx_tim.o Libraries/STM32F4xx_StdPeriph_Driver/src/stm32f4xx_usart.o Libraries/STM32F4xx_StdPeriph_Driver/src/stm32f4xx_wwdg.o src/enemy.o src/main.o src/serial.o src/startup_stm32f429x.o src/stm32f4xx_it.o src/system_stm32f4xx.o src/tiny_printf.o src/vt100.o -mthumb -mcpu=cortex-m4 -mfloat-abi=hard -mfpu=fpv4-sp-d16 -T../stm32f4_flash.ld -specs=nosys.specs -static -Wl,-cref,-u,Reset_Handler -Wl,-Map=spaceinvader.map -Wl,--gc-sections -Wl,--defsym=malloc_getpagesize_P=0x80 -Wl,--start-group -lc -lm -Wl,--end-group -specs=nano.specs 
/opt/Atollic_TrueSTUDIO_for_STM32_x86_64_9.3.0/ide/jre/bin/java -jar /opt/Atollic_TrueSTUDIO_for_STM32_x86_64_9.3.0/Tools/arm-atollic-reports.jar sizeinfo list spaceinvader.elf 
Generate build reports...
Print size information
   text	   data	    bss	    dec	    hex	filename
   6208	     28	   1056	   7292	   1c7c	spaceinvader.elf
Print size information done
Generate listing file
Output sent to: spaceinvader.list
Generate listing file done
Generate build reports done
16:31:38 **** Incremental Build of configuration Debug for project spaceinvader ****
Info: Internal Builder is used for build
arm-atollic-eabi-gcc -c ../src/main.c -mthumb -mcpu=cortex-m4 -mfloat-abi=hard -mfpu=fpv4-sp-d16 -std=gnu11 -DSTM32F42_43xxx -DUSE_STDPERIPH_DRIVER -I../src -I../Libraries/CMSIS/Include -I../Libraries/Device/ST/STM32F4xx/Include -I../Libraries/STM32F4xx_StdPeriph_Driver/inc -O0 -ffunction-sections -fdata-sections -g -fstack-usage -Wall -specs=nano.specs -o src/main.o 
../src/main.c: In function 'main':
../src/main.c:123:16: warning: pointer targets in passing argument 1 of 'serial_puts' differ in signedness [-Wpointer-sign]
    serial_puts(txt_score);
                ^~~~~~~~~
In file included from ../src/main.h:29:0,
                 from ../src/main.c:36:
../src/serial.h:8:6: note: expected 'const volatile char *' but argument is of type 't_character * {aka unsigned char *}'
 void serial_puts(const volatile char *s);
      ^~~~~~~~~~~
../src/main.c:126:16: warning: pointer targets in passing argument 1 of 'serial_puts' differ in signedness [-Wpointer-sign]
    serial_puts(txt_life);
                ^~~~~~~~
In file included from ../src/main.h:29:0,
                 from ../src/main.c:36:
../src/serial.h:8:6: note: expected 'const volatile char *' but argument is of type 't_character * {aka unsigned char *}'
 void serial_puts(const volatile char *s);
      ^~~~~~~~~~~
arm-atollic-eabi-gcc -o spaceinvader.elf Libraries/STM32F4xx_StdPeriph_Driver/src/misc.o Libraries/STM32F4xx_StdPeriph_Driver/src/stm32f4xx_adc.o Libraries/STM32F4xx_StdPeriph_Driver/src/stm32f4xx_can.o Libraries/STM32F4xx_StdPeriph_Driver/src/stm32f4xx_crc.o Libraries/STM32F4xx_StdPeriph_Driver/src/stm32f4xx_cryp.o Libraries/STM32F4xx_StdPeriph_Driver/src/stm32f4xx_cryp_aes.o Libraries/STM32F4xx_StdPeriph_Driver/src/stm32f4xx_cryp_des.o Libraries/STM32F4xx_StdPeriph_Driver/src/stm32f4xx_cryp_tdes.o Libraries/STM32F4xx_StdPeriph_Driver/src/stm32f4xx_dac.o Libraries/STM32F4xx_StdPeriph_Driver/src/stm32f4xx_dbgmcu.o Libraries/STM32F4xx_StdPeriph_Driver/src/stm32f4xx_dcmi.o Libraries/STM32F4xx_StdPeriph_Driver/src/stm32f4xx_dma.o Libraries/STM32F4xx_StdPeriph_Driver/src/stm32f4xx_dma2d.o Libraries/STM32F4xx_StdPeriph_Driver/src/stm32f4xx_exti.o Libraries/STM32F4xx_StdPeriph_Driver/src/stm32f4xx_flash.o Libraries/STM32F4xx_StdPeriph_Driver/src/stm32f4xx_fmc.o Libraries/STM32F4xx_StdPeriph_Driver/src/stm32f4xx_gpio.o Libraries/STM32F4xx_StdPeriph_Driver/src/stm32f4xx_hash.o Libraries/STM32F4xx_StdPeriph_Driver/src/stm32f4xx_hash_md5.o Libraries/STM32F4xx_StdPeriph_Driver/src/stm32f4xx_hash_sha1.o Libraries/STM32F4xx_StdPeriph_Driver/src/stm32f4xx_i2c.o Libraries/STM32F4xx_StdPeriph_Driver/src/stm32f4xx_iwdg.o Libraries/STM32F4xx_StdPeriph_Driver/src/stm32f4xx_ltdc.o Libraries/STM32F4xx_StdPeriph_Driver/src/stm32f4xx_pwr.o Libraries/STM32F4xx_StdPeriph_Driver/src/stm32f4xx_rcc.o Libraries/STM32F4xx_StdPeriph_Driver/src/stm32f4xx_rng.o Libraries/STM32F4xx_StdPeriph_Driver/src/stm32f4xx_rtc.o Libraries/STM32F4xx_StdPeriph_Driver/src/stm32f4xx_sai.o Libraries/STM32F4xx_StdPeriph_Driver/src/stm32f4xx_sdio.o Libraries/STM32F4xx_StdPeriph_Driver/src/stm32f4xx_spi.o Libraries/STM32F4xx_StdPeriph_Driver/src/stm32f4xx_syscfg.o Libraries/STM32F4xx_StdPeriph_Driver/src/stm32f4xx_tim.o Libraries/STM32F4xx_StdPeriph_Driver/src/stm32f4xx_usart.o Libraries/STM32F4xx_StdPeriph_Driver/src/stm32f4xx_wwdg.o src/enemy.o src/main.o src/serial.o src/startup_stm32f429x.o src/stm32f4xx_it.o src/system_stm32f4xx.o src/tiny_printf.o src/vt100.o -mthumb -mcpu=cortex-m4 -mfloat-abi=hard -mfpu=fpv4-sp-d16 -T../stm32f4_flash.ld -specs=nosys.specs -static -Wl,-cref,-u,Reset_Handler -Wl,-Map=spaceinvader.map -Wl,--gc-sections -Wl,--defsym=malloc_getpagesize_P=0x80 -Wl,--start-group -lc -lm -Wl,--end-group -specs=nano.specs 
/opt/Atollic_TrueSTUDIO_for_STM32_x86_64_9.3.0/ide/jre/bin/java -jar /opt/Atollic_TrueSTUDIO_for_STM32_x86_64_9.3.0/Tools/arm-atollic-reports.jar sizeinfo list spaceinvader.elf 
Generate build reports...
Print size information
   text	   data	    bss	    dec	    hex	filename
   6212	     28	   1056	   7296	   1c80	spaceinvader.elf
Print size information done
Generate listing file
Output sent to: spaceinvader.list
Generate listing file done
Generate build reports done
16:34:55 **** Incremental Build of configuration Debug for project spaceinvader ****
Info: Internal Builder is used for build
arm-atollic-eabi-gcc -c ../src/main.c -mthumb -mcpu=cortex-m4 -mfloat-abi=hard -mfpu=fpv4-sp-d16 -std=gnu11 -DSTM32F42_43xxx -DUSE_STDPERIPH_DRIVER -I../src -I../Libraries/CMSIS/Include -I../Libraries/Device/ST/STM32F4xx/Include -I../Libraries/STM32F4xx_StdPeriph_Driver/inc -O0 -ffunction-sections -fdata-sections -g -fstack-usage -Wall -specs=nano.specs -o src/main.o 
../src/main.c: In function 'main':
../src/main.c:123:16: warning: pointer targets in passing argument 1 of 'serial_puts' differ in signedness [-Wpointer-sign]
    serial_puts(txt_score);
                ^~~~~~~~~
In file included from ../src/main.h:29:0,
                 from ../src/main.c:36:
../src/serial.h:8:6: note: expected 'const volatile char *' but argument is of type 't_character * {aka unsigned char *}'
 void serial_puts(const volatile char *s);
      ^~~~~~~~~~~
../src/main.c:126:16: warning: pointer targets in passing argument 1 of 'serial_puts' differ in signedness [-Wpointer-sign]
    serial_puts(txt_life);
                ^~~~~~~~
In file included from ../src/main.h:29:0,
                 from ../src/main.c:36:
../src/serial.h:8:6: note: expected 'const volatile char *' but argument is of type 't_character * {aka unsigned char *}'
 void serial_puts(const volatile char *s);
      ^~~~~~~~~~~
arm-atollic-eabi-gcc -o spaceinvader.elf Libraries/STM32F4xx_StdPeriph_Driver/src/misc.o Libraries/STM32F4xx_StdPeriph_Driver/src/stm32f4xx_adc.o Libraries/STM32F4xx_StdPeriph_Driver/src/stm32f4xx_can.o Libraries/STM32F4xx_StdPeriph_Driver/src/stm32f4xx_crc.o Libraries/STM32F4xx_StdPeriph_Driver/src/stm32f4xx_cryp.o Libraries/STM32F4xx_StdPeriph_Driver/src/stm32f4xx_cryp_aes.o Libraries/STM32F4xx_StdPeriph_Driver/src/stm32f4xx_cryp_des.o Libraries/STM32F4xx_StdPeriph_Driver/src/stm32f4xx_cryp_tdes.o Libraries/STM32F4xx_StdPeriph_Driver/src/stm32f4xx_dac.o Libraries/STM32F4xx_StdPeriph_Driver/src/stm32f4xx_dbgmcu.o Libraries/STM32F4xx_StdPeriph_Driver/src/stm32f4xx_dcmi.o Libraries/STM32F4xx_StdPeriph_Driver/src/stm32f4xx_dma.o Libraries/STM32F4xx_StdPeriph_Driver/src/stm32f4xx_dma2d.o Libraries/STM32F4xx_StdPeriph_Driver/src/stm32f4xx_exti.o Libraries/STM32F4xx_StdPeriph_Driver/src/stm32f4xx_flash.o Libraries/STM32F4xx_StdPeriph_Driver/src/stm32f4xx_fmc.o Libraries/STM32F4xx_StdPeriph_Driver/src/stm32f4xx_gpio.o Libraries/STM32F4xx_StdPeriph_Driver/src/stm32f4xx_hash.o Libraries/STM32F4xx_StdPeriph_Driver/src/stm32f4xx_hash_md5.o Libraries/STM32F4xx_StdPeriph_Driver/src/stm32f4xx_hash_sha1.o Libraries/STM32F4xx_StdPeriph_Driver/src/stm32f4xx_i2c.o Libraries/STM32F4xx_StdPeriph_Driver/src/stm32f4xx_iwdg.o Libraries/STM32F4xx_StdPeriph_Driver/src/stm32f4xx_ltdc.o Libraries/STM32F4xx_StdPeriph_Driver/src/stm32f4xx_pwr.o Libraries/STM32F4xx_StdPeriph_Driver/src/stm32f4xx_rcc.o Libraries/STM32F4xx_StdPeriph_Driver/src/stm32f4xx_rng.o Libraries/STM32F4xx_StdPeriph_Driver/src/stm32f4xx_rtc.o Libraries/STM32F4xx_StdPeriph_Driver/src/stm32f4xx_sai.o Libraries/STM32F4xx_StdPeriph_Driver/src/stm32f4xx_sdio.o Libraries/STM32F4xx_StdPeriph_Driver/src/stm32f4xx_spi.o Libraries/STM32F4xx_StdPeriph_Driver/src/stm32f4xx_syscfg.o Libraries/STM32F4xx_StdPeriph_Driver/src/stm32f4xx_tim.o Libraries/STM32F4xx_StdPeriph_Driver/src/stm32f4xx_usart.o Libraries/STM32F4xx_StdPeriph_Driver/src/stm32f4xx_wwdg.o src/enemy.o src/main.o src/serial.o src/startup_stm32f429x.o src/stm32f4xx_it.o src/system_stm32f4xx.o src/tiny_printf.o src/vt100.o -mthumb -mcpu=cortex-m4 -mfloat-abi=hard -mfpu=fpv4-sp-d16 -T../stm32f4_flash.ld -specs=nosys.specs -static -Wl,-cref,-u,Reset_Handler -Wl,-Map=spaceinvader.map -Wl,--gc-sections -Wl,--defsym=malloc_getpagesize_P=0x80 -Wl,--start-group -lc -lm -Wl,--end-group -specs=nano.specs 
/opt/Atollic_TrueSTUDIO_for_STM32_x86_64_9.3.0/ide/jre/bin/java -jar /opt/Atollic_TrueSTUDIO_for_STM32_x86_64_9.3.0/Tools/arm-atollic-reports.jar sizeinfo list spaceinvader.elf 
Generate build reports...
Print size information
   text	   data	    bss	    dec	    hex	filename
   6212	     28	   1056	   7296	   1c80	spaceinvader.elf
Print size information done
Generate listing file
Output sent to: spaceinvader.list
Generate listing file done
Generate build reports done
16:35:40 **** Incremental Build of configuration Debug for project spaceinvader ****
Info: Internal Builder is used for build
arm-atollic-eabi-gcc -c ../src/main.c -mthumb -mcpu=cortex-m4 -mfloat-abi=hard -mfpu=fpv4-sp-d16 -std=gnu11 -DSTM32F42_43xxx -DUSE_STDPERIPH_DRIVER -I../src -I../Libraries/CMSIS/Include -I../Libraries/Device/ST/STM32F4xx/Include -I../Libraries/STM32F4xx_StdPeriph_Driver/inc -O0 -ffunction-sections -fdata-sections -g -fstack-usage -Wall -specs=nano.specs -o src/main.o 
../src/main.c: In function 'main':
../src/main.c:123:16: warning: pointer targets in passing argument 1 of 'serial_puts' differ in signedness [-Wpointer-sign]
    serial_puts(txt_score);
                ^~~~~~~~~
In file included from ../src/main.h:29:0,
                 from ../src/main.c:36:
../src/serial.h:8:6: note: expected 'const volatile char *' but argument is of type 't_character * {aka unsigned char *}'
 void serial_puts(const volatile char *s);
      ^~~~~~~~~~~
../src/main.c:126:16: warning: pointer targets in passing argument 1 of 'serial_puts' differ in signedness [-Wpointer-sign]
    serial_puts(txt_life);
                ^~~~~~~~
In file included from ../src/main.h:29:0,
                 from ../src/main.c:36:
../src/serial.h:8:6: note: expected 'const volatile char *' but argument is of type 't_character * {aka unsigned char *}'
 void serial_puts(const volatile char *s);
      ^~~~~~~~~~~
arm-atollic-eabi-gcc -o spaceinvader.elf Libraries/STM32F4xx_StdPeriph_Driver/src/misc.o Libraries/STM32F4xx_StdPeriph_Driver/src/stm32f4xx_adc.o Libraries/STM32F4xx_StdPeriph_Driver/src/stm32f4xx_can.o Libraries/STM32F4xx_StdPeriph_Driver/src/stm32f4xx_crc.o Libraries/STM32F4xx_StdPeriph_Driver/src/stm32f4xx_cryp.o Libraries/STM32F4xx_StdPeriph_Driver/src/stm32f4xx_cryp_aes.o Libraries/STM32F4xx_StdPeriph_Driver/src/stm32f4xx_cryp_des.o Libraries/STM32F4xx_StdPeriph_Driver/src/stm32f4xx_cryp_tdes.o Libraries/STM32F4xx_StdPeriph_Driver/src/stm32f4xx_dac.o Libraries/STM32F4xx_StdPeriph_Driver/src/stm32f4xx_dbgmcu.o Libraries/STM32F4xx_StdPeriph_Driver/src/stm32f4xx_dcmi.o Libraries/STM32F4xx_StdPeriph_Driver/src/stm32f4xx_dma.o Libraries/STM32F4xx_StdPeriph_Driver/src/stm32f4xx_dma2d.o Libraries/STM32F4xx_StdPeriph_Driver/src/stm32f4xx_exti.o Libraries/STM32F4xx_StdPeriph_Driver/src/stm32f4xx_flash.o Libraries/STM32F4xx_StdPeriph_Driver/src/stm32f4xx_fmc.o Libraries/STM32F4xx_StdPeriph_Driver/src/stm32f4xx_gpio.o Libraries/STM32F4xx_StdPeriph_Driver/src/stm32f4xx_hash.o Libraries/STM32F4xx_StdPeriph_Driver/src/stm32f4xx_hash_md5.o Libraries/STM32F4xx_StdPeriph_Driver/src/stm32f4xx_hash_sha1.o Libraries/STM32F4xx_StdPeriph_Driver/src/stm32f4xx_i2c.o Libraries/STM32F4xx_StdPeriph_Driver/src/stm32f4xx_iwdg.o Libraries/STM32F4xx_StdPeriph_Driver/src/stm32f4xx_ltdc.o Libraries/STM32F4xx_StdPeriph_Driver/src/stm32f4xx_pwr.o Libraries/STM32F4xx_StdPeriph_Driver/src/stm32f4xx_rcc.o Libraries/STM32F4xx_StdPeriph_Driver/src/stm32f4xx_rng.o Libraries/STM32F4xx_StdPeriph_Driver/src/stm32f4xx_rtc.o Libraries/STM32F4xx_StdPeriph_Driver/src/stm32f4xx_sai.o Libraries/STM32F4xx_StdPeriph_Driver/src/stm32f4xx_sdio.o Libraries/STM32F4xx_StdPeriph_Driver/src/stm32f4xx_spi.o Libraries/STM32F4xx_StdPeriph_Driver/src/stm32f4xx_syscfg.o Libraries/STM32F4xx_StdPeriph_Driver/src/stm32f4xx_tim.o Libraries/STM32F4xx_StdPeriph_Driver/src/stm32f4xx_usart.o Libraries/STM32F4xx_StdPeriph_Driver/src/stm32f4xx_wwdg.o src/enemy.o src/main.o src/serial.o src/startup_stm32f429x.o src/stm32f4xx_it.o src/system_stm32f4xx.o src/tiny_printf.o src/vt100.o -mthumb -mcpu=cortex-m4 -mfloat-abi=hard -mfpu=fpv4-sp-d16 -T../stm32f4_flash.ld -specs=nosys.specs -static -Wl,-cref,-u,Reset_Handler -Wl,-Map=spaceinvader.map -Wl,--gc-sections -Wl,--defsym=malloc_getpagesize_P=0x80 -Wl,--start-group -lc -lm -Wl,--end-group -specs=nano.specs 
/opt/Atollic_TrueSTUDIO_for_STM32_x86_64_9.3.0/ide/jre/bin/java -jar /opt/Atollic_TrueSTUDIO_for_STM32_x86_64_9.3.0/Tools/arm-atollic-reports.jar sizeinfo list spaceinvader.elf 
Generate build reports...
Print size information
   text	   data	    bss	    dec	    hex	filename
   6208	     28	   1056	   7292	   1c7c	spaceinvader.elf
Print size information done
Generate listing file
Output sent to: spaceinvader.list
Generate listing file done
Generate build reports done
16:38:01 **** Incremental Build of configuration Debug for project spaceinvader ****
Info: Internal Builder is used for build
arm-atollic-eabi-gcc -c ../src/main.c -mthumb -mcpu=cortex-m4 -mfloat-abi=hard -mfpu=fpv4-sp-d16 -std=gnu11 -DSTM32F42_43xxx -DUSE_STDPERIPH_DRIVER -I../src -I../Libraries/CMSIS/Include -I../Libraries/Device/ST/STM32F4xx/Include -I../Libraries/STM32F4xx_StdPeriph_Driver/inc -O0 -ffunction-sections -fdata-sections -g -fstack-usage -Wall -specs=nano.specs -o src/main.o 
../src/main.c: In function 'main':
../src/main.c:123:16: warning: pointer targets in passing argument 1 of 'serial_puts' differ in signedness [-Wpointer-sign]
    serial_puts(txt_score);
                ^~~~~~~~~
In file included from ../src/main.h:29:0,
                 from ../src/main.c:36:
../src/serial.h:8:6: note: expected 'const volatile char *' but argument is of type 't_character * {aka unsigned char *}'
 void serial_puts(const volatile char *s);
      ^~~~~~~~~~~
../src/main.c:126:16: warning: pointer targets in passing argument 1 of 'serial_puts' differ in signedness [-Wpointer-sign]
    serial_puts(txt_life);
                ^~~~~~~~
In file included from ../src/main.h:29:0,
                 from ../src/main.c:36:
../src/serial.h:8:6: note: expected 'const volatile char *' but argument is of type 't_character * {aka unsigned char *}'
 void serial_puts(const volatile char *s);
      ^~~~~~~~~~~
arm-atollic-eabi-gcc -o spaceinvader.elf Libraries/STM32F4xx_StdPeriph_Driver/src/misc.o Libraries/STM32F4xx_StdPeriph_Driver/src/stm32f4xx_adc.o Libraries/STM32F4xx_StdPeriph_Driver/src/stm32f4xx_can.o Libraries/STM32F4xx_StdPeriph_Driver/src/stm32f4xx_crc.o Libraries/STM32F4xx_StdPeriph_Driver/src/stm32f4xx_cryp.o Libraries/STM32F4xx_StdPeriph_Driver/src/stm32f4xx_cryp_aes.o Libraries/STM32F4xx_StdPeriph_Driver/src/stm32f4xx_cryp_des.o Libraries/STM32F4xx_StdPeriph_Driver/src/stm32f4xx_cryp_tdes.o Libraries/STM32F4xx_StdPeriph_Driver/src/stm32f4xx_dac.o Libraries/STM32F4xx_StdPeriph_Driver/src/stm32f4xx_dbgmcu.o Libraries/STM32F4xx_StdPeriph_Driver/src/stm32f4xx_dcmi.o Libraries/STM32F4xx_StdPeriph_Driver/src/stm32f4xx_dma.o Libraries/STM32F4xx_StdPeriph_Driver/src/stm32f4xx_dma2d.o Libraries/STM32F4xx_StdPeriph_Driver/src/stm32f4xx_exti.o Libraries/STM32F4xx_StdPeriph_Driver/src/stm32f4xx_flash.o Libraries/STM32F4xx_StdPeriph_Driver/src/stm32f4xx_fmc.o Libraries/STM32F4xx_StdPeriph_Driver/src/stm32f4xx_gpio.o Libraries/STM32F4xx_StdPeriph_Driver/src/stm32f4xx_hash.o Libraries/STM32F4xx_StdPeriph_Driver/src/stm32f4xx_hash_md5.o Libraries/STM32F4xx_StdPeriph_Driver/src/stm32f4xx_hash_sha1.o Libraries/STM32F4xx_StdPeriph_Driver/src/stm32f4xx_i2c.o Libraries/STM32F4xx_StdPeriph_Driver/src/stm32f4xx_iwdg.o Libraries/STM32F4xx_StdPeriph_Driver/src/stm32f4xx_ltdc.o Libraries/STM32F4xx_StdPeriph_Driver/src/stm32f4xx_pwr.o Libraries/STM32F4xx_StdPeriph_Driver/src/stm32f4xx_rcc.o Libraries/STM32F4xx_StdPeriph_Driver/src/stm32f4xx_rng.o Libraries/STM32F4xx_StdPeriph_Driver/src/stm32f4xx_rtc.o Libraries/STM32F4xx_StdPeriph_Driver/src/stm32f4xx_sai.o Libraries/STM32F4xx_StdPeriph_Driver/src/stm32f4xx_sdio.o Libraries/STM32F4xx_StdPeriph_Driver/src/stm32f4xx_spi.o Libraries/STM32F4xx_StdPeriph_Driver/src/stm32f4xx_syscfg.o Libraries/STM32F4xx_StdPeriph_Driver/src/stm32f4xx_tim.o Libraries/STM32F4xx_StdPeriph_Driver/src/stm32f4xx_usart.o Libraries/STM32F4xx_StdPeriph_Driver/src/stm32f4xx_wwdg.o src/enemy.o src/main.o src/serial.o src/startup_stm32f429x.o src/stm32f4xx_it.o src/system_stm32f4xx.o src/tiny_printf.o src/vt100.o -mthumb -mcpu=cortex-m4 -mfloat-abi=hard -mfpu=fpv4-sp-d16 -T../stm32f4_flash.ld -specs=nosys.specs -static -Wl,-cref,-u,Reset_Handler -Wl,-Map=spaceinvader.map -Wl,--gc-sections -Wl,--defsym=malloc_getpagesize_P=0x80 -Wl,--start-group -lc -lm -Wl,--end-group -specs=nano.specs 
/opt/Atollic_TrueSTUDIO_for_STM32_x86_64_9.3.0/ide/jre/bin/java -jar /opt/Atollic_TrueSTUDIO_for_STM32_x86_64_9.3.0/Tools/arm-atollic-reports.jar sizeinfo list spaceinvader.elf 
Generate build reports...
Print size information
   text	   data	    bss	    dec	    hex	filename
   6208	     28	   1056	   7292	   1c7c	spaceinvader.elf
Print size information done
Generate listing file
Output sent to: spaceinvader.list
Generate listing file done
Generate build reports done
16:38:17 **** Incremental Build of configuration Debug for project spaceinvader ****
Info: Internal Builder is used for build
arm-atollic-eabi-gcc -c ../src/main.c -mthumb -mcpu=cortex-m4 -mfloat-abi=hard -mfpu=fpv4-sp-d16 -std=gnu11 -DSTM32F42_43xxx -DUSE_STDPERIPH_DRIVER -I../src -I../Libraries/CMSIS/Include -I../Libraries/Device/ST/STM32F4xx/Include -I../Libraries/STM32F4xx_StdPeriph_Driver/inc -O0 -ffunction-sections -fdata-sections -g -fstack-usage -Wall -specs=nano.specs -o src/main.o 
../src/main.c: In function 'main':
../src/main.c:123:16: warning: pointer targets in passing argument 1 of 'serial_puts' differ in signedness [-Wpointer-sign]
    serial_puts(txt_score);
                ^~~~~~~~~
In file included from ../src/main.h:29:0,
                 from ../src/main.c:36:
../src/serial.h:8:6: note: expected 'const volatile char *' but argument is of type 't_character * {aka unsigned char *}'
 void serial_puts(const volatile char *s);
      ^~~~~~~~~~~
../src/main.c:126:16: warning: pointer targets in passing argument 1 of 'serial_puts' differ in signedness [-Wpointer-sign]
    serial_puts(txt_life);
                ^~~~~~~~
In file included from ../src/main.h:29:0,
                 from ../src/main.c:36:
../src/serial.h:8:6: note: expected 'const volatile char *' but argument is of type 't_character * {aka unsigned char *}'
 void serial_puts(const volatile char *s);
      ^~~~~~~~~~~
arm-atollic-eabi-gcc -o spaceinvader.elf Libraries/STM32F4xx_StdPeriph_Driver/src/misc.o Libraries/STM32F4xx_StdPeriph_Driver/src/stm32f4xx_adc.o Libraries/STM32F4xx_StdPeriph_Driver/src/stm32f4xx_can.o Libraries/STM32F4xx_StdPeriph_Driver/src/stm32f4xx_crc.o Libraries/STM32F4xx_StdPeriph_Driver/src/stm32f4xx_cryp.o Libraries/STM32F4xx_StdPeriph_Driver/src/stm32f4xx_cryp_aes.o Libraries/STM32F4xx_StdPeriph_Driver/src/stm32f4xx_cryp_des.o Libraries/STM32F4xx_StdPeriph_Driver/src/stm32f4xx_cryp_tdes.o Libraries/STM32F4xx_StdPeriph_Driver/src/stm32f4xx_dac.o Libraries/STM32F4xx_StdPeriph_Driver/src/stm32f4xx_dbgmcu.o Libraries/STM32F4xx_StdPeriph_Driver/src/stm32f4xx_dcmi.o Libraries/STM32F4xx_StdPeriph_Driver/src/stm32f4xx_dma.o Libraries/STM32F4xx_StdPeriph_Driver/src/stm32f4xx_dma2d.o Libraries/STM32F4xx_StdPeriph_Driver/src/stm32f4xx_exti.o Libraries/STM32F4xx_StdPeriph_Driver/src/stm32f4xx_flash.o Libraries/STM32F4xx_StdPeriph_Driver/src/stm32f4xx_fmc.o Libraries/STM32F4xx_StdPeriph_Driver/src/stm32f4xx_gpio.o Libraries/STM32F4xx_StdPeriph_Driver/src/stm32f4xx_hash.o Libraries/STM32F4xx_StdPeriph_Driver/src/stm32f4xx_hash_md5.o Libraries/STM32F4xx_StdPeriph_Driver/src/stm32f4xx_hash_sha1.o Libraries/STM32F4xx_StdPeriph_Driver/src/stm32f4xx_i2c.o Libraries/STM32F4xx_StdPeriph_Driver/src/stm32f4xx_iwdg.o Libraries/STM32F4xx_StdPeriph_Driver/src/stm32f4xx_ltdc.o Libraries/STM32F4xx_StdPeriph_Driver/src/stm32f4xx_pwr.o Libraries/STM32F4xx_StdPeriph_Driver/src/stm32f4xx_rcc.o Libraries/STM32F4xx_StdPeriph_Driver/src/stm32f4xx_rng.o Libraries/STM32F4xx_StdPeriph_Driver/src/stm32f4xx_rtc.o Libraries/STM32F4xx_StdPeriph_Driver/src/stm32f4xx_sai.o Libraries/STM32F4xx_StdPeriph_Driver/src/stm32f4xx_sdio.o Libraries/STM32F4xx_StdPeriph_Driver/src/stm32f4xx_spi.o Libraries/STM32F4xx_StdPeriph_Driver/src/stm32f4xx_syscfg.o Libraries/STM32F4xx_StdPeriph_Driver/src/stm32f4xx_tim.o Libraries/STM32F4xx_StdPeriph_Driver/src/stm32f4xx_usart.o Libraries/STM32F4xx_StdPeriph_Driver/src/stm32f4xx_wwdg.o src/enemy.o src/main.o src/serial.o src/startup_stm32f429x.o src/stm32f4xx_it.o src/system_stm32f4xx.o src/tiny_printf.o src/vt100.o -mthumb -mcpu=cortex-m4 -mfloat-abi=hard -mfpu=fpv4-sp-d16 -T../stm32f4_flash.ld -specs=nosys.specs -static -Wl,-cref,-u,Reset_Handler -Wl,-Map=spaceinvader.map -Wl,--gc-sections -Wl,--defsym=malloc_getpagesize_P=0x80 -Wl,--start-group -lc -lm -Wl,--end-group -specs=nano.specs 
/opt/Atollic_TrueSTUDIO_for_STM32_x86_64_9.3.0/ide/jre/bin/java -jar /opt/Atollic_TrueSTUDIO_for_STM32_x86_64_9.3.0/Tools/arm-atollic-reports.jar sizeinfo list spaceinvader.elf 
Generate build reports...
Print size information
   text	   data	    bss	    dec	    hex	filename
   6208	     28	   1056	   7292	   1c7c	spaceinvader.elf
Print size information done
Generate listing file
Output sent to: spaceinvader.list
Generate listing file done
Generate build reports done
16:42:42 **** Incremental Build of configuration Debug for project spaceinvader ****
Info: Internal Builder is used for build
arm-atollic-eabi-gcc -c ../src/enemy.c -mthumb -mcpu=cortex-m4 -mfloat-abi=hard -mfpu=fpv4-sp-d16 -std=gnu11 -DSTM32F42_43xxx -DUSE_STDPERIPH_DRIVER -I../src -I../Libraries/CMSIS/Include -I../Libraries/Device/ST/STM32F4xx/Include -I../Libraries/STM32F4xx_StdPeriph_Driver/inc -O0 -ffunction-sections -fdata-sections -g -fstack-usage -Wall -specs=nano.specs -o src/enemy.o 
arm-atollic-eabi-gcc -c ../src/main.c -mthumb -mcpu=cortex-m4 -mfloat-abi=hard -mfpu=fpv4-sp-d16 -std=gnu11 -DSTM32F42_43xxx -DUSE_STDPERIPH_DRIVER -I../src -I../Libraries/CMSIS/Include -I../Libraries/Device/ST/STM32F4xx/Include -I../Libraries/STM32F4xx_StdPeriph_Driver/inc -O0 -ffunction-sections -fdata-sections -g -fstack-usage -Wall -specs=nano.specs -o src/main.o 
../src/main.c: In function 'main':
../src/main.c:124:16: warning: pointer targets in passing argument 1 of 'serial_puts' differ in signedness [-Wpointer-sign]
    serial_puts(txt_score);
                ^~~~~~~~~
In file included from ../src/main.h:29:0,
                 from ../src/main.c:36:
../src/serial.h:8:6: note: expected 'const volatile char *' but argument is of type 't_character * {aka unsigned char *}'
 void serial_puts(const volatile char *s);
      ^~~~~~~~~~~
../src/main.c:127:16: warning: pointer targets in passing argument 1 of 'serial_puts' differ in signedness [-Wpointer-sign]
    serial_puts(txt_life);
                ^~~~~~~~
In file included from ../src/main.h:29:0,
                 from ../src/main.c:36:
../src/serial.h:8:6: note: expected 'const volatile char *' but argument is of type 't_character * {aka unsigned char *}'
 void serial_puts(const volatile char *s);
      ^~~~~~~~~~~
arm-atollic-eabi-gcc -o spaceinvader.elf Libraries/STM32F4xx_StdPeriph_Driver/src/misc.o Libraries/STM32F4xx_StdPeriph_Driver/src/stm32f4xx_adc.o Libraries/STM32F4xx_StdPeriph_Driver/src/stm32f4xx_can.o Libraries/STM32F4xx_StdPeriph_Driver/src/stm32f4xx_crc.o Libraries/STM32F4xx_StdPeriph_Driver/src/stm32f4xx_cryp.o Libraries/STM32F4xx_StdPeriph_Driver/src/stm32f4xx_cryp_aes.o Libraries/STM32F4xx_StdPeriph_Driver/src/stm32f4xx_cryp_des.o Libraries/STM32F4xx_StdPeriph_Driver/src/stm32f4xx_cryp_tdes.o Libraries/STM32F4xx_StdPeriph_Driver/src/stm32f4xx_dac.o Libraries/STM32F4xx_StdPeriph_Driver/src/stm32f4xx_dbgmcu.o Libraries/STM32F4xx_StdPeriph_Driver/src/stm32f4xx_dcmi.o Libraries/STM32F4xx_StdPeriph_Driver/src/stm32f4xx_dma.o Libraries/STM32F4xx_StdPeriph_Driver/src/stm32f4xx_dma2d.o Libraries/STM32F4xx_StdPeriph_Driver/src/stm32f4xx_exti.o Libraries/STM32F4xx_StdPeriph_Driver/src/stm32f4xx_flash.o Libraries/STM32F4xx_StdPeriph_Driver/src/stm32f4xx_fmc.o Libraries/STM32F4xx_StdPeriph_Driver/src/stm32f4xx_gpio.o Libraries/STM32F4xx_StdPeriph_Driver/src/stm32f4xx_hash.o Libraries/STM32F4xx_StdPeriph_Driver/src/stm32f4xx_hash_md5.o Libraries/STM32F4xx_StdPeriph_Driver/src/stm32f4xx_hash_sha1.o Libraries/STM32F4xx_StdPeriph_Driver/src/stm32f4xx_i2c.o Libraries/STM32F4xx_StdPeriph_Driver/src/stm32f4xx_iwdg.o Libraries/STM32F4xx_StdPeriph_Driver/src/stm32f4xx_ltdc.o Libraries/STM32F4xx_StdPeriph_Driver/src/stm32f4xx_pwr.o Libraries/STM32F4xx_StdPeriph_Driver/src/stm32f4xx_rcc.o Libraries/STM32F4xx_StdPeriph_Driver/src/stm32f4xx_rng.o Libraries/STM32F4xx_StdPeriph_Driver/src/stm32f4xx_rtc.o Libraries/STM32F4xx_StdPeriph_Driver/src/stm32f4xx_sai.o Libraries/STM32F4xx_StdPeriph_Driver/src/stm32f4xx_sdio.o Libraries/STM32F4xx_StdPeriph_Driver/src/stm32f4xx_spi.o Libraries/STM32F4xx_StdPeriph_Driver/src/stm32f4xx_syscfg.o Libraries/STM32F4xx_StdPeriph_Driver/src/stm32f4xx_tim.o Libraries/STM32F4xx_StdPeriph_Driver/src/stm32f4xx_usart.o Libraries/STM32F4xx_StdPeriph_Driver/src/stm32f4xx_wwdg.o src/enemy.o src/main.o src/serial.o src/startup_stm32f429x.o src/stm32f4xx_it.o src/system_stm32f4xx.o src/tiny_printf.o src/vt100.o -mthumb -mcpu=cortex-m4 -mfloat-abi=hard -mfpu=fpv4-sp-d16 -T../stm32f4_flash.ld -specs=nosys.specs -static -Wl,-cref,-u,Reset_Handler -Wl,-Map=spaceinvader.map -Wl,--gc-sections -Wl,--defsym=malloc_getpagesize_P=0x80 -Wl,--start-group -lc -lm -Wl,--end-group -specs=nano.specs 
/opt/Atollic_TrueSTUDIO_for_STM32_x86_64_9.3.0/ide/jre/bin/java -jar /opt/Atollic_TrueSTUDIO_for_STM32_x86_64_9.3.0/Tools/arm-atollic-reports.jar sizeinfo list spaceinvader.elf 
Generate build reports...
Print size information
   text	   data	    bss	    dec	    hex	filename
   6236	     28	   1056	   7320	   1c98	spaceinvader.elf
Print size information done
Generate listing file
Output sent to: spaceinvader.list
Generate listing file done
Generate build reports done
16:53:14 **** Incremental Build of configuration Debug for project spaceinvader ****
Info: Internal Builder is used for build
arm-atollic-eabi-gcc -c ../src/main.c -mthumb -mcpu=cortex-m4 -mfloat-abi=hard -mfpu=fpv4-sp-d16 -std=gnu11 -DSTM32F42_43xxx -DUSE_STDPERIPH_DRIVER -I../src -I../Libraries/CMSIS/Include -I../Libraries/Device/ST/STM32F4xx/Include -I../Libraries/STM32F4xx_StdPeriph_Driver/inc -O0 -ffunction-sections -fdata-sections -g -fstack-usage -Wall -specs=nano.specs -o src/main.o 
../src/main.c: In function 'main':
../src/main.c:124:16: warning: pointer targets in passing argument 1 of 'serial_puts' differ in signedness [-Wpointer-sign]
    serial_puts(txt_score);
                ^~~~~~~~~
In file included from ../src/main.h:29:0,
                 from ../src/main.c:36:
../src/serial.h:8:6: note: expected 'const volatile char *' but argument is of type 't_character * {aka unsigned char *}'
 void serial_puts(const volatile char *s);
      ^~~~~~~~~~~
../src/main.c:127:16: warning: pointer targets in passing argument 1 of 'serial_puts' differ in signedness [-Wpointer-sign]
    serial_puts(txt_life);
                ^~~~~~~~
In file included from ../src/main.h:29:0,
                 from ../src/main.c:36:
../src/serial.h:8:6: note: expected 'const volatile char *' but argument is of type 't_character * {aka unsigned char *}'
 void serial_puts(const volatile char *s);
      ^~~~~~~~~~~
arm-atollic-eabi-gcc -o spaceinvader.elf Libraries/STM32F4xx_StdPeriph_Driver/src/misc.o Libraries/STM32F4xx_StdPeriph_Driver/src/stm32f4xx_adc.o Libraries/STM32F4xx_StdPeriph_Driver/src/stm32f4xx_can.o Libraries/STM32F4xx_StdPeriph_Driver/src/stm32f4xx_crc.o Libraries/STM32F4xx_StdPeriph_Driver/src/stm32f4xx_cryp.o Libraries/STM32F4xx_StdPeriph_Driver/src/stm32f4xx_cryp_aes.o Libraries/STM32F4xx_StdPeriph_Driver/src/stm32f4xx_cryp_des.o Libraries/STM32F4xx_StdPeriph_Driver/src/stm32f4xx_cryp_tdes.o Libraries/STM32F4xx_StdPeriph_Driver/src/stm32f4xx_dac.o Libraries/STM32F4xx_StdPeriph_Driver/src/stm32f4xx_dbgmcu.o Libraries/STM32F4xx_StdPeriph_Driver/src/stm32f4xx_dcmi.o Libraries/STM32F4xx_StdPeriph_Driver/src/stm32f4xx_dma.o Libraries/STM32F4xx_StdPeriph_Driver/src/stm32f4xx_dma2d.o Libraries/STM32F4xx_StdPeriph_Driver/src/stm32f4xx_exti.o Libraries/STM32F4xx_StdPeriph_Driver/src/stm32f4xx_flash.o Libraries/STM32F4xx_StdPeriph_Driver/src/stm32f4xx_fmc.o Libraries/STM32F4xx_StdPeriph_Driver/src/stm32f4xx_gpio.o Libraries/STM32F4xx_StdPeriph_Driver/src/stm32f4xx_hash.o Libraries/STM32F4xx_StdPeriph_Driver/src/stm32f4xx_hash_md5.o Libraries/STM32F4xx_StdPeriph_Driver/src/stm32f4xx_hash_sha1.o Libraries/STM32F4xx_StdPeriph_Driver/src/stm32f4xx_i2c.o Libraries/STM32F4xx_StdPeriph_Driver/src/stm32f4xx_iwdg.o Libraries/STM32F4xx_StdPeriph_Driver/src/stm32f4xx_ltdc.o Libraries/STM32F4xx_StdPeriph_Driver/src/stm32f4xx_pwr.o Libraries/STM32F4xx_StdPeriph_Driver/src/stm32f4xx_rcc.o Libraries/STM32F4xx_StdPeriph_Driver/src/stm32f4xx_rng.o Libraries/STM32F4xx_StdPeriph_Driver/src/stm32f4xx_rtc.o Libraries/STM32F4xx_StdPeriph_Driver/src/stm32f4xx_sai.o Libraries/STM32F4xx_StdPeriph_Driver/src/stm32f4xx_sdio.o Libraries/STM32F4xx_StdPeriph_Driver/src/stm32f4xx_spi.o Libraries/STM32F4xx_StdPeriph_Driver/src/stm32f4xx_syscfg.o Libraries/STM32F4xx_StdPeriph_Driver/src/stm32f4xx_tim.o Libraries/STM32F4xx_StdPeriph_Driver/src/stm32f4xx_usart.o Libraries/STM32F4xx_StdPeriph_Driver/src/stm32f4xx_wwdg.o src/enemy.o src/main.o src/serial.o src/startup_stm32f429x.o src/stm32f4xx_it.o src/system_stm32f4xx.o src/tiny_printf.o src/vt100.o -mthumb -mcpu=cortex-m4 -mfloat-abi=hard -mfpu=fpv4-sp-d16 -T../stm32f4_flash.ld -specs=nosys.specs -static -Wl,-cref,-u,Reset_Handler -Wl,-Map=spaceinvader.map -Wl,--gc-sections -Wl,--defsym=malloc_getpagesize_P=0x80 -Wl,--start-group -lc -lm -Wl,--end-group -specs=nano.specs 
/opt/Atollic_TrueSTUDIO_for_STM32_x86_64_9.3.0/ide/jre/bin/java -jar /opt/Atollic_TrueSTUDIO_for_STM32_x86_64_9.3.0/Tools/arm-atollic-reports.jar sizeinfo list spaceinvader.elf 
Generate build reports...
Print size information
   text	   data	    bss	    dec	    hex	filename
   6244	     28	   1056	   7328	   1ca0	spaceinvader.elf
Print size information done
Generate listing file
Output sent to: spaceinvader.list
Generate listing file done
Generate build reports done
16:56:54 **** Incremental Build of configuration Debug for project spaceinvader ****
Info: Internal Builder is used for build
arm-atollic-eabi-gcc -c ../src/main.c -mthumb -mcpu=cortex-m4 -mfloat-abi=hard -mfpu=fpv4-sp-d16 -std=gnu11 -DSTM32F42_43xxx -DUSE_STDPERIPH_DRIVER -I../src -I../Libraries/CMSIS/Include -I../Libraries/Device/ST/STM32F4xx/Include -I../Libraries/STM32F4xx_StdPeriph_Driver/inc -O0 -ffunction-sections -fdata-sections -g -fstack-usage -Wall -specs=nano.specs -o src/main.o 
../src/main.c: In function 'main':
../src/main.c:124:16: warning: pointer targets in passing argument 1 of 'serial_puts' differ in signedness [-Wpointer-sign]
    serial_puts(txt_score);
                ^~~~~~~~~
In file included from ../src/main.h:29:0,
                 from ../src/main.c:36:
../src/serial.h:8:6: note: expected 'const volatile char *' but argument is of type 't_character * {aka unsigned char *}'
 void serial_puts(const volatile char *s);
      ^~~~~~~~~~~
../src/main.c:127:16: warning: pointer targets in passing argument 1 of 'serial_puts' differ in signedness [-Wpointer-sign]
    serial_puts(txt_life);
                ^~~~~~~~
In file included from ../src/main.h:29:0,
                 from ../src/main.c:36:
../src/serial.h:8:6: note: expected 'const volatile char *' but argument is of type 't_character * {aka unsigned char *}'
 void serial_puts(const volatile char *s);
      ^~~~~~~~~~~
arm-atollic-eabi-gcc -o spaceinvader.elf Libraries/STM32F4xx_StdPeriph_Driver/src/misc.o Libraries/STM32F4xx_StdPeriph_Driver/src/stm32f4xx_adc.o Libraries/STM32F4xx_StdPeriph_Driver/src/stm32f4xx_can.o Libraries/STM32F4xx_StdPeriph_Driver/src/stm32f4xx_crc.o Libraries/STM32F4xx_StdPeriph_Driver/src/stm32f4xx_cryp.o Libraries/STM32F4xx_StdPeriph_Driver/src/stm32f4xx_cryp_aes.o Libraries/STM32F4xx_StdPeriph_Driver/src/stm32f4xx_cryp_des.o Libraries/STM32F4xx_StdPeriph_Driver/src/stm32f4xx_cryp_tdes.o Libraries/STM32F4xx_StdPeriph_Driver/src/stm32f4xx_dac.o Libraries/STM32F4xx_StdPeriph_Driver/src/stm32f4xx_dbgmcu.o Libraries/STM32F4xx_StdPeriph_Driver/src/stm32f4xx_dcmi.o Libraries/STM32F4xx_StdPeriph_Driver/src/stm32f4xx_dma.o Libraries/STM32F4xx_StdPeriph_Driver/src/stm32f4xx_dma2d.o Libraries/STM32F4xx_StdPeriph_Driver/src/stm32f4xx_exti.o Libraries/STM32F4xx_StdPeriph_Driver/src/stm32f4xx_flash.o Libraries/STM32F4xx_StdPeriph_Driver/src/stm32f4xx_fmc.o Libraries/STM32F4xx_StdPeriph_Driver/src/stm32f4xx_gpio.o Libraries/STM32F4xx_StdPeriph_Driver/src/stm32f4xx_hash.o Libraries/STM32F4xx_StdPeriph_Driver/src/stm32f4xx_hash_md5.o Libraries/STM32F4xx_StdPeriph_Driver/src/stm32f4xx_hash_sha1.o Libraries/STM32F4xx_StdPeriph_Driver/src/stm32f4xx_i2c.o Libraries/STM32F4xx_StdPeriph_Driver/src/stm32f4xx_iwdg.o Libraries/STM32F4xx_StdPeriph_Driver/src/stm32f4xx_ltdc.o Libraries/STM32F4xx_StdPeriph_Driver/src/stm32f4xx_pwr.o Libraries/STM32F4xx_StdPeriph_Driver/src/stm32f4xx_rcc.o Libraries/STM32F4xx_StdPeriph_Driver/src/stm32f4xx_rng.o Libraries/STM32F4xx_StdPeriph_Driver/src/stm32f4xx_rtc.o Libraries/STM32F4xx_StdPeriph_Driver/src/stm32f4xx_sai.o Libraries/STM32F4xx_StdPeriph_Driver/src/stm32f4xx_sdio.o Libraries/STM32F4xx_StdPeriph_Driver/src/stm32f4xx_spi.o Libraries/STM32F4xx_StdPeriph_Driver/src/stm32f4xx_syscfg.o Libraries/STM32F4xx_StdPeriph_Driver/src/stm32f4xx_tim.o Libraries/STM32F4xx_StdPeriph_Driver/src/stm32f4xx_usart.o Libraries/STM32F4xx_StdPeriph_Driver/src/stm32f4xx_wwdg.o src/enemy.o src/main.o src/serial.o src/startup_stm32f429x.o src/stm32f4xx_it.o src/system_stm32f4xx.o src/tiny_printf.o src/vt100.o -mthumb -mcpu=cortex-m4 -mfloat-abi=hard -mfpu=fpv4-sp-d16 -T../stm32f4_flash.ld -specs=nosys.specs -static -Wl,-cref,-u,Reset_Handler -Wl,-Map=spaceinvader.map -Wl,--gc-sections -Wl,--defsym=malloc_getpagesize_P=0x80 -Wl,--start-group -lc -lm -Wl,--end-group -specs=nano.specs 
/opt/Atollic_TrueSTUDIO_for_STM32_x86_64_9.3.0/ide/jre/bin/java -jar /opt/Atollic_TrueSTUDIO_for_STM32_x86_64_9.3.0/Tools/arm-atollic-reports.jar sizeinfo list spaceinvader.elf 
Generate build reports...
Print size information
   text	   data	    bss	    dec	    hex	filename
   6244	     28	   1056	   7328	   1ca0	spaceinvader.elf
Print size information done
Generate listing file
Output sent to: spaceinvader.list
Generate listing file done
Generate build reports done
17:02:20 **** Incremental Build of configuration Debug for project spaceinvader ****
Info: Internal Builder is used for build
arm-atollic-eabi-gcc -c ../src/main.c -mthumb -mcpu=cortex-m4 -mfloat-abi=hard -mfpu=fpv4-sp-d16 -std=gnu11 -DSTM32F42_43xxx -DUSE_STDPERIPH_DRIVER -I../src -I../Libraries/CMSIS/Include -I../Libraries/Device/ST/STM32F4xx/Include -I../Libraries/STM32F4xx_StdPeriph_Driver/inc -O0 -ffunction-sections -fdata-sections -g -fstack-usage -Wall -specs=nano.specs -o src/main.o 
../src/main.c: In function 'main':
../src/main.c:124:16: warning: pointer targets in passing argument 1 of 'serial_puts' differ in signedness [-Wpointer-sign]
    serial_puts(txt_score);
                ^~~~~~~~~
In file included from ../src/main.h:29:0,
                 from ../src/main.c:36:
../src/serial.h:8:6: note: expected 'const volatile char *' but argument is of type 't_character * {aka unsigned char *}'
 void serial_puts(const volatile char *s);
      ^~~~~~~~~~~
../src/main.c:127:16: warning: pointer targets in passing argument 1 of 'serial_puts' differ in signedness [-Wpointer-sign]
    serial_puts(txt_life);
                ^~~~~~~~
In file included from ../src/main.h:29:0,
                 from ../src/main.c:36:
../src/serial.h:8:6: note: expected 'const volatile char *' but argument is of type 't_character * {aka unsigned char *}'
 void serial_puts(const volatile char *s);
      ^~~~~~~~~~~
[...]
/opt/Atollic_TrueSTUDIO_for_STM32_x86_64_9.3.0/ide/jre/bin/java -jar /opt/Atollic_TrueSTUDIO_for_STM32_x86_64_9.3.0/Tools/arm-atollic-reports.jar sizeinfo list spaceinvader.elf 
Generate build reports...
Print size information
   text	   data	    bss	    dec	    hex	filename
   6236	     28	   1056	   7320	   1c98	spaceinvader.elf
Print size information done
Generate listing file
Output sent to: spaceinvader.list
Generate listing file done
Generate build reports done
Info: Nothing to build for spaceinvader
11:34:33 **** Incremental Build of configuration Debug for project spaceinvader ****
Info: Internal Builder is used for build
arm-atollic-eabi-gcc -c ../src/main.c -mthumb -mcpu=cortex-m4 -mfloat-abi=hard -mfpu=fpv4-sp-d16 -std=gnu11 -DSTM32F42_43xxx -DUSE_STDPERIPH_DRIVER -I../src -I../Libraries/CMSIS/Include -I../Libraries/Device/ST/STM32F4xx/Include -I../Libraries/STM32F4xx_StdPeriph_Driver/inc -O0 -ffunction-sections -fdata-sections -g -fstack-usage -Wall -specs=nano.specs -o src/main.o 
../src/main.c: In function 'main':
../src/main.c:124:16: warning: pointer targets in passing argument 1 of 'serial_puts' differ in signedness [-Wpointer-sign]
    serial_puts(txt_score);
                ^~~~~~~~~
In file included from ../src/main.h:29:0,
                 from ../src/main.c:36:
../src/serial.h:8:6: note: expected 'const volatile char *' but argument is of type 't_character * {aka unsigned char *}'
 void serial_puts(const volatile char *s);
      ^~~~~~~~~~~
../src/main.c:127:16: warning: pointer targets in passing argument 1 of 'serial_puts' differ in signedness [-Wpointer-sign]
    serial_puts(txt_life);
                ^~~~~~~~
In file included from ../src/main.h:29:0,
                 from ../src/main.c:36:
../src/serial.h:8:6: note: expected 'const volatile char *' but argument is of type 't_character * {aka unsigned char *}'
 void serial_puts(const volatile char *s);
      ^~~~~~~~~~~
../src/main.c:65:11: warning: unused variable 'time' [-Wunused-variable]
  uint32_t time = 25000;
           ^~~~
arm-atollic-eabi-gcc -o spaceinvader.elf Libraries/STM32F4xx_StdPeriph_Driver/src/misc.o Libraries/STM32F4xx_StdPeriph_Driver/src/stm32f4xx_adc.o Libraries/STM32F4xx_StdPeriph_Driver/src/stm32f4xx_can.o Libraries/STM32F4xx_StdPeriph_Driver/src/stm32f4xx_crc.o Libraries/STM32F4xx_StdPeriph_Driver/src/stm32f4xx_cryp.o Libraries/STM32F4xx_StdPeriph_Driver/src/stm32f4xx_cryp_aes.o Libraries/STM32F4xx_StdPeriph_Driver/src/stm32f4xx_cryp_des.o Libraries/STM32F4xx_StdPeriph_Driver/src/stm32f4xx_cryp_tdes.o Libraries/STM32F4xx_StdPeriph_Driver/src/stm32f4xx_dac.o Libraries/STM32F4xx_StdPeriph_Driver/src/stm32f4xx_dbgmcu.o Libraries/STM32F4xx_StdPeriph_Driver/src/stm32f4xx_dcmi.o Libraries/STM32F4xx_StdPeriph_Driver/src/stm32f4xx_dma.o Libraries/STM32F4xx_StdPeriph_Driver/src/stm32f4xx_dma2d.o Libraries/STM32F4xx_StdPeriph_Driver/src/stm32f4xx_exti.o Libraries/STM32F4xx_StdPeriph_Driver/src/stm32f4xx_flash.o Libraries/STM32F4xx_StdPeriph_Driver/src/stm32f4xx_fmc.o Libraries/STM32F4xx_StdPeriph_Driver/src/stm32f4xx_gpio.o Libraries/STM32F4xx_StdPeriph_Driver/src/stm32f4xx_hash.o Libraries/STM32F4xx_StdPeriph_Driver/src/stm32f4xx_hash_md5.o Libraries/STM32F4xx_StdPeriph_Driver/src/stm32f4xx_hash_sha1.o Libraries/STM32F4xx_StdPeriph_Driver/src/stm32f4xx_i2c.o Libraries/STM32F4xx_StdPeriph_Driver/src/stm32f4xx_iwdg.o Libraries/STM32F4xx_StdPeriph_Driver/src/stm32f4xx_ltdc.o Libraries/STM32F4xx_StdPeriph_Driver/src/stm32f4xx_pwr.o Libraries/STM32F4xx_StdPeriph_Driver/src/stm32f4xx_rcc.o Libraries/STM32F4xx_StdPeriph_Driver/src/stm32f4xx_rng.o Libraries/STM32F4xx_StdPeriph_Driver/src/stm32f4xx_rtc.o Libraries/STM32F4xx_StdPeriph_Driver/src/stm32f4xx_sai.o Libraries/STM32F4xx_StdPeriph_Driver/src/stm32f4xx_sdio.o Libraries/STM32F4xx_StdPeriph_Driver/src/stm32f4xx_spi.o Libraries/STM32F4xx_StdPeriph_Driver/src/stm32f4xx_syscfg.o Libraries/STM32F4xx_StdPeriph_Driver/src/stm32f4xx_tim.o Libraries/STM32F4xx_StdPeriph_Driver/src/stm32f4xx_usart.o Libraries/STM32F4xx_StdPeriph_Driver/src/stm32f4xx_wwdg.o src/enemy.o src/main.o src/serial.o src/startup_stm32f429x.o src/stm32f4xx_it.o src/system_stm32f4xx.o src/tiny_printf.o src/vt100.o -mthumb -mcpu=cortex-m4 -mfloat-abi=hard -mfpu=fpv4-sp-d16 -T../stm32f4_flash.ld -specs=nosys.specs -static -Wl,-cref,-u,Reset_Handler -Wl,-Map=spaceinvader.map -Wl,--gc-sections -Wl,--defsym=malloc_getpagesize_P=0x80 -Wl,--start-group -lc -lm -Wl,--end-group -specs=nano.specs 
/opt/Atollic_TrueSTUDIO_for_STM32_x86_64_9.3.0/ide/jre/bin/java -jar /opt/Atollic_TrueSTUDIO_for_STM32_x86_64_9.3.0/Tools/arm-atollic-reports.jar sizeinfo list spaceinvader.elf 
Generate build reports...
Print size information
   text	   data	    bss	    dec	    hex	filename
   6220	     28	   1056	   7304	   1c88	spaceinvader.elf
Print size information done
Generate listing file
Output sent to: spaceinvader.list
Generate listing file done
Generate build reports done
Info: Nothing to build for spaceinvader
11:36:48 **** Incremental Build of configuration Debug for project spaceinvader ****
Info: Internal Builder is used for build
arm-atollic-eabi-gcc -c ../src/main.c -mthumb -mcpu=cortex-m4 -mfloat-abi=hard -mfpu=fpv4-sp-d16 -std=gnu11 -DSTM32F42_43xxx -DUSE_STDPERIPH_DRIVER -I../src -I../Libraries/CMSIS/Include -I../Libraries/Device/ST/STM32F4xx/Include -I../Libraries/STM32F4xx_StdPeriph_Driver/inc -O0 -ffunction-sections -fdata-sections -g -fstack-usage -Wall -specs=nano.specs -o src/main.o 
../src/main.c: In function 'main':
../src/main.c:124:16: warning: pointer targets in passing argument 1 of 'serial_puts' differ in signedness [-Wpointer-sign]
    serial_puts(txt_score);
                ^~~~~~~~~
In file included from ../src/main.h:29:0,
                 from ../src/main.c:36:
../src/serial.h:8:6: note: expected 'const volatile char *' but argument is of type 't_character * {aka unsigned char *}'
 void serial_puts(const volatile char *s);
      ^~~~~~~~~~~
../src/main.c:127:16: warning: pointer targets in passing argument 1 of 'serial_puts' differ in signedness [-Wpointer-sign]
    serial_puts(txt_life);
                ^~~~~~~~
In file included from ../src/main.h:29:0,
                 from ../src/main.c:36:
../src/serial.h:8:6: note: expected 'const volatile char *' but argument is of type 't_character * {aka unsigned char *}'
 void serial_puts(const volatile char *s);
      ^~~~~~~~~~~
../src/main.c:65:11: warning: unused variable 'time' [-Wunused-variable]
  uint32_t time = 25000;
           ^~~~
arm-atollic-eabi-gcc -o spaceinvader.elf Libraries/STM32F4xx_StdPeriph_Driver/src/misc.o Libraries/STM32F4xx_StdPeriph_Driver/src/stm32f4xx_adc.o Libraries/STM32F4xx_StdPeriph_Driver/src/stm32f4xx_can.o Libraries/STM32F4xx_StdPeriph_Driver/src/stm32f4xx_crc.o Libraries/STM32F4xx_StdPeriph_Driver/src/stm32f4xx_cryp.o Libraries/STM32F4xx_StdPeriph_Driver/src/stm32f4xx_cryp_aes.o Libraries/STM32F4xx_StdPeriph_Driver/src/stm32f4xx_cryp_des.o Libraries/STM32F4xx_StdPeriph_Driver/src/stm32f4xx_cryp_tdes.o Libraries/STM32F4xx_StdPeriph_Driver/src/stm32f4xx_dac.o Libraries/STM32F4xx_StdPeriph_Driver/src/stm32f4xx_dbgmcu.o Libraries/STM32F4xx_StdPeriph_Driver/src/stm32f4xx_dcmi.o Libraries/STM32F4xx_StdPeriph_Driver/src/stm32f4xx_dma.o Libraries/STM32F4xx_StdPeriph_Driver/src/stm32f4xx_dma2d.o Libraries/STM32F4xx_StdPeriph_Driver/src/stm32f4xx_exti.o Libraries/STM32F4xx_StdPeriph_Driver/src/stm32f4xx_flash.o Libraries/STM32F4xx_StdPeriph_Driver/src/stm32f4xx_fmc.o Libraries/STM32F4xx_StdPeriph_Driver/src/stm32f4xx_gpio.o Libraries/STM32F4xx_StdPeriph_Driver/src/stm32f4xx_hash.o Libraries/STM32F4xx_StdPeriph_Driver/src/stm32f4xx_hash_md5.o Libraries/STM32F4xx_StdPeriph_Driver/src/stm32f4xx_hash_sha1.o Libraries/STM32F4xx_StdPeriph_Driver/src/stm32f4xx_i2c.o Libraries/STM32F4xx_StdPeriph_Driver/src/stm32f4xx_iwdg.o Libraries/STM32F4xx_StdPeriph_Driver/src/stm32f4xx_ltdc.o Libraries/STM32F4xx_StdPeriph_Driver/src/stm32f4xx_pwr.o Libraries/STM32F4xx_StdPeriph_Driver/src/stm32f4xx_rcc.o Libraries/STM32F4xx_StdPeriph_Driver/src/stm32f4xx_rng.o Libraries/STM32F4xx_StdPeriph_Driver/src/stm32f4xx_rtc.o Libraries/STM32F4xx_StdPeriph_Driver/src/stm32f4xx_sai.o Libraries/STM32F4xx_StdPeriph_Driver/src/stm32f4xx_sdio.o Libraries/STM32F4xx_StdPeriph_Driver/src/stm32f4xx_spi.o Libraries/STM32F4xx_StdPeriph_Driver/src/stm32f4xx_syscfg.o Libraries/STM32F4xx_StdPeriph_Driver/src/stm32f4xx_tim.o Libraries/STM32F4xx_StdPeriph_Driver/src/stm32f4xx_usart.o Libraries/STM32F4xx_StdPeriph_Driver/src/stm32f4xx_wwdg.o src/enemy.o src/main.o src/serial.o src/startup_stm32f429x.o src/stm32f4xx_it.o src/system_stm32f4xx.o src/tiny_printf.o src/vt100.o -mthumb -mcpu=cortex-m4 -mfloat-abi=hard -mfpu=fpv4-sp-d16 -T../stm32f4_flash.ld -specs=nosys.specs -static -Wl,-cref,-u,Reset_Handler -Wl,-Map=spaceinvader.map -Wl,--gc-sections -Wl,--defsym=malloc_getpagesize_P=0x80 -Wl,--start-group -lc -lm -Wl,--end-group -specs=nano.specs 
/opt/Atollic_TrueSTUDIO_for_STM32_x86_64_9.3.0/ide/jre/bin/java -jar /opt/Atollic_TrueSTUDIO_for_STM32_x86_64_9.3.0/Tools/arm-atollic-reports.jar sizeinfo list spaceinvader.elf 
Generate build reports...
Print size information
   text	   data	    bss	    dec	    hex	filename
   6232	     28	   1056	   7316	   1c94	spaceinvader.elf
Print size information done
Generate listing file
Output sent to: spaceinvader.list
Generate listing file done
Generate build reports done
Info: Nothing to build for spaceinvader
11:44:37 **** Incremental Build of configuration Debug for project spaceinvader ****
Info: Internal Builder is used for build
arm-atollic-eabi-gcc -c ../src/main.c -mthumb -mcpu=cortex-m4 -mfloat-abi=hard -mfpu=fpv4-sp-d16 -std=gnu11 -DSTM32F42_43xxx -DUSE_STDPERIPH_DRIVER -I../src -I../Libraries/CMSIS/Include -I../Libraries/Device/ST/STM32F4xx/Include -I../Libraries/STM32F4xx_StdPeriph_Driver/inc -O0 -ffunction-sections -fdata-sections -g -fstack-usage -Wall -specs=nano.specs -o src/main.o 
../src/main.c: In function 'main':
../src/main.c:124:16: warning: pointer targets in passing argument 1 of 'serial_puts' differ in signedness [-Wpointer-sign]
    serial_puts(txt_score);
                ^~~~~~~~~
In file included from ../src/main.h:29:0,
                 from ../src/main.c:36:
../src/serial.h:8:6: note: expected 'const volatile char *' but argument is of type 't_character * {aka unsigned char *}'
 void serial_puts(const volatile char *s);
      ^~~~~~~~~~~
../src/main.c:127:16: warning: pointer targets in passing argument 1 of 'serial_puts' differ in signedness [-Wpointer-sign]
    serial_puts(txt_life);
                ^~~~~~~~
In file included from ../src/main.h:29:0,
                 from ../src/main.c:36:
../src/serial.h:8:6: note: expected 'const volatile char *' but argument is of type 't_character * {aka unsigned char *}'
 void serial_puts(const volatile char *s);
      ^~~~~~~~~~~
../src/main.c:65:11: warning: unused variable 'time' [-Wunused-variable]
  uint32_t time = 25000;
           ^~~~
arm-atollic-eabi-gcc -o spaceinvader.elf Libraries/STM32F4xx_StdPeriph_Driver/src/misc.o Libraries/STM32F4xx_StdPeriph_Driver/src/stm32f4xx_adc.o Libraries/STM32F4xx_StdPeriph_Driver/src/stm32f4xx_can.o Libraries/STM32F4xx_StdPeriph_Driver/src/stm32f4xx_crc.o Libraries/STM32F4xx_StdPeriph_Driver/src/stm32f4xx_cryp.o Libraries/STM32F4xx_StdPeriph_Driver/src/stm32f4xx_cryp_aes.o Libraries/STM32F4xx_StdPeriph_Driver/src/stm32f4xx_cryp_des.o Libraries/STM32F4xx_StdPeriph_Driver/src/stm32f4xx_cryp_tdes.o Libraries/STM32F4xx_StdPeriph_Driver/src/stm32f4xx_dac.o Libraries/STM32F4xx_StdPeriph_Driver/src/stm32f4xx_dbgmcu.o Libraries/STM32F4xx_StdPeriph_Driver/src/stm32f4xx_dcmi.o Libraries/STM32F4xx_StdPeriph_Driver/src/stm32f4xx_dma.o Libraries/STM32F4xx_StdPeriph_Driver/src/stm32f4xx_dma2d.o Libraries/STM32F4xx_StdPeriph_Driver/src/stm32f4xx_exti.o Libraries/STM32F4xx_StdPeriph_Driver/src/stm32f4xx_flash.o Libraries/STM32F4xx_StdPeriph_Driver/src/stm32f4xx_fmc.o Libraries/STM32F4xx_StdPeriph_Driver/src/stm32f4xx_gpio.o Libraries/STM32F4xx_StdPeriph_Driver/src/stm32f4xx_hash.o Libraries/STM32F4xx_StdPeriph_Driver/src/stm32f4xx_hash_md5.o Libraries/STM32F4xx_StdPeriph_Driver/src/stm32f4xx_hash_sha1.o Libraries/STM32F4xx_StdPeriph_Driver/src/stm32f4xx_i2c.o Libraries/STM32F4xx_StdPeriph_Driver/src/stm32f4xx_iwdg.o Libraries/STM32F4xx_StdPeriph_Driver/src/stm32f4xx_ltdc.o Libraries/STM32F4xx_StdPeriph_Driver/src/stm32f4xx_pwr.o Libraries/STM32F4xx_StdPeriph_Driver/src/stm32f4xx_rcc.o Libraries/STM32F4xx_StdPeriph_Driver/src/stm32f4xx_rng.o Libraries/STM32F4xx_StdPeriph_Driver/src/stm32f4xx_rtc.o Libraries/STM32F4xx_StdPeriph_Driver/src/stm32f4xx_sai.o Libraries/STM32F4xx_StdPeriph_Driver/src/stm32f4xx_sdio.o Libraries/STM32F4xx_StdPeriph_Driver/src/stm32f4xx_spi.o Libraries/STM32F4xx_StdPeriph_Driver/src/stm32f4xx_syscfg.o Libraries/STM32F4xx_StdPeriph_Driver/src/stm32f4xx_tim.o Libraries/STM32F4xx_StdPeriph_Driver/src/stm32f4xx_usart.o Libraries/STM32F4xx_StdPeriph_Driver/src/stm32f4xx_wwdg.o src/enemy.o src/main.o src/serial.o src/startup_stm32f429x.o src/stm32f4xx_it.o src/system_stm32f4xx.o src/tiny_printf.o src/vt100.o -mthumb -mcpu=cortex-m4 -mfloat-abi=hard -mfpu=fpv4-sp-d16 -T../stm32f4_flash.ld -specs=nosys.specs -static -Wl,-cref,-u,Reset_Handler -Wl,-Map=spaceinvader.map -Wl,--gc-sections -Wl,--defsym=malloc_getpagesize_P=0x80 -Wl,--start-group -lc -lm -Wl,--end-group -specs=nano.specs 
/opt/Atollic_TrueSTUDIO_for_STM32_x86_64_9.3.0/ide/jre/bin/java -jar /opt/Atollic_TrueSTUDIO_for_STM32_x86_64_9.3.0/Tools/arm-atollic-reports.jar sizeinfo list spaceinvader.elf 
Generate build reports...
Print size information
   text	   data	    bss	    dec	    hex	filename
   6228	     28	   1056	   7312	   1c90	spaceinvader.elf
Print size information done
Generate listing file
Output sent to: spaceinvader.list
Generate listing file done
Generate build reports done
11:48:36 **** Incremental Build of configuration Debug for project spaceinvader ****
Info: Internal Builder is used for build
arm-atollic-eabi-gcc -c ../src/main.c -mthumb -mcpu=cortex-m4 -mfloat-abi=hard -mfpu=fpv4-sp-d16 -std=gnu11 -DSTM32F42_43xxx -DUSE_STDPERIPH_DRIVER -I../src -I../Libraries/CMSIS/Include -I../Libraries/Device/ST/STM32F4xx/Include -I../Libraries/STM32F4xx_StdPeriph_Driver/inc -O0 -ffunction-sections -fdata-sections -g -fstack-usage -Wall -specs=nano.specs -o src/main.o 
../src/main.c: In function 'main':
../src/main.c:124:16: warning: pointer targets in passing argument 1 of 'serial_puts' differ in signedness [-Wpointer-sign]
    serial_puts(txt_score);
                ^~~~~~~~~
In file included from ../src/main.h:29:0,
                 from ../src/main.c:36:
../src/serial.h:8:6: note: expected 'const volatile char *' but argument is of type 't_character * {aka unsigned char *}'
 void serial_puts(const volatile char *s);
      ^~~~~~~~~~~
../src/main.c:127:16: warning: pointer targets in passing argument 1 of 'serial_puts' differ in signedness [-Wpointer-sign]
    serial_puts(txt_life);
                ^~~~~~~~
In file included from ../src/main.h:29:0,
                 from ../src/main.c:36:
../src/serial.h:8:6: note: expected 'const volatile char *' but argument is of type 't_character * {aka unsigned char *}'
 void serial_puts(const volatile char *s);
      ^~~~~~~~~~~
../src/main.c:65:11: warning: unused variable 'time' [-Wunused-variable]
  uint32_t time = 25000;
           ^~~~
arm-atollic-eabi-gcc -o spaceinvader.elf Libraries/STM32F4xx_StdPeriph_Driver/src/misc.o Libraries/STM32F4xx_StdPeriph_Driver/src/stm32f4xx_adc.o Libraries/STM32F4xx_StdPeriph_Driver/src/stm32f4xx_can.o Libraries/STM32F4xx_StdPeriph_Driver/src/stm32f4xx_crc.o Libraries/STM32F4xx_StdPeriph_Driver/src/stm32f4xx_cryp.o Libraries/STM32F4xx_StdPeriph_Driver/src/stm32f4xx_cryp_aes.o Libraries/STM32F4xx_StdPeriph_Driver/src/stm32f4xx_cryp_des.o Libraries/STM32F4xx_StdPeriph_Driver/src/stm32f4xx_cryp_tdes.o Libraries/STM32F4xx_StdPeriph_Driver/src/stm32f4xx_dac.o Libraries/STM32F4xx_StdPeriph_Driver/src/stm32f4xx_dbgmcu.o Libraries/STM32F4xx_StdPeriph_Driver/src/stm32f4xx_dcmi.o Libraries/STM32F4xx_StdPeriph_Driver/src/stm32f4xx_dma.o Libraries/STM32F4xx_StdPeriph_Driver/src/stm32f4xx_dma2d.o Libraries/STM32F4xx_StdPeriph_Driver/src/stm32f4xx_exti.o Libraries/STM32F4xx_StdPeriph_Driver/src/stm32f4xx_flash.o Libraries/STM32F4xx_StdPeriph_Driver/src/stm32f4xx_fmc.o Libraries/STM32F4xx_StdPeriph_Driver/src/stm32f4xx_gpio.o Libraries/STM32F4xx_StdPeriph_Driver/src/stm32f4xx_hash.o Libraries/STM32F4xx_StdPeriph_Driver/src/stm32f4xx_hash_md5.o Libraries/STM32F4xx_StdPeriph_Driver/src/stm32f4xx_hash_sha1.o Libraries/STM32F4xx_StdPeriph_Driver/src/stm32f4xx_i2c.o Libraries/STM32F4xx_StdPeriph_Driver/src/stm32f4xx_iwdg.o Libraries/STM32F4xx_StdPeriph_Driver/src/stm32f4xx_ltdc.o Libraries/STM32F4xx_StdPeriph_Driver/src/stm32f4xx_pwr.o Libraries/STM32F4xx_StdPeriph_Driver/src/stm32f4xx_rcc.o Libraries/STM32F4xx_StdPeriph_Driver/src/stm32f4xx_rng.o Libraries/STM32F4xx_StdPeriph_Driver/src/stm32f4xx_rtc.o Libraries/STM32F4xx_StdPeriph_Driver/src/stm32f4xx_sai.o Libraries/STM32F4xx_StdPeriph_Driver/src/stm32f4xx_sdio.o Libraries/STM32F4xx_StdPeriph_Driver/src/stm32f4xx_spi.o Libraries/STM32F4xx_StdPeriph_Driver/src/stm32f4xx_syscfg.o Libraries/STM32F4xx_StdPeriph_Driver/src/stm32f4xx_tim.o Libraries/STM32F4xx_StdPeriph_Driver/src/stm32f4xx_usart.o Libraries/STM32F4xx_StdPeriph_Driver/src/stm32f4xx_wwdg.o src/enemy.o src/main.o src/serial.o src/startup_stm32f429x.o src/stm32f4xx_it.o src/system_stm32f4xx.o src/tiny_printf.o src/vt100.o -mthumb -mcpu=cortex-m4 -mfloat-abi=hard -mfpu=fpv4-sp-d16 -T../stm32f4_flash.ld -specs=nosys.specs -static -Wl,-cref,-u,Reset_Handler -Wl,-Map=spaceinvader.map -Wl,--gc-sections -Wl,--defsym=malloc_getpagesize_P=0x80 -Wl,--start-group -lc -lm -Wl,--end-group -specs=nano.specs 
/opt/Atollic_TrueSTUDIO_for_STM32_x86_64_9.3.0/ide/jre/bin/java -jar /opt/Atollic_TrueSTUDIO_for_STM32_x86_64_9.3.0/Tools/arm-atollic-reports.jar sizeinfo list spaceinvader.elf 
Generate build reports...
Print size information
   text	   data	    bss	    dec	    hex	filename
   6228	     28	   1056	   7312	   1c90	spaceinvader.elf
Print size information done
Generate listing file
Output sent to: spaceinvader.list
Generate listing file done
Generate build reports done
